******************************************************************************
                  TI ARM Linker PC v20.2.4                     
******************************************************************************
>> Linked Tue Jun 28 13:21:16 2022

OUTPUT FILE NAME:   <lab_6_7.out>
ENTRY POINT SYMBOL: "_c_int00_noargs"  address: 000061d9


MEMORY CONFIGURATION

         name            origin    length      used     unused   attr    fill
----------------------  --------  ---------  --------  --------  ----  --------
  FLASH                 00000000   00040000  00006717  000398e9  R  X
  SRAM                  20000000   00008000  00002351  00005caf  RW X


SEGMENT ALLOCATION MAP

run origin  load origin   length   init length attrs members
----------  ----------- ---------- ----------- ----- -------
00000000    00000000    00006720   00006720    r-x
  00000000    00000000    0000026c   0000026c    r-- .intvecs
  0000026c    0000026c    000061a0   000061a0    r-x .text
  00006410    00006410    000002a3   000002a3    r-- .const
  000066b8    000066b8    00000068   00000068    r-- .cinit
20000000    20000000    00002354   00000000    rw-
  20000000    20000000    0000026c   00000000    rw- .vtable
  2000026c    2000026c    00001441   00000000    rw- .bss
  200016b0    200016b0    00000800   00000000    rw- .stack
  20001eb0    20001eb0    00000400   00000000    rw- .sysmem
  200022b0    200022b0    000000a4   00000000    rw- .data


SECTION ALLOCATION MAP

 output                                  attributes/
section   page    origin      length       input sections
--------  ----  ----------  ----------   ----------------
.intvecs   0    00000000    0000026c     
                  00000000    0000026c     tm4c123gh6pm_startup_ccs.obj (.intvecs)

.text      0    0000026c    000061a0     
                  0000026c    00000c14     open_interface.obj (.text)
                  00000e80    00000a4e     rtsv7M4_T_le_v4SPD16_eabi.lib : _printfi.c.obj (.text:__TI_printfi)
                  000018ce    00000002                                   : _lock.c.obj (.text:_nop)
                  000018d0    000009c0                                   : e_pow.c.obj (.text:pow)
                  00002290    00000778     Lab6_template_extra_help.obj (.text)
                  00002a08    00000738     rtsv7M4_T_le_v4SPD16_eabi.lib : k_rem_pio2.c.obj (.text:__kernel_rem_pio2)
                  00003140    000005dc                                   : s_cos.c.obj (.text:cos)
                  0000371c    00000328     lcd.obj (.text)
                  00003a44    000002b0     ping.obj (.text)
                  00003cf4    00000270     rtsv7M4_T_le_v4SPD16_eabi.lib : _printfi.c.obj (.text:_pconv_a)
                  00003f64    00000248     Timer.obj (.text)
                  000041ac    00000218     uart_extra_help.obj (.text)
                  000043c4    000001e8     movement.obj (.text)
                  000045ac    000001d0     rtsv7M4_T_le_v4SPD16_eabi.lib : _printfi.c.obj (.text:_pconv_g)
                  0000477c    000001b6                                   : fd_add_t2.asm.obj (.text)
                  00004932    00000002                                   : div0.asm.obj (.text)
                  00004934    00000174                                   : k_sin.c.obj (.text:__kernel_sin)
                  00004aa8    0000016c                                   : k_cos.c.obj (.text:__kernel_cos)
                  00004c14    00000158                                   : e_sqrt.c.obj (.text:sqrt)
                  00004d6c    0000013c                                   : _printfi.c.obj (.text:_pconv_e)
                  00004ea8    00000136                                   : fd_div_t2.asm.obj (.text)
                  00004fde    00000002     --HOLE-- [fill = 0]
                  00004fe0    00000134     servo.obj (.text)
                  00005114    00000124     rtsv7M4_T_le_v4SPD16_eabi.lib : _printfi.c.obj (.text:fcvt)
                  00005238    00000110                                   : s_scalbn.c.obj (.text:scalbn)
                  00005348    00000100                                   : memory.c.obj (.text:aligned_alloc)
                  00005448    00000100     button.obj (.text)
                  00005548    000000fc     adc.obj (.text)
                  00005644    000000fc     rtsv7M4_T_le_v4SPD16_eabi.lib : fd_mul_t2.asm.obj (.text)
                  00005740    000000f8                                   : s_floor.c.obj (.text:floor)
                  00005838    000000e4                                   : memory.c.obj (.text:free)
                  0000591c    000000b1                                   : _printfi.c.obj (.text:_ltostr)
                  000059cd    00000001     --HOLE-- [fill = 0]
                  000059ce    0000009c                                   : memcpy_t2.asm.obj (.text)
                  00005a6a    00000096                                   : ull_div_t2.asm.obj (.text)
                  00005b00    00000086                                   : fd_cmp_t2.asm.obj (.text:__aeabi_cdcmple)
                  00005b86    00000086                                   : fd_cmp_t2.asm.obj (.text:__aeabi_cdrcmple)
                  00005c0c    0000007a                                   : memset_t2.asm.obj (.text)
                  00005c86    00000002     --HOLE-- [fill = 0]
                  00005c88    00000070                                   : memory.c.obj (.text:split)
                  00005cf8    0000006e                                   : _printfi.c.obj (.text:_mcpy)
                  00005d66    0000006e                                   : fd_tos_t2.asm.obj (.text)
                  00005dd4    00000068                                   : copy_decompress_lzss.c.obj (.text:decompress:lzss:__TI_decompress_lzss)
                  00005e3c    00000064                                   : s_frexp.c.obj (.text:frexp)
                  00005ea0    00000056                                   : _printfi.c.obj (.text:_pconv_f)
                  00005ef6    00000054                                   : _ltoa.c.obj (.text:__TI_ltoa)
                  00005f4a    00000052                                   : _printfi.c.obj (.text:_ecpy)
                  00005f9c    0000004c                                   : atoi.c.obj (.text:atoi)
                  00005fe8    00000048                                   : fd_toi_t2.asm.obj (.text)
                  00006030    00000044                                   : autoinit.c.obj (.text:__TI_auto_init_nobinit_nopinit:__TI_auto_init_nobinit_nopinit)
                  00006074    00000040                                   : sprintf.c.obj (.text:sprintf)
                  000060b4    00000040                                   : vsnprintf.c.obj (.text:vsnprintf)
                  000060f4    0000003e                                   : _printfi.c.obj (.text:_fcpy)
                  00006132    00000002     --HOLE-- [fill = 0]
                  00006134    00000038                                   : memory.c.obj (.text:calloc)
                  0000616c    00000038                                   : fs_tod_t2.asm.obj (.text)
                  000061a4    00000034     driverlib.lib : interrupt.obj (.text:IntRegister)
                  000061d8    00000034     rtsv7M4_T_le_v4SPD16_eabi.lib : boot_cortex_m.c.obj (.text:_c_int00_noargs:_c_int00_noargs)
                  0000620c    00000030                                   : vsnprintf.c.obj (.text:_outs)
                  0000623c    0000002e                                   : i_tofd_t2.asm.obj (.text)
                  0000626a    00000002     --HOLE-- [fill = 0]
                  0000626c    00000028                                   : memory.c.obj (.text:free_list_insert)
                  00006294    0000001c                                   : memory.c.obj (.text:free_list_remove)
                  000062b0    0000001c                                   : memccpy.c.obj (.text:memccpy)
                  000062cc    0000001a                                   : s_copysign.c.obj (.text:copysign)
                  000062e6    00000018                                   : vsnprintf.c.obj (.text:_outc)
                  000062fe    00000018                                   : sprintf.c.obj (.text:_outs)
                  00006316    00000018     open_interface.obj (.text:oi_parseInt)
                  0000632e    00000018     rtsv7M4_T_le_v4SPD16_eabi.lib : strcmp.c.obj (.text:strcmp)
                  00006346    00000016                                   : strchr.c.obj (.text:strchr)
                  0000635c    00000014                                   : strcpy.c.obj (.text:strcpy)
                  00006370    00000014                                   : strlen.c.obj (.text:strlen)
                  00006384    00000012                                   : wcslen.c.obj (.text:wcslen)
                  00006396    00000010     driverlib.lib : interrupt.obj (.text:IntMasterEnable)
                  000063a6    00000010     lcd.obj (.text:lcd_clear)
                  000063b6    0000000e     rtsv7M4_T_le_v4SPD16_eabi.lib : copy_decompress_none.c.obj (.text:decompress:none:__TI_decompress_none)
                  000063c4    0000000c     driverlib.lib : cpu.obj (.text:CPUcpsie)
                  000063d0    0000000c     rtsv7M4_T_le_v4SPD16_eabi.lib : copy_zero_init.c.obj (.text:decompress:ZI:__TI_zero_init)
                  000063dc    0000000c     tm4c123gh6pm_startup_ccs.obj (.text)
                  000063e8    0000000a     rtsv7M4_T_le_v4SPD16_eabi.lib : sprintf.c.obj (.text:_outc)
                  000063f2    00000002     --HOLE-- [fill = 0]
                  000063f4    00000008                                   : errno.c.obj (.text:__aeabi_errno_addr)
                  000063fc    00000008                                   : memory.c.obj (.text:malloc)
                  00006404    00000004                                   : pre_init.c.obj (.text:_system_pre_init)
                  00006408    00000004                                   : exit.c.obj (.text:abort:abort)

.const     0    00006410    000002a3     
                  00006410    00000158     rtsv7M4_T_le_v4SPD16_eabi.lib : k_rem_pio2.c.obj (.const:$O1$$)
                  00006568    00000101                                   : ctype.c.obj (.const:.string:_ctypes_)
                  00006669    00000004     lcd.obj (.const:.string:lineAddress$1)
                  0000666d    00000003     --HOLE-- [fill = 0]
                  00006670    00000030     rtsv7M4_T_le_v4SPD16_eabi.lib : e_pow.c.obj (.const:$O1$$)
                  000066a0    0000000f     open_interface.obj (.const:.string:$P$T0$3)
                  000066af    00000004     lcd.obj (.const:.string:lineAddresses$2)

.cinit     0    000066b8    00000068     
                  000066b8    0000002e     (.cinit..data.load) [load image, compression = lzss]
                  000066e6    00000002     --HOLE-- [fill = 0]
                  000066e8    0000000c     (__TI_handler_table)
                  000066f4    00000004     --HOLE-- [fill = 0]
                  000066f8    00000008     (.cinit..bss.load) [load image, compression = zero_init]
                  00006700    00000008     (.cinit..vtable.load) [load image, compression = zero_init]
                  00006708    00000018     (__TI_cinit_table)

.init_array 
*          0    00000000    00000000     UNINITIALIZED

.vtable    0    20000000    0000026c     UNINITIALIZED
                  20000000    0000026c     driverlib.lib : interrupt.obj (.vtable)

.bss       0    2000026c    00001441     UNINITIALIZED
                  2000026c    000003e8     (.common:str)
                  20000654    000003e8     (.common:str1)
                  20000a3c    000003e8     (.common:str2)
                  20000e24    000003e8     (.common:str3)
                  2000120c    0000016c     (.common:data)
                  20001378    0000016c     (.common:dist)
                  200014e4    00000140     (.common:objects)
                  20001624    00000054     lcd.obj (.bss:lastbuffer$3)
                  20001678    00000018     open_interface.obj (.bss:firmware$2)
                  20001690    00000004     (.common:_timeout_ticks)
                  20001694    00000004     (.common:c)
                  20001698    00000004     (.common:clockCyclePeriod)
                  2000169c    00000004     (.common:i)
                  200016a0    00000004     (.common:j)
                  200016a4    00000004     (.common:left_calibration_value)
                  200016a8    00000004     (.common:right_calibration_value)
                  200016ac    00000001     (.common:uart_data)

.stack     0    200016b0    00000800     UNINITIALIZED
                  200016b0    00000004     rtsv7M4_T_le_v4SPD16_eabi.lib : boot_cortex_m.c.obj (.stack)
                  200016b4    000007fc     --HOLE--

.sysmem    0    20001eb0    00000400     UNINITIALIZED
                  20001eb0    00000010     rtsv7M4_T_le_v4SPD16_eabi.lib : memory.c.obj (.sysmem)
                  20001ec0    000003f0     --HOLE--

.data      0    200022b0    000000a4     UNINITIALIZED
                  200022b0    00000048     Lab6_template_extra_help.obj (.data)
                  200022f8    00000020     open_interface.obj (.data)
                  20002318    00000018     ping.obj (.data)
                  20002330    00000009     button.obj (.data)
                  20002339    00000001     Timer.obj (.data)
                  2000233a    00000002     --HOLE--
                  2000233c    00000008     rtsv7M4_T_le_v4SPD16_eabi.lib : _lock.c.obj (.data:$O1$$)
                  20002344    00000008                                   : memory.c.obj (.data:$O1$$)
                  2000234c    00000004                                   : errno.c.obj (.data)
                  20002350    00000004     servo.obj (.data)

__llvm_prf_cnts 
*          0    20000000    00000000     UNINITIALIZED

MODULE SUMMARY

       Module                         code    ro data   rw data
       ------                         ----    -------   -------
    .\
       Lab6_template_extra_help.obj   1912    0         5141   
       open_interface.obj             3116    15        56     
       lcd.obj                        824     8         84     
       ping.obj                       688     0         28     
       tm4c123gh6pm_startup_ccs.obj   12      620       0      
       Timer.obj                      584     0         5      
       uart_extra_help.obj            536     0         0      
       movement.obj                   488     0         0      
       servo.obj                      308     0         4      
       button.obj                     256     0         9      
       adc.obj                        252     0         0      
    +--+------------------------------+-------+---------+---------+
       Total:                         8976    643       5327   
                                                               
    C:/ti/TivaWare_C_Series-2.1.4.178/driverlib/ccs/Debug/driverlib.lib
       interrupt.obj                  68      0         620    
       cpu.obj                        12      0         0      
    +--+------------------------------+-------+---------+---------+
       Total:                         80      0         620    
                                                               
    C:\ti\ccs1031\ccs\tools\compiler\ti-cgt-arm_20.2.4.LTS\lib\rtsv7M4_T_le_v4SPD16_eabi.lib
       _printfi.c.obj                 4851    0         0      
       e_pow.c.obj                    2496    48        0      
       k_rem_pio2.c.obj               1848    344       0      
       s_cos.c.obj                    1500    0         0      
       memory.c.obj                   728     0         8      
       fd_add_t2.asm.obj              438     0         0      
       k_sin.c.obj                    372     0         0      
       k_cos.c.obj                    364     0         0      
       e_sqrt.c.obj                   344     0         0      
       fd_div_t2.asm.obj              310     0         0      
       s_scalbn.c.obj                 272     0         0      
       fd_cmp_t2.asm.obj              268     0         0      
       ctype.c.obj                    0       257       0      
       fd_mul_t2.asm.obj              252     0         0      
       s_floor.c.obj                  248     0         0      
       memcpy_t2.asm.obj              156     0         0      
       ull_div_t2.asm.obj             150     0         0      
       vsnprintf.c.obj                136     0         0      
       memset_t2.asm.obj              122     0         0      
       fd_tos_t2.asm.obj              110     0         0      
       copy_decompress_lzss.c.obj     104     0         0      
       s_frexp.c.obj                  100     0         0      
       sprintf.c.obj                  98      0         0      
       _ltoa.c.obj                    84      0         0      
       atoi.c.obj                     76      0         0      
       fd_toi_t2.asm.obj              72      0         0      
       autoinit.c.obj                 68      0         0      
       fs_tod_t2.asm.obj              56      0         0      
       boot_cortex_m.c.obj            52      0         0      
       i_tofd_t2.asm.obj              46      0         0      
       memccpy.c.obj                  28      0         0      
       s_copysign.c.obj               26      0         0      
       strcmp.c.obj                   24      0         0      
       strchr.c.obj                   22      0         0      
       strcpy.c.obj                   20      0         0      
       strlen.c.obj                   20      0         0      
       wcslen.c.obj                   18      0         0      
       copy_decompress_none.c.obj     14      0         0      
       copy_zero_init.c.obj           12      0         0      
       errno.c.obj                    8       0         4      
       _lock.c.obj                    2       0         8      
       exit.c.obj                     4       0         0      
       pre_init.c.obj                 4       0         0      
       div0.asm.obj                   2       0         0      
    +--+------------------------------+-------+---------+---------+
       Total:                         15925   649       20     
                                                               
       Heap:                          0       0         1024   
       Stack:                         0       0         2048   
       Linker Generated:              0       98        0      
    +--+------------------------------+-------+---------+---------+
       Grand Total:                   24981   1390      9039   


LINKER GENERATED COPY TABLES

__TI_cinit_table @ 00006708 records: 3, size/record: 8, table size: 24
	.data: load addr=000066b8, load size=0000002e bytes, run addr=200022b0, run size=000000a4 bytes, compression=lzss
	.bss: load addr=000066f8, load size=00000008 bytes, run addr=2000026c, run size=00001441 bytes, compression=zero_init
	.vtable: load addr=00006700, load size=00000008 bytes, run addr=20000000, run size=0000026c bytes, compression=zero_init


LINKER GENERATED HANDLER TABLE

__TI_handler_table @ 000066e8 records: 3, size/record: 4, table size: 12
	index: 0, handler: __TI_zero_init
	index: 1, handler: __TI_decompress_lzss
	index: 2, handler: __TI_decompress_none


GLOBAL SYMBOLS: SORTED ALPHABETICALLY BY Name 

address   name                          
-------   ----                          
00006409  C$$EXIT                       
000063c5  CPUcpsie                      
00000bb5  GPIOF_Handler                 
200022b0  IR_dist                       
00006397  IntMasterEnable               
000061a5  IntRegister                   
000063dd  ResetISR                      
20001eb0  __STACK_END                   
00000800  __STACK_SIZE                  
200018b0  __STACK_TOP                   
00000400  __SYSMEM_SIZE                 
00006708  __TI_CINIT_Base               
00006720  __TI_CINIT_Limit              
000066e8  __TI_Handler_Table_Base       
000066f4  __TI_Handler_Table_Limit      
00006031  __TI_auto_init_nobinit_nopinit
00005dd5  __TI_decompress_lzss          
000063b7  __TI_decompress_none          
00005ef7  __TI_ltoa                     
ffffffff  __TI_pprof_out_hndl           
00000e81  __TI_printfi                  
ffffffff  __TI_prof_data_size           
ffffffff  __TI_prof_data_start          
00000000  __TI_static_base__            
000063d1  __TI_zero_init                
00005b01  __aeabi_cdcmpeq               
00005b01  __aeabi_cdcmple               
00005b87  __aeabi_cdrcmple              
00005d67  __aeabi_d2f                   
00005fe9  __aeabi_d2iz                  
00004787  __aeabi_dadd                  
00004ea9  __aeabi_ddiv                  
00005645  __aeabi_dmul                  
0000477d  __aeabi_dsub                  
000063f5  __aeabi_errno_addr            
0000616d  __aeabi_f2d                   
0000623d  __aeabi_i2d                   
00004933  __aeabi_idiv0                 
00004933  __aeabi_ldiv0                 
00005c0d  __aeabi_memclr                
00005c0d  __aeabi_memclr4               
00005c0d  __aeabi_memclr8               
000059cf  __aeabi_memcpy                
000059cf  __aeabi_memcpy4               
000059cf  __aeabi_memcpy8               
00005c0f  __aeabi_memset                
00005c0f  __aeabi_memset4               
00005c0f  __aeabi_memset8               
00005a6b  __aeabi_uldivmod              
ffffffff  __binit__                     
ffffffff  __c_args__                    
00004aa9  __kernel_cos                  
00002a09  __kernel_rem_pio2             
00004935  __kernel_sin                  
UNDEFED   __mpu_init                    
200016b0  __stack                       
20000000  __start___llvm_prf_cnts       
20000000  __stop___llvm_prf_cnts        
000061d9  _c_int00_noargs               
00006568  _ctypes_                      
2000233c  _lock                         
000018cf  _nop                          
20002339  _running                      
20001eb0  _sys_memory                   
UNDEFED   _system_post_cinit            
00006405  _system_pre_init              
20001690  _timeout_ticks                
20002340  _unlock                       
00006409  abort                         
00005549  adc_init                      
000055cd  adc_read                      
00005349  aligned_alloc                 
00005f9d  atoi                          
ffffffff  binit                         
200022f4  button                        
20002330  button_event                  
000054df  button_getButton              
00005449  button_init                   
20002334  button_num                    
20001694  c                             
00006135  calloc                        
200022ec  ch                            
20002320  clockCycleCount               
20001698  clockCyclePeriod              
0000457d  collision_detection           
000062cd  copysign                      
000062cd  copysignl                     
00003141  cos                           
00003141  cosl                          
200022f0  count                         
200022bc  currentRadialSize             
2000120c  data                          
00002291  detect                        
20001378  dist                          
20002324  edge                          
200022b8  endIndex                      
2000231c  endPeriod                     
2000234c  errno                         
00005741  floor                         
00005741  floorl                        
200022dc  found                         
00005839  free                          
00005e3d  frexp                         
00005e3d  frexpl                        
20000000  g_pfnRAMVectors               
00000000  g_pfnVectors                  
000054c7  gpioe_handler                 
2000169c  i                             
200022d8  index                         
00005483  init_button_interrupts        
20002328  interrupt_control             
200016a0  j                             
000063a7  lcd_clear                     
000038f1  lcd_gotoLine                  
00003759  lcd_init                      
00003957  lcd_printf                    
00003819  lcd_putc                      
00003851  lcd_puts                      
0000371d  lcd_reverseNibble             
0000386f  lcd_sendCommand               
000038ad  lcd_sendNibble                
00003919  lcd_setCursorPos              
00005239  ldexp                         
00005239  ldexpl                        
200016a4  left_calibration_value        
000027f5  main                          
000063fd  malloc                        
200022e8  measure                       
00005349  memalign                      
000062b1  memccpy                       
000059cf  memcpy                        
00005c15  memset                        
200022d4  minIndex                      
200022d0  minSize                       
200022f8  motor_cal_factor_L            
200022fc  motor_cal_factor_R            
00004429  moveBackward                  
000043c5  moveForward                   
200022e0  notFound                      
200014e4  objects                       
0000026d  oi_alloc                      
00000a9b  oi_checkFirmware              
000002c7  oi_close                      
00000279  oi_free                       
00000de1  oi_getMotorCalibrationLeft    
00000df5  oi_getMotorCalibrationRight   
000002b1  oi_init                       
00000289  oi_init_noupdate              
00000915  oi_loadSong                   
00006317  oi_parseInt                   
0000032b  oi_parsePacket                
0000096b  oi_play_song                  
0000084b  oi_setLeds                    
00000da5  oi_setMotorCalibration        
0000088f  oi_setWheels                  
00000b43  oi_shutoff_init               
0000097f  oi_uartInit                   
00000a23  oi_uartReceive                
00000a69  oi_uartSendBuff               
00000a07  oi_uartSendChar               
00000a4b  oi_uartSendStr                
000002d9  oi_update                     
200022c8  otherAngle                    
2000232c  overflow                      
20002350  period                        
00003b29  ping_activate                 
00003a45  ping_initialize               
00003bdd  ping_read                     
000018d1  pow                           
000018d1  powl                          
200022c0  radialAngle                   
200016a8  right_calibration_value       
00005239  scalbn                        
00005239  scalbnl                       
000050d1  servo_calibrate               
00004fe1  servo_init                    
00005085  servo_move                    
00006075  sprintf                       
00004c15  sqrt                          
00004c15  sqrtl                         
200022b4  startIndex                    
20002318  startPeriod                   
2000026c  str                           
20000654  str1                          
20000a3c  str2                          
20000e24  str3                          
00006347  strchr                        
0000632f  strcmp                        
0000635d  strcpy                        
00006371  strlen                        
200022ed  swap                          
00004083  timer_getMicros               
0000402b  timer_getMillis               
00003ba1  timer_handler                 
00003f65  timer_init                    
00004007  timer_pause                   
00004019  timer_resume                  
00003fdd  timer_stop                    
000040dd  timer_waitMicros              
0000410f  timer_waitMillis              
200022e4  total                         
00004517  turnLeft                      
000044a1  turnRight                     
200016ac  uart_data                     
000041ad  uart_init                     
000042f7  uart_interrupt_handler        
000042d7  uart_interrupt_init           
00004287  uart_receive                  
0000426b  uart_sendChar                 
000042ad  uart_sendStr                  
000060b5  vsnprintf                     
00006385  wcslen                        


GLOBAL SYMBOLS: SORTED BY Symbol Address 

address   name                          
-------   ----                          
00000000  __TI_static_base__            
00000000  g_pfnVectors                  
0000026d  oi_alloc                      
00000279  oi_free                       
00000289  oi_init_noupdate              
000002b1  oi_init                       
000002c7  oi_close                      
000002d9  oi_update                     
0000032b  oi_parsePacket                
00000400  __SYSMEM_SIZE                 
00000800  __STACK_SIZE                  
0000084b  oi_setLeds                    
0000088f  oi_setWheels                  
00000915  oi_loadSong                   
0000096b  oi_play_song                  
0000097f  oi_uartInit                   
00000a07  oi_uartSendChar               
00000a23  oi_uartReceive                
00000a4b  oi_uartSendStr                
00000a69  oi_uartSendBuff               
00000a9b  oi_checkFirmware              
00000b43  oi_shutoff_init               
00000bb5  GPIOF_Handler                 
00000da5  oi_setMotorCalibration        
00000de1  oi_getMotorCalibrationLeft    
00000df5  oi_getMotorCalibrationRight   
00000e81  __TI_printfi                  
000018cf  _nop                          
000018d1  pow                           
000018d1  powl                          
00002291  detect                        
000027f5  main                          
00002a09  __kernel_rem_pio2             
00003141  cos                           
00003141  cosl                          
0000371d  lcd_reverseNibble             
00003759  lcd_init                      
00003819  lcd_putc                      
00003851  lcd_puts                      
0000386f  lcd_sendCommand               
000038ad  lcd_sendNibble                
000038f1  lcd_gotoLine                  
00003919  lcd_setCursorPos              
00003957  lcd_printf                    
00003a45  ping_initialize               
00003b29  ping_activate                 
00003ba1  timer_handler                 
00003bdd  ping_read                     
00003f65  timer_init                    
00003fdd  timer_stop                    
00004007  timer_pause                   
00004019  timer_resume                  
0000402b  timer_getMillis               
00004083  timer_getMicros               
000040dd  timer_waitMicros              
0000410f  timer_waitMillis              
000041ad  uart_init                     
0000426b  uart_sendChar                 
00004287  uart_receive                  
000042ad  uart_sendStr                  
000042d7  uart_interrupt_init           
000042f7  uart_interrupt_handler        
000043c5  moveForward                   
00004429  moveBackward                  
000044a1  turnRight                     
00004517  turnLeft                      
0000457d  collision_detection           
0000477d  __aeabi_dsub                  
00004787  __aeabi_dadd                  
00004933  __aeabi_idiv0                 
00004933  __aeabi_ldiv0                 
00004935  __kernel_sin                  
00004aa9  __kernel_cos                  
00004c15  sqrt                          
00004c15  sqrtl                         
00004ea9  __aeabi_ddiv                  
00004fe1  servo_init                    
00005085  servo_move                    
000050d1  servo_calibrate               
00005239  ldexp                         
00005239  ldexpl                        
00005239  scalbn                        
00005239  scalbnl                       
00005349  aligned_alloc                 
00005349  memalign                      
00005449  button_init                   
00005483  init_button_interrupts        
000054c7  gpioe_handler                 
000054df  button_getButton              
00005549  adc_init                      
000055cd  adc_read                      
00005645  __aeabi_dmul                  
00005741  floor                         
00005741  floorl                        
00005839  free                          
000059cf  __aeabi_memcpy                
000059cf  __aeabi_memcpy4               
000059cf  __aeabi_memcpy8               
000059cf  memcpy                        
00005a6b  __aeabi_uldivmod              
00005b01  __aeabi_cdcmpeq               
00005b01  __aeabi_cdcmple               
00005b87  __aeabi_cdrcmple              
00005c0d  __aeabi_memclr                
00005c0d  __aeabi_memclr4               
00005c0d  __aeabi_memclr8               
00005c0f  __aeabi_memset                
00005c0f  __aeabi_memset4               
00005c0f  __aeabi_memset8               
00005c15  memset                        
00005d67  __aeabi_d2f                   
00005dd5  __TI_decompress_lzss          
00005e3d  frexp                         
00005e3d  frexpl                        
00005ef7  __TI_ltoa                     
00005f9d  atoi                          
00005fe9  __aeabi_d2iz                  
00006031  __TI_auto_init_nobinit_nopinit
00006075  sprintf                       
000060b5  vsnprintf                     
00006135  calloc                        
0000616d  __aeabi_f2d                   
000061a5  IntRegister                   
000061d9  _c_int00_noargs               
0000623d  __aeabi_i2d                   
000062b1  memccpy                       
000062cd  copysign                      
000062cd  copysignl                     
00006317  oi_parseInt                   
0000632f  strcmp                        
00006347  strchr                        
0000635d  strcpy                        
00006371  strlen                        
00006385  wcslen                        
00006397  IntMasterEnable               
000063a7  lcd_clear                     
000063b7  __TI_decompress_none          
000063c5  CPUcpsie                      
000063d1  __TI_zero_init                
000063dd  ResetISR                      
000063f5  __aeabi_errno_addr            
000063fd  malloc                        
00006405  _system_pre_init              
00006409  C$$EXIT                       
00006409  abort                         
00006568  _ctypes_                      
000066e8  __TI_Handler_Table_Base       
000066f4  __TI_Handler_Table_Limit      
00006708  __TI_CINIT_Base               
00006720  __TI_CINIT_Limit              
20000000  __start___llvm_prf_cnts       
20000000  __stop___llvm_prf_cnts        
20000000  g_pfnRAMVectors               
2000026c  str                           
20000654  str1                          
20000a3c  str2                          
20000e24  str3                          
2000120c  data                          
20001378  dist                          
200014e4  objects                       
20001690  _timeout_ticks                
20001694  c                             
20001698  clockCyclePeriod              
2000169c  i                             
200016a0  j                             
200016a4  left_calibration_value        
200016a8  right_calibration_value       
200016ac  uart_data                     
200016b0  __stack                       
200018b0  __STACK_TOP                   
20001eb0  __STACK_END                   
20001eb0  _sys_memory                   
200022b0  IR_dist                       
200022b4  startIndex                    
200022b8  endIndex                      
200022bc  currentRadialSize             
200022c0  radialAngle                   
200022c8  otherAngle                    
200022d0  minSize                       
200022d4  minIndex                      
200022d8  index                         
200022dc  found                         
200022e0  notFound                      
200022e4  total                         
200022e8  measure                       
200022ec  ch                            
200022ed  swap                          
200022f0  count                         
200022f4  button                        
200022f8  motor_cal_factor_L            
200022fc  motor_cal_factor_R            
20002318  startPeriod                   
2000231c  endPeriod                     
20002320  clockCycleCount               
20002324  edge                          
20002328  interrupt_control             
2000232c  overflow                      
20002330  button_event                  
20002334  button_num                    
20002339  _running                      
2000233c  _lock                         
20002340  _unlock                       
2000234c  errno                         
20002350  period                        
ffffffff  __TI_pprof_out_hndl           
ffffffff  __TI_prof_data_size           
ffffffff  __TI_prof_data_start          
ffffffff  __binit__                     
ffffffff  __c_args__                    
ffffffff  binit                         
UNDEFED   __mpu_init                    
UNDEFED   _system_post_cinit            

[212 symbols]
