******************************************************************************
                  TI ARM Linker PC v20.2.4                     
******************************************************************************
>> Linked Sun Jul  3 16:29:32 2022

OUTPUT FILE NAME:   <lab_6_7.out>
ENTRY POINT SYMBOL: "_c_int00_noargs"  address: 000057b5


MEMORY CONFIGURATION

         name            origin    length      used     unused   attr    fill
----------------------  --------  ---------  --------  --------  ----  --------
  FLASH                 00000000   00040000  00005c80  0003a380  R  X
  SRAM                  20000000   00008000  00001f46  000060ba  RW X


SEGMENT ALLOCATION MAP

run origin  load origin   length   init length attrs members
----------  ----------- ---------- ----------- ----- -------
00000000    00000000    00005c80   00005c80    r-x
  00000000    00000000    0000026c   0000026c    r-- .intvecs
  0000026c    0000026c    0000577c   0000577c    r-x .text
  000059e8    000059e8    00000230   00000230    r-- .const
  00005c18    00005c18    00000068   00000068    r-- .cinit
20000000    20000000    00001f48   00000000    rw-
  20000000    20000000    0000026c   00000000    rw- .vtable
  2000026c    2000026c    00001022   00000000    rw- .bss
  20001290    20001290    00000800   00000000    rw- .stack
  20001a90    20001a90    00000400   00000000    rw- .sysmem
  20001e90    20001e90    000000b8   00000000    rw- .data


SECTION ALLOCATION MAP

 output                                  attributes/
section   page    origin      length       input sections
--------  ----  ----------  ----------   ----------------
.intvecs   0    00000000    0000026c     
                  00000000    0000026c     tm4c123gh6pm_startup_ccs.obj (.intvecs)

.text      0    0000026c    0000577c     
                  0000026c    00000c14     open_interface.obj (.text)
                  00000e80    00000a4e     rtsv7M4_T_le_v4SPD16_eabi.lib : _printfi.c.obj (.text:__TI_printfi)
                  000018ce    00000002                                   : _lock.c.obj (.text:_nop)
                  000018d0    000009ec     Lab6_template_extra_help.obj (.text)
                  000022bc    000009c0     rtsv7M4_T_le_v4SPD16_eabi.lib : e_pow.c.obj (.text:pow)
                  00002c7c    0000063c     movement.obj (.text)
                  000032b8    00000328     lcd.obj (.text)
                  000035e0    000002b0     ping.obj (.text)
                  00003890    00000270     rtsv7M4_T_le_v4SPD16_eabi.lib : _printfi.c.obj (.text:_pconv_a)
                  00003b00    00000248     Timer.obj (.text)
                  00003d48    00000218     uart_extra_help.obj (.text)
                  00003f60    000001d0     rtsv7M4_T_le_v4SPD16_eabi.lib : _printfi.c.obj (.text:_pconv_g)
                  00004130    000001b6                                   : fd_add_t2.asm.obj (.text)
                  000042e6    00000002                                   : div0.asm.obj (.text)
                  000042e8    00000158                                   : e_sqrt.c.obj (.text:sqrt)
                  00004440    0000013c                                   : _printfi.c.obj (.text:_pconv_e)
                  0000457c    00000136                                   : fd_div_t2.asm.obj (.text)
                  000046b2    00000002     --HOLE-- [fill = 0]
                  000046b4    00000134     servo.obj (.text)
                  000047e8    00000124     rtsv7M4_T_le_v4SPD16_eabi.lib : _printfi.c.obj (.text:fcvt)
                  0000490c    00000110                                   : s_scalbn.c.obj (.text:scalbn)
                  00004a1c    00000100                                   : memory.c.obj (.text:aligned_alloc)
                  00004b1c    00000100     button.obj (.text)
                  00004c1c    000000fc     adc.obj (.text)
                  00004d18    000000fc     rtsv7M4_T_le_v4SPD16_eabi.lib : fd_mul_t2.asm.obj (.text)
                  00004e14    000000e4                                   : memory.c.obj (.text:free)
                  00004ef8    000000b1                                   : _printfi.c.obj (.text:_ltostr)
                  00004fa9    00000001     --HOLE-- [fill = 0]
                  00004faa    0000009c                                   : memcpy_t2.asm.obj (.text)
                  00005046    00000096                                   : ull_div_t2.asm.obj (.text)
                  000050dc    00000086                                   : fd_cmp_t2.asm.obj (.text:__aeabi_cdcmple)
                  00005162    00000086                                   : fd_cmp_t2.asm.obj (.text:__aeabi_cdrcmple)
                  000051e8    0000007a                                   : memset_t2.asm.obj (.text)
                  00005262    00000002     --HOLE-- [fill = 0]
                  00005264    00000070                                   : memory.c.obj (.text:split)
                  000052d4    0000006e                                   : _printfi.c.obj (.text:_mcpy)
                  00005342    0000006e                                   : fd_tos_t2.asm.obj (.text)
                  000053b0    00000068                                   : copy_decompress_lzss.c.obj (.text:decompress:lzss:__TI_decompress_lzss)
                  00005418    00000064                                   : s_frexp.c.obj (.text:frexp)
                  0000547c    00000056                                   : _printfi.c.obj (.text:_pconv_f)
                  000054d2    00000054                                   : _ltoa.c.obj (.text:__TI_ltoa)
                  00005526    00000052                                   : _printfi.c.obj (.text:_ecpy)
                  00005578    0000004c                                   : atoi.c.obj (.text:atoi)
                  000055c4    00000048                                   : fd_toi_t2.asm.obj (.text)
                  0000560c    00000044                                   : autoinit.c.obj (.text:__TI_auto_init_nobinit_nopinit:__TI_auto_init_nobinit_nopinit)
                  00005650    00000040                                   : sprintf.c.obj (.text:sprintf)
                  00005690    00000040                                   : vsnprintf.c.obj (.text:vsnprintf)
                  000056d0    0000003e                                   : _printfi.c.obj (.text:_fcpy)
                  0000570e    00000002     --HOLE-- [fill = 0]
                  00005710    00000038                                   : memory.c.obj (.text:calloc)
                  00005748    00000038                                   : fs_tod_t2.asm.obj (.text)
                  00005780    00000034     driverlib.lib : interrupt.obj (.text:IntRegister)
                  000057b4    00000034     rtsv7M4_T_le_v4SPD16_eabi.lib : boot_cortex_m.c.obj (.text:_c_int00_noargs:_c_int00_noargs)
                  000057e8    00000030                                   : vsnprintf.c.obj (.text:_outs)
                  00005818    0000002e                                   : i_tofd_t2.asm.obj (.text)
                  00005846    00000002     --HOLE-- [fill = 0]
                  00005848    00000028                                   : memory.c.obj (.text:free_list_insert)
                  00005870    0000001c                                   : memory.c.obj (.text:free_list_remove)
                  0000588c    0000001c                                   : memccpy.c.obj (.text:memccpy)
                  000058a8    0000001a                                   : s_copysign.c.obj (.text:copysign)
                  000058c2    00000018                                   : vsnprintf.c.obj (.text:_outc)
                  000058da    00000018                                   : sprintf.c.obj (.text:_outs)
                  000058f2    00000018     open_interface.obj (.text:oi_parseInt)
                  0000590a    00000018     rtsv7M4_T_le_v4SPD16_eabi.lib : strcmp.c.obj (.text:strcmp)
                  00005922    00000016                                   : strchr.c.obj (.text:strchr)
                  00005938    00000014                                   : strcpy.c.obj (.text:strcpy)
                  0000594c    00000014                                   : strlen.c.obj (.text:strlen)
                  00005960    00000012                                   : wcslen.c.obj (.text:wcslen)
                  00005972    00000010     driverlib.lib : interrupt.obj (.text:IntMasterEnable)
                  00005982    00000010     lcd.obj (.text:lcd_clear)
                  00005992    0000000e     rtsv7M4_T_le_v4SPD16_eabi.lib : copy_decompress_none.c.obj (.text:decompress:none:__TI_decompress_none)
                  000059a0    0000000c     driverlib.lib : cpu.obj (.text:CPUcpsie)
                  000059ac    0000000c     rtsv7M4_T_le_v4SPD16_eabi.lib : copy_zero_init.c.obj (.text:decompress:ZI:__TI_zero_init)
                  000059b8    0000000c     tm4c123gh6pm_startup_ccs.obj (.text)
                  000059c4    0000000a     rtsv7M4_T_le_v4SPD16_eabi.lib : sprintf.c.obj (.text:_outc)
                  000059ce    00000002     --HOLE-- [fill = 0]
                  000059d0    00000008                                   : errno.c.obj (.text:__aeabi_errno_addr)
                  000059d8    00000008                                   : memory.c.obj (.text:malloc)
                  000059e0    00000004                                   : pre_init.c.obj (.text:_system_pre_init)
                  000059e4    00000004                                   : exit.c.obj (.text:abort:abort)

.const     0    000059e8    00000230     
                  000059e8    00000101     rtsv7M4_T_le_v4SPD16_eabi.lib : ctype.c.obj (.const:.string:_ctypes_)
                  00005ae9    00000041     movement.obj (.const:.string:$P$T6$7)
                  00005b2a    00000041     movement.obj (.const:.string:$P$T7$8)
                  00005b6b    00000031     movement.obj (.const:.string:$P$T4$5)
                  00005b9c    00000031     movement.obj (.const:.string:$P$T5$6)
                  00005bcd    00000001     movement.obj (.const:.string:$P$T0$1)
                  00005bce    00000001     movement.obj (.const:.string:$P$T1$2)
                  00005bcf    00000001     movement.obj (.const:.string:$P$T2$3)
                  00005bd0    00000030     rtsv7M4_T_le_v4SPD16_eabi.lib : e_pow.c.obj (.const:$O1$$)
                  00005c00    0000000f     open_interface.obj (.const:.string:$P$T0$3)
                  00005c0f    00000004     lcd.obj (.const:.string:lineAddress$1)
                  00005c13    00000004     lcd.obj (.const:.string:lineAddresses$2)
                  00005c17    00000001     movement.obj (.const:.string:$P$T3$4)

.cinit     0    00005c18    00000068     
                  00005c18    00000030     (.cinit..data.load) [load image, compression = lzss]
                  00005c48    0000000c     (__TI_handler_table)
                  00005c54    00000004     --HOLE-- [fill = 0]
                  00005c58    00000008     (.cinit..bss.load) [load image, compression = zero_init]
                  00005c60    00000008     (.cinit..vtable.load) [load image, compression = zero_init]
                  00005c68    00000018     (__TI_cinit_table)

.init_array 
*          0    00000000    00000000     UNINITIALIZED

.vtable    0    20000000    0000026c     UNINITIALIZED
                  20000000    0000026c     driverlib.lib : interrupt.obj (.vtable)

.bss       0    2000026c    00001022     UNINITIALIZED
                  2000026c    000003e8     (.common:str)
                  20000654    000003e8     (.common:str1)
                  20000a3c    000003e8     (.common:str2)
                  20000e24    000003e8     (.common:str4)
                  2000120c    00000054     lcd.obj (.bss:lastbuffer$3)
                  20001260    00000018     open_interface.obj (.bss:firmware$2)
                  20001278    00000004     (.common:_timeout_ticks)
                  2000127c    00000004     (.common:clockCyclePeriod)
                  20001280    00000004     (.common:i)
                  20001284    00000004     (.common:min)
                  20001288    00000004     (.common:q)
                  2000128c    00000001     (.common:select)
                  2000128d    00000001     (.common:uart_data)

.stack     0    20001290    00000800     UNINITIALIZED
                  20001290    00000004     rtsv7M4_T_le_v4SPD16_eabi.lib : boot_cortex_m.c.obj (.stack)
                  20001294    000007fc     --HOLE--

.sysmem    0    20001a90    00000400     UNINITIALIZED
                  20001a90    00000010     rtsv7M4_T_le_v4SPD16_eabi.lib : memory.c.obj (.sysmem)
                  20001aa0    000003f0     --HOLE--

.data      0    20001e90    000000b8     UNINITIALIZED
                  20001e90    00000054     Lab6_template_extra_help.obj (.data)
                  20001ee4    00000020     open_interface.obj (.data)
                  20001f04    00000018     ping.obj (.data)
                  20001f1c    00000009     button.obj (.data)
                  20001f25    00000001     Timer.obj (.data)
                  20001f26    00000002     --HOLE--
                  20001f28    00000008     rtsv7M4_T_le_v4SPD16_eabi.lib : _lock.c.obj (.data:$O1$$)
                  20001f30    00000008                                   : memory.c.obj (.data:$O1$$)
                  20001f38    00000008     movement.obj (.data)
                  20001f40    00000004     rtsv7M4_T_le_v4SPD16_eabi.lib : errno.c.obj (.data)
                  20001f44    00000004     servo.obj (.data)

__llvm_prf_cnts 
*          0    20000000    00000000     UNINITIALIZED

MODULE SUMMARY

       Module                         code    ro data   rw data
       ------                         ----    -------   -------
    .\
       Lab6_template_extra_help.obj   2540    0         4098   
       open_interface.obj             3116    15        56     
       movement.obj                   1596    232       8      
       lcd.obj                        824     8         84     
       ping.obj                       688     0         28     
       tm4c123gh6pm_startup_ccs.obj   12      620       0      
       Timer.obj                      584     0         5      
       uart_extra_help.obj            536     0         0      
       servo.obj                      308     0         4      
       button.obj                     256     0         9      
       adc.obj                        252     0         0      
    +--+------------------------------+-------+---------+---------+
       Total:                         10712   875       4292   
                                                               
    C:/ti/TivaWare_C_Series-2.1.4.178/driverlib/ccs/Debug/driverlib.lib
       interrupt.obj                  68      0         620    
       cpu.obj                        12      0         0      
    +--+------------------------------+-------+---------+---------+
       Total:                         80      0         620    
                                                               
    C:\ti\ccs1031\ccs\tools\compiler\ti-cgt-arm_20.2.4.LTS\lib\rtsv7M4_T_le_v4SPD16_eabi.lib
       _printfi.c.obj                 4851    0         0      
       e_pow.c.obj                    2496    48        0      
       memory.c.obj                   728     0         8      
       fd_add_t2.asm.obj              438     0         0      
       e_sqrt.c.obj                   344     0         0      
       fd_div_t2.asm.obj              310     0         0      
       s_scalbn.c.obj                 272     0         0      
       fd_cmp_t2.asm.obj              268     0         0      
       ctype.c.obj                    0       257       0      
       fd_mul_t2.asm.obj              252     0         0      
       memcpy_t2.asm.obj              156     0         0      
       ull_div_t2.asm.obj             150     0         0      
       vsnprintf.c.obj                136     0         0      
       memset_t2.asm.obj              122     0         0      
       fd_tos_t2.asm.obj              110     0         0      
       copy_decompress_lzss.c.obj     104     0         0      
       s_frexp.c.obj                  100     0         0      
       sprintf.c.obj                  98      0         0      
       _ltoa.c.obj                    84      0         0      
       atoi.c.obj                     76      0         0      
       fd_toi_t2.asm.obj              72      0         0      
       autoinit.c.obj                 68      0         0      
       fs_tod_t2.asm.obj              56      0         0      
       boot_cortex_m.c.obj            52      0         0      
       i_tofd_t2.asm.obj              46      0         0      
       memccpy.c.obj                  28      0         0      
       s_copysign.c.obj               26      0         0      
       strcmp.c.obj                   24      0         0      
       strchr.c.obj                   22      0         0      
       strcpy.c.obj                   20      0         0      
       strlen.c.obj                   20      0         0      
       wcslen.c.obj                   18      0         0      
       copy_decompress_none.c.obj     14      0         0      
       copy_zero_init.c.obj           12      0         0      
       errno.c.obj                    8       0         4      
       _lock.c.obj                    2       0         8      
       exit.c.obj                     4       0         0      
       pre_init.c.obj                 4       0         0      
       div0.asm.obj                   2       0         0      
    +--+------------------------------+-------+---------+---------+
       Total:                         11593   305       20     
                                                               
       Heap:                          0       0         1024   
       Stack:                         0       0         2048   
       Linker Generated:              0       100       0      
    +--+------------------------------+-------+---------+---------+
       Grand Total:                   22385   1280      8004   


LINKER GENERATED COPY TABLES

__TI_cinit_table @ 00005c68 records: 3, size/record: 8, table size: 24
	.data: load addr=00005c18, load size=00000030 bytes, run addr=20001e90, run size=000000b8 bytes, compression=lzss
	.bss: load addr=00005c58, load size=00000008 bytes, run addr=2000026c, run size=00001022 bytes, compression=zero_init
	.vtable: load addr=00005c60, load size=00000008 bytes, run addr=20000000, run size=0000026c bytes, compression=zero_init


LINKER GENERATED HANDLER TABLE

__TI_handler_table @ 00005c48 records: 3, size/record: 4, table size: 12
	index: 0, handler: __TI_zero_init
	index: 1, handler: __TI_decompress_lzss
	index: 2, handler: __TI_decompress_none


GLOBAL SYMBOLS: SORTED ALPHABETICALLY BY Name 

address   name                          
-------   ----                          
000059e5  C$$EXIT                       
000059a1  CPUcpsie                      
00000bb5  GPIOF_Handler                 
00002e43  GradualturnLeft               
00002d59  GradualturnRight              
20001e90  IR_dist                       
00005973  IntMasterEnable               
00005781  IntRegister                   
000059b9  ResetISR                      
20001a90  __STACK_END                   
00000800  __STACK_SIZE                  
20001490  __STACK_TOP                   
00000400  __SYSMEM_SIZE                 
00005c68  __TI_CINIT_Base               
00005c80  __TI_CINIT_Limit              
00005c48  __TI_Handler_Table_Base       
00005c54  __TI_Handler_Table_Limit      
0000560d  __TI_auto_init_nobinit_nopinit
000053b1  __TI_decompress_lzss          
00005993  __TI_decompress_none          
000054d3  __TI_ltoa                     
ffffffff  __TI_pprof_out_hndl           
00000e81  __TI_printfi                  
ffffffff  __TI_prof_data_size           
ffffffff  __TI_prof_data_start          
00000000  __TI_static_base__            
000059ad  __TI_zero_init                
000050dd  __aeabi_cdcmpeq               
000050dd  __aeabi_cdcmple               
00005163  __aeabi_cdrcmple              
00005343  __aeabi_d2f                   
000055c5  __aeabi_d2iz                  
0000413b  __aeabi_dadd                  
0000457d  __aeabi_ddiv                  
00004d19  __aeabi_dmul                  
00004131  __aeabi_dsub                  
000059d1  __aeabi_errno_addr            
00005749  __aeabi_f2d                   
00005819  __aeabi_i2d                   
000042e7  __aeabi_idiv0                 
000042e7  __aeabi_ldiv0                 
000051e9  __aeabi_memclr                
000051e9  __aeabi_memclr4               
000051e9  __aeabi_memclr8               
00004fab  __aeabi_memcpy                
00004fab  __aeabi_memcpy4               
00004fab  __aeabi_memcpy8               
000051eb  __aeabi_memset                
000051eb  __aeabi_memset4               
000051eb  __aeabi_memset8               
00005047  __aeabi_uldivmod              
ffffffff  __binit__                     
ffffffff  __c_args__                    
UNDEFED   __mpu_init                    
20001290  __stack                       
20000000  __start___llvm_prf_cnts       
20000000  __stop___llvm_prf_cnts        
000057b5  _c_int00_noargs               
000059e8  _ctypes_                      
20001f28  _lock                         
000018cf  _nop                          
20001f25  _running                      
20001a90  _sys_memory                   
UNDEFED   _system_post_cinit            
000059e1  _system_pre_init              
20001278  _timeout_ticks                
20001f2c  _unlock                       
000059e5  abort                         
00004c1d  adc_init                      
00004ca1  adc_read                      
00004a1d  aligned_alloc                 
00005579  atoi                          
ffffffff  binit                         
20001ed8  button                        
20001f1c  button_event                  
00004bb3  button_getButton              
00004b1d  button_init                   
20001f20  button_num                    
20001f3c  button_number                 
00005711  calloc                        
20001ecc  ch                            
20001f0c  clockCycleCount               
2000127c  clockCyclePeriod              
00003163  collision_detection           
000058a9  copysign                      
000058a9  copysignl                     
20001ed0  count                         
20001e9c  currentRadialSize             
000018d1  detect                        
20001f10  edge                          
20001e98  endIndex                      
20001f08  endPeriod                     
20001f40  errno                         
20001ebc  found                         
00004e15  free                          
00005419  frexp                         
00005419  frexpl                        
20000000  g_pfnRAMVectors               
00000000  g_pfnVectors                  
00004b9b  gpioe_handler                 
20001280  i                             
20001eb8  index                         
00004b57  init_button_interrupts        
20001f14  interrupt_control             
00005983  lcd_clear                     
0000348d  lcd_gotoLine                  
000032f5  lcd_init                      
000034f3  lcd_printf                    
000033b5  lcd_putc                      
000033ed  lcd_puts                      
000032b9  lcd_reverseNibble             
0000340b  lcd_sendCommand               
00003449  lcd_sendNibble                
000034b5  lcd_setCursorPos              
0000490d  ldexp                         
0000490d  ldexpl                        
000030c1  load_songs                    
000021d5  main                          
000059d9  malloc                        
20001ec8  measure                       
00004a1d  memalign                      
0000588d  memccpy                       
00004fab  memcpy                        
000051f1  memset                        
20001284  min                           
20001eb4  minIndex                      
20001eb0  minSize                       
20001ee4  motor_cal_factor_L            
20001ee8  motor_cal_factor_R            
00002ce1  moveBackward                  
00002c7d  moveForward                   
20001ec0  notFound                      
0000026d  oi_alloc                      
00000a9b  oi_checkFirmware              
000002c7  oi_close                      
00000279  oi_free                       
00000de1  oi_getMotorCalibrationLeft    
00000df5  oi_getMotorCalibrationRight   
000002b1  oi_init                       
00000289  oi_init_noupdate              
00000915  oi_loadSong                   
000058f3  oi_parseInt                   
0000032b  oi_parsePacket                
0000096b  oi_play_song                  
0000084b  oi_setLeds                    
00000da5  oi_setMotorCalibration        
0000088f  oi_setWheels                  
00000b43  oi_shutoff_init               
0000097f  oi_uartInit                   
00000a23  oi_uartReceive                
00000a69  oi_uartSendBuff               
00000a07  oi_uartSendChar               
00000a4b  oi_uartSendStr                
000002d9  oi_update                     
20001ea8  otherAngle                    
20001f18  overflow                      
00001cb5  park                          
20001edc  parked                        
20001ed4  parkingCount                  
20001f44  period                        
000036c5  ping_activate                 
000035e1  ping_initialize               
00003779  ping_read                     
000022bd  pow                           
000022bd  powl                          
20001288  q                             
20001ea0  radialAngle                   
0000194d  recall                        
0000490d  scalbn                        
0000490d  scalbnl                       
20001ee0  scan                          
2000128c  select                        
000047a5  servo_calibrate               
000046b5  servo_init                    
00004759  servo_move                    
00005651  sprintf                       
000042e9  sqrt                          
000042e9  sqrtl                         
20001e94  startIndex                    
20001f04  startPeriod                   
20001f38  stop                          
2000026c  str                           
20000654  str1                          
20000a3c  str2                          
20000e24  str4                          
00005923  strchr                        
0000590b  strcmp                        
00005939  strcpy                        
0000594d  strlen                        
20001ecd  swap                          
00003c1f  timer_getMicros               
00003bc7  timer_getMillis               
0000373d  timer_handler                 
00003b01  timer_init                    
00003ba3  timer_pause                   
00003bb5  timer_resume                  
00003b79  timer_stop                    
00003c79  timer_waitMicros              
00003cab  timer_waitMillis              
20001ec4  total                         
00002fb3  turnLeft                      
00002f3d  turnRight                     
2000128d  uart_data                     
00003d49  uart_init                     
00003e93  uart_interrupt_handler        
00003e73  uart_interrupt_init           
00003e23  uart_receive                  
00003e07  uart_sendChar                 
00003e49  uart_sendStr                  
00005691  vsnprintf                     
00005961  wcslen                        


GLOBAL SYMBOLS: SORTED BY Symbol Address 

address   name                          
-------   ----                          
00000000  __TI_static_base__            
00000000  g_pfnVectors                  
0000026d  oi_alloc                      
00000279  oi_free                       
00000289  oi_init_noupdate              
000002b1  oi_init                       
000002c7  oi_close                      
000002d9  oi_update                     
0000032b  oi_parsePacket                
00000400  __SYSMEM_SIZE                 
00000800  __STACK_SIZE                  
0000084b  oi_setLeds                    
0000088f  oi_setWheels                  
00000915  oi_loadSong                   
0000096b  oi_play_song                  
0000097f  oi_uartInit                   
00000a07  oi_uartSendChar               
00000a23  oi_uartReceive                
00000a4b  oi_uartSendStr                
00000a69  oi_uartSendBuff               
00000a9b  oi_checkFirmware              
00000b43  oi_shutoff_init               
00000bb5  GPIOF_Handler                 
00000da5  oi_setMotorCalibration        
00000de1  oi_getMotorCalibrationLeft    
00000df5  oi_getMotorCalibrationRight   
00000e81  __TI_printfi                  
000018cf  _nop                          
000018d1  detect                        
0000194d  recall                        
00001cb5  park                          
000021d5  main                          
000022bd  pow                           
000022bd  powl                          
00002c7d  moveForward                   
00002ce1  moveBackward                  
00002d59  GradualturnRight              
00002e43  GradualturnLeft               
00002f3d  turnRight                     
00002fb3  turnLeft                      
000030c1  load_songs                    
00003163  collision_detection           
000032b9  lcd_reverseNibble             
000032f5  lcd_init                      
000033b5  lcd_putc                      
000033ed  lcd_puts                      
0000340b  lcd_sendCommand               
00003449  lcd_sendNibble                
0000348d  lcd_gotoLine                  
000034b5  lcd_setCursorPos              
000034f3  lcd_printf                    
000035e1  ping_initialize               
000036c5  ping_activate                 
0000373d  timer_handler                 
00003779  ping_read                     
00003b01  timer_init                    
00003b79  timer_stop                    
00003ba3  timer_pause                   
00003bb5  timer_resume                  
00003bc7  timer_getMillis               
00003c1f  timer_getMicros               
00003c79  timer_waitMicros              
00003cab  timer_waitMillis              
00003d49  uart_init                     
00003e07  uart_sendChar                 
00003e23  uart_receive                  
00003e49  uart_sendStr                  
00003e73  uart_interrupt_init           
00003e93  uart_interrupt_handler        
00004131  __aeabi_dsub                  
0000413b  __aeabi_dadd                  
000042e7  __aeabi_idiv0                 
000042e7  __aeabi_ldiv0                 
000042e9  sqrt                          
000042e9  sqrtl                         
0000457d  __aeabi_ddiv                  
000046b5  servo_init                    
00004759  servo_move                    
000047a5  servo_calibrate               
0000490d  ldexp                         
0000490d  ldexpl                        
0000490d  scalbn                        
0000490d  scalbnl                       
00004a1d  aligned_alloc                 
00004a1d  memalign                      
00004b1d  button_init                   
00004b57  init_button_interrupts        
00004b9b  gpioe_handler                 
00004bb3  button_getButton              
00004c1d  adc_init                      
00004ca1  adc_read                      
00004d19  __aeabi_dmul                  
00004e15  free                          
00004fab  __aeabi_memcpy                
00004fab  __aeabi_memcpy4               
00004fab  __aeabi_memcpy8               
00004fab  memcpy                        
00005047  __aeabi_uldivmod              
000050dd  __aeabi_cdcmpeq               
000050dd  __aeabi_cdcmple               
00005163  __aeabi_cdrcmple              
000051e9  __aeabi_memclr                
000051e9  __aeabi_memclr4               
000051e9  __aeabi_memclr8               
000051eb  __aeabi_memset                
000051eb  __aeabi_memset4               
000051eb  __aeabi_memset8               
000051f1  memset                        
00005343  __aeabi_d2f                   
000053b1  __TI_decompress_lzss          
00005419  frexp                         
00005419  frexpl                        
000054d3  __TI_ltoa                     
00005579  atoi                          
000055c5  __aeabi_d2iz                  
0000560d  __TI_auto_init_nobinit_nopinit
00005651  sprintf                       
00005691  vsnprintf                     
00005711  calloc                        
00005749  __aeabi_f2d                   
00005781  IntRegister                   
000057b5  _c_int00_noargs               
00005819  __aeabi_i2d                   
0000588d  memccpy                       
000058a9  copysign                      
000058a9  copysignl                     
000058f3  oi_parseInt                   
0000590b  strcmp                        
00005923  strchr                        
00005939  strcpy                        
0000594d  strlen                        
00005961  wcslen                        
00005973  IntMasterEnable               
00005983  lcd_clear                     
00005993  __TI_decompress_none          
000059a1  CPUcpsie                      
000059ad  __TI_zero_init                
000059b9  ResetISR                      
000059d1  __aeabi_errno_addr            
000059d9  malloc                        
000059e1  _system_pre_init              
000059e5  C$$EXIT                       
000059e5  abort                         
000059e8  _ctypes_                      
00005c48  __TI_Handler_Table_Base       
00005c54  __TI_Handler_Table_Limit      
00005c68  __TI_CINIT_Base               
00005c80  __TI_CINIT_Limit              
20000000  __start___llvm_prf_cnts       
20000000  __stop___llvm_prf_cnts        
20000000  g_pfnRAMVectors               
2000026c  str                           
20000654  str1                          
20000a3c  str2                          
20000e24  str4                          
20001278  _timeout_ticks                
2000127c  clockCyclePeriod              
20001280  i                             
20001284  min                           
20001288  q                             
2000128c  select                        
2000128d  uart_data                     
20001290  __stack                       
20001490  __STACK_TOP                   
20001a90  __STACK_END                   
20001a90  _sys_memory                   
20001e90  IR_dist                       
20001e94  startIndex                    
20001e98  endIndex                      
20001e9c  currentRadialSize             
20001ea0  radialAngle                   
20001ea8  otherAngle                    
20001eb0  minSize                       
20001eb4  minIndex                      
20001eb8  index                         
20001ebc  found                         
20001ec0  notFound                      
20001ec4  total                         
20001ec8  measure                       
20001ecc  ch                            
20001ecd  swap                          
20001ed0  count                         
20001ed4  parkingCount                  
20001ed8  button                        
20001edc  parked                        
20001ee0  scan                          
20001ee4  motor_cal_factor_L            
20001ee8  motor_cal_factor_R            
20001f04  startPeriod                   
20001f08  endPeriod                     
20001f0c  clockCycleCount               
20001f10  edge                          
20001f14  interrupt_control             
20001f18  overflow                      
20001f1c  button_event                  
20001f20  button_num                    
20001f25  _running                      
20001f28  _lock                         
20001f2c  _unlock                       
20001f38  stop                          
20001f3c  button_number                 
20001f40  errno                         
20001f44  period                        
ffffffff  __TI_pprof_out_hndl           
ffffffff  __TI_prof_data_size           
ffffffff  __TI_prof_data_start          
ffffffff  __binit__                     
ffffffff  __c_args__                    
ffffffff  binit                         
UNDEFED   __mpu_init                    
UNDEFED   _system_post_cinit            

[211 symbols]
