<?xml version="1.0" encoding="ISO-8859-1" ?>
<link_info>
   <banner>TI ARM Linker PC v20.2.4.LTS</banner>
   <copyright>Copyright (c) 1996-2018 Texas Instruments Incorporated</copyright>
   <link_time>0x62c34ff3</link_time>
   <link_errors>0x0</link_errors>
   <output_file>lab_6_7.out</output_file>
   <entry_point>
      <name>_c_int00_noargs</name>
      <address>0x5775</address>
   </entry_point>
   <input_file_list>
      <input_file id="fl-2">
         <path>.\</path>
         <kind>object</kind>
         <file>Lab6_template_extra_help.obj</file>
         <name>Lab6_template_extra_help.obj</name>
      </input_file>
      <input_file id="fl-3">
         <path>.\</path>
         <kind>object</kind>
         <file>Timer.obj</file>
         <name>Timer.obj</name>
      </input_file>
      <input_file id="fl-4">
         <path>.\</path>
         <kind>object</kind>
         <file>adc.obj</file>
         <name>adc.obj</name>
      </input_file>
      <input_file id="fl-5">
         <path>.\</path>
         <kind>object</kind>
         <file>button.obj</file>
         <name>button.obj</name>
      </input_file>
      <input_file id="fl-6">
         <path>.\</path>
         <kind>object</kind>
         <file>lcd.obj</file>
         <name>lcd.obj</name>
      </input_file>
      <input_file id="fl-7">
         <path>.\</path>
         <kind>object</kind>
         <file>movement.obj</file>
         <name>movement.obj</name>
      </input_file>
      <input_file id="fl-8">
         <path>.\</path>
         <kind>object</kind>
         <file>open_interface.obj</file>
         <name>open_interface.obj</name>
      </input_file>
      <input_file id="fl-9">
         <path>.\</path>
         <kind>object</kind>
         <file>ping.obj</file>
         <name>ping.obj</name>
      </input_file>
      <input_file id="fl-a">
         <path>.\</path>
         <kind>object</kind>
         <file>resetSimulation.obj</file>
         <name>resetSimulation.obj</name>
      </input_file>
      <input_file id="fl-b">
         <path>.\</path>
         <kind>object</kind>
         <file>servo.obj</file>
         <name>servo.obj</name>
      </input_file>
      <input_file id="fl-c">
         <path>.\</path>
         <kind>object</kind>
         <file>tm4c123gh6pm_startup_ccs.obj</file>
         <name>tm4c123gh6pm_startup_ccs.obj</name>
      </input_file>
      <input_file id="fl-d">
         <path>.\</path>
         <kind>object</kind>
         <file>uart_extra_help.obj</file>
         <name>uart_extra_help.obj</name>
      </input_file>
      <input_file id="fl-12">
         <kind>object</kind>
         <file>&lt;internal&gt;</file>
         <name>&lt;internal&gt;</name>
      </input_file>
      <input_file id="fl-c8">
         <path>C:\ti\ccs1031\ccs\tools\compiler\ti-cgt-arm_20.2.4.LTS\lib\</path>
         <kind>archive</kind>
         <file>rtsv7M4_T_le_v4SPD16_eabi.lib</file>
         <name>sprintf.c.obj</name>
      </input_file>
      <input_file id="fl-c9">
         <path>C:\ti\ccs1031\ccs\tools\compiler\ti-cgt-arm_20.2.4.LTS\lib\</path>
         <kind>archive</kind>
         <file>rtsv7M4_T_le_v4SPD16_eabi.lib</file>
         <name>vsnprintf.c.obj</name>
      </input_file>
      <input_file id="fl-ca">
         <path>C:\ti\ccs1031\ccs\tools\compiler\ti-cgt-arm_20.2.4.LTS\lib\</path>
         <kind>archive</kind>
         <file>rtsv7M4_T_le_v4SPD16_eabi.lib</file>
         <name>e_pow.c.obj</name>
      </input_file>
      <input_file id="fl-cb">
         <path>C:\ti\ccs1031\ccs\tools\compiler\ti-cgt-arm_20.2.4.LTS\lib\</path>
         <kind>archive</kind>
         <file>rtsv7M4_T_le_v4SPD16_eabi.lib</file>
         <name>e_sqrt.c.obj</name>
      </input_file>
      <input_file id="fl-cc">
         <path>C:\ti\ccs1031\ccs\tools\compiler\ti-cgt-arm_20.2.4.LTS\lib\</path>
         <kind>archive</kind>
         <file>rtsv7M4_T_le_v4SPD16_eabi.lib</file>
         <name>s_scalbn.c.obj</name>
      </input_file>
      <input_file id="fl-cd">
         <path>C:\ti\ccs1031\ccs\tools\compiler\ti-cgt-arm_20.2.4.LTS\lib\</path>
         <kind>archive</kind>
         <file>rtsv7M4_T_le_v4SPD16_eabi.lib</file>
         <name>s_copysign.c.obj</name>
      </input_file>
      <input_file id="fl-ce">
         <path>C:\ti\ccs1031\ccs\tools\compiler\ti-cgt-arm_20.2.4.LTS\lib\</path>
         <kind>archive</kind>
         <file>rtsv7M4_T_le_v4SPD16_eabi.lib</file>
         <name>fd_add_t2.asm.obj</name>
      </input_file>
      <input_file id="fl-cf">
         <path>C:\ti\ccs1031\ccs\tools\compiler\ti-cgt-arm_20.2.4.LTS\lib\</path>
         <kind>archive</kind>
         <file>rtsv7M4_T_le_v4SPD16_eabi.lib</file>
         <name>fd_cmp_t2.asm.obj</name>
      </input_file>
      <input_file id="fl-d0">
         <path>C:\ti\ccs1031\ccs\tools\compiler\ti-cgt-arm_20.2.4.LTS\lib\</path>
         <kind>archive</kind>
         <file>rtsv7M4_T_le_v4SPD16_eabi.lib</file>
         <name>fd_div_t2.asm.obj</name>
      </input_file>
      <input_file id="fl-d1">
         <path>C:\ti\ccs1031\ccs\tools\compiler\ti-cgt-arm_20.2.4.LTS\lib\</path>
         <kind>archive</kind>
         <file>rtsv7M4_T_le_v4SPD16_eabi.lib</file>
         <name>fd_mul_t2.asm.obj</name>
      </input_file>
      <input_file id="fl-d2">
         <path>C:\ti\ccs1031\ccs\tools\compiler\ti-cgt-arm_20.2.4.LTS\lib\</path>
         <kind>archive</kind>
         <file>rtsv7M4_T_le_v4SPD16_eabi.lib</file>
         <name>fd_toi_t2.asm.obj</name>
      </input_file>
      <input_file id="fl-d3">
         <path>C:\ti\ccs1031\ccs\tools\compiler\ti-cgt-arm_20.2.4.LTS\lib\</path>
         <kind>archive</kind>
         <file>rtsv7M4_T_le_v4SPD16_eabi.lib</file>
         <name>fd_tos_t2.asm.obj</name>
      </input_file>
      <input_file id="fl-d4">
         <path>C:\ti\ccs1031\ccs\tools\compiler\ti-cgt-arm_20.2.4.LTS\lib\</path>
         <kind>archive</kind>
         <file>rtsv7M4_T_le_v4SPD16_eabi.lib</file>
         <name>fs_tod_t2.asm.obj</name>
      </input_file>
      <input_file id="fl-d5">
         <path>C:\ti\ccs1031\ccs\tools\compiler\ti-cgt-arm_20.2.4.LTS\lib\</path>
         <kind>archive</kind>
         <file>rtsv7M4_T_le_v4SPD16_eabi.lib</file>
         <name>i_tofd_t2.asm.obj</name>
      </input_file>
      <input_file id="fl-d6">
         <path>C:\ti\ccs1031\ccs\tools\compiler\ti-cgt-arm_20.2.4.LTS\lib\</path>
         <kind>archive</kind>
         <file>rtsv7M4_T_le_v4SPD16_eabi.lib</file>
         <name>memcpy_t2.asm.obj</name>
      </input_file>
      <input_file id="fl-d7">
         <path>C:\ti\ccs1031\ccs\tools\compiler\ti-cgt-arm_20.2.4.LTS\lib\</path>
         <kind>archive</kind>
         <file>rtsv7M4_T_le_v4SPD16_eabi.lib</file>
         <name>copy_zero_init.c.obj</name>
      </input_file>
      <input_file id="fl-d8">
         <path>C:\ti\ccs1031\ccs\tools\compiler\ti-cgt-arm_20.2.4.LTS\lib\</path>
         <kind>archive</kind>
         <file>rtsv7M4_T_le_v4SPD16_eabi.lib</file>
         <name>copy_decompress_none.c.obj</name>
      </input_file>
      <input_file id="fl-d9">
         <path>C:\ti\ccs1031\ccs\tools\compiler\ti-cgt-arm_20.2.4.LTS\lib\</path>
         <kind>archive</kind>
         <file>rtsv7M4_T_le_v4SPD16_eabi.lib</file>
         <name>copy_decompress_lzss.c.obj</name>
      </input_file>
      <input_file id="fl-da">
         <path>C:\ti\ccs1031\ccs\tools\compiler\ti-cgt-arm_20.2.4.LTS\lib\</path>
         <kind>archive</kind>
         <file>rtsv7M4_T_le_v4SPD16_eabi.lib</file>
         <name>memory.c.obj</name>
      </input_file>
      <input_file id="fl-db">
         <path>C:\ti\ccs1031\ccs\tools\compiler\ti-cgt-arm_20.2.4.LTS\lib\</path>
         <kind>archive</kind>
         <file>rtsv7M4_T_le_v4SPD16_eabi.lib</file>
         <name>strcmp.c.obj</name>
      </input_file>
      <input_file id="fl-dc">
         <path>C:\ti\ccs1031\ccs\tools\compiler\ti-cgt-arm_20.2.4.LTS\lib\</path>
         <kind>archive</kind>
         <file>rtsv7M4_T_le_v4SPD16_eabi.lib</file>
         <name>strcpy.c.obj</name>
      </input_file>
      <input_file id="fl-dd">
         <path>C:\ti\ccs1031\ccs\tools\compiler\ti-cgt-arm_20.2.4.LTS\lib\</path>
         <kind>archive</kind>
         <file>rtsv7M4_T_le_v4SPD16_eabi.lib</file>
         <name>errno.c.obj</name>
      </input_file>
      <input_file id="fl-de">
         <path>C:\ti\ccs1031\ccs\tools\compiler\ti-cgt-arm_20.2.4.LTS\lib\</path>
         <kind>archive</kind>
         <file>rtsv7M4_T_le_v4SPD16_eabi.lib</file>
         <name>boot_cortex_m.c.obj</name>
      </input_file>
      <input_file id="fl-df">
         <path>C:\ti\ccs1031\ccs\tools\compiler\ti-cgt-arm_20.2.4.LTS\lib\</path>
         <kind>archive</kind>
         <file>rtsv7M4_T_le_v4SPD16_eabi.lib</file>
         <name>_printfi.c.obj</name>
      </input_file>
      <input_file id="fl-e0">
         <path>C:\ti\ccs1031\ccs\tools\compiler\ti-cgt-arm_20.2.4.LTS\lib\</path>
         <kind>archive</kind>
         <file>rtsv7M4_T_le_v4SPD16_eabi.lib</file>
         <name>s_frexp.c.obj</name>
      </input_file>
      <input_file id="fl-e1">
         <path>C:\ti\ccs1031\ccs\tools\compiler\ti-cgt-arm_20.2.4.LTS\lib\</path>
         <kind>archive</kind>
         <file>rtsv7M4_T_le_v4SPD16_eabi.lib</file>
         <name>ull_div_t2.asm.obj</name>
      </input_file>
      <input_file id="fl-e2">
         <path>C:\ti\ccs1031\ccs\tools\compiler\ti-cgt-arm_20.2.4.LTS\lib\</path>
         <kind>archive</kind>
         <file>rtsv7M4_T_le_v4SPD16_eabi.lib</file>
         <name>memset_t2.asm.obj</name>
      </input_file>
      <input_file id="fl-e3">
         <path>C:\ti\ccs1031\ccs\tools\compiler\ti-cgt-arm_20.2.4.LTS\lib\</path>
         <kind>archive</kind>
         <file>rtsv7M4_T_le_v4SPD16_eabi.lib</file>
         <name>autoinit.c.obj</name>
      </input_file>
      <input_file id="fl-e4">
         <path>C:\ti\ccs1031\ccs\tools\compiler\ti-cgt-arm_20.2.4.LTS\lib\</path>
         <kind>archive</kind>
         <file>rtsv7M4_T_le_v4SPD16_eabi.lib</file>
         <name>pre_init.c.obj</name>
      </input_file>
      <input_file id="fl-e5">
         <path>C:\ti\ccs1031\ccs\tools\compiler\ti-cgt-arm_20.2.4.LTS\lib\</path>
         <kind>archive</kind>
         <file>rtsv7M4_T_le_v4SPD16_eabi.lib</file>
         <name>cpy_tbl.c.obj</name>
      </input_file>
      <input_file id="fl-e6">
         <path>C:\ti\ccs1031\ccs\tools\compiler\ti-cgt-arm_20.2.4.LTS\lib\</path>
         <kind>archive</kind>
         <file>rtsv7M4_T_le_v4SPD16_eabi.lib</file>
         <name>exit.c.obj</name>
      </input_file>
      <input_file id="fl-e7">
         <path>C:\ti\ccs1031\ccs\tools\compiler\ti-cgt-arm_20.2.4.LTS\lib\</path>
         <kind>archive</kind>
         <file>rtsv7M4_T_le_v4SPD16_eabi.lib</file>
         <name>_lock.c.obj</name>
      </input_file>
      <input_file id="fl-e8">
         <path>C:\ti\ccs1031\ccs\tools\compiler\ti-cgt-arm_20.2.4.LTS\lib\</path>
         <kind>archive</kind>
         <file>rtsv7M4_T_le_v4SPD16_eabi.lib</file>
         <name>_ltoa.c.obj</name>
      </input_file>
      <input_file id="fl-e9">
         <path>C:\ti\ccs1031\ccs\tools\compiler\ti-cgt-arm_20.2.4.LTS\lib\</path>
         <kind>archive</kind>
         <file>rtsv7M4_T_le_v4SPD16_eabi.lib</file>
         <name>args_main.c.obj</name>
      </input_file>
      <input_file id="fl-ea">
         <path>C:\ti\ccs1031\ccs\tools\compiler\ti-cgt-arm_20.2.4.LTS\lib\</path>
         <kind>archive</kind>
         <file>rtsv7M4_T_le_v4SPD16_eabi.lib</file>
         <name>atoi.c.obj</name>
      </input_file>
      <input_file id="fl-eb">
         <path>C:\ti\ccs1031\ccs\tools\compiler\ti-cgt-arm_20.2.4.LTS\lib\</path>
         <kind>archive</kind>
         <file>rtsv7M4_T_le_v4SPD16_eabi.lib</file>
         <name>ctype.c.obj</name>
      </input_file>
      <input_file id="fl-ec">
         <path>C:\ti\ccs1031\ccs\tools\compiler\ti-cgt-arm_20.2.4.LTS\lib\</path>
         <kind>archive</kind>
         <file>rtsv7M4_T_le_v4SPD16_eabi.lib</file>
         <name>memccpy.c.obj</name>
      </input_file>
      <input_file id="fl-ed">
         <path>C:\ti\ccs1031\ccs\tools\compiler\ti-cgt-arm_20.2.4.LTS\lib\</path>
         <kind>archive</kind>
         <file>rtsv7M4_T_le_v4SPD16_eabi.lib</file>
         <name>strchr.c.obj</name>
      </input_file>
      <input_file id="fl-ee">
         <path>C:\ti\ccs1031\ccs\tools\compiler\ti-cgt-arm_20.2.4.LTS\lib\</path>
         <kind>archive</kind>
         <file>rtsv7M4_T_le_v4SPD16_eabi.lib</file>
         <name>strlen.c.obj</name>
      </input_file>
      <input_file id="fl-ef">
         <path>C:\ti\ccs1031\ccs\tools\compiler\ti-cgt-arm_20.2.4.LTS\lib\</path>
         <kind>archive</kind>
         <file>rtsv7M4_T_le_v4SPD16_eabi.lib</file>
         <name>wcslen.c.obj</name>
      </input_file>
      <input_file id="fl-f0">
         <path>C:\ti\ccs1031\ccs\tools\compiler\ti-cgt-arm_20.2.4.LTS\lib\</path>
         <kind>archive</kind>
         <file>rtsv7M4_T_le_v4SPD16_eabi.lib</file>
         <name>div0.asm.obj</name>
      </input_file>
      <input_file id="fl-f1">
         <path>C:\ti\TivaWare_C_Series-2.1.4.178\driverlib\ccs\Debug\</path>
         <kind>archive</kind>
         <file>driverlib.lib</file>
         <name>interrupt.obj</name>
      </input_file>
      <input_file id="fl-f2">
         <path>C:\ti\TivaWare_C_Series-2.1.4.178\driverlib\ccs\Debug\</path>
         <kind>archive</kind>
         <file>driverlib.lib</file>
         <name>cpu.obj</name>
      </input_file>
   </input_file_list>
   <object_component_list>
      <object_component id="oc-12">
         <name>.intvecs</name>
         <load_address>0x0</load_address>
         <run_address>0x0</run_address>
         <size>0x26c</size>
         <input_file_ref idref="fl-c"/>
      </object_component>
      <object_component id="oc-ec">
         <name>.text</name>
         <load_address>0x26c</load_address>
         <run_address>0x26c</run_address>
         <size>0xc14</size>
         <input_file_ref idref="fl-8"/>
      </object_component>
      <object_component id="oc-205">
         <name>.text:__TI_printfi</name>
         <load_address>0xe80</load_address>
         <run_address>0xe80</run_address>
         <size>0xa4e</size>
         <input_file_ref idref="fl-df"/>
      </object_component>
      <object_component id="oc-328">
         <name>.text:_nop</name>
         <load_address>0x18ce</load_address>
         <run_address>0x18ce</run_address>
         <size>0x2</size>
         <input_file_ref idref="fl-e7"/>
      </object_component>
      <object_component id="oc-a2">
         <name>.text</name>
         <load_address>0x18d0</load_address>
         <run_address>0x18d0</run_address>
         <size>0xa04</size>
         <input_file_ref idref="fl-2"/>
      </object_component>
      <object_component id="oc-18c">
         <name>.text:pow</name>
         <load_address>0x22d4</load_address>
         <run_address>0x22d4</run_address>
         <size>0x9c0</size>
         <input_file_ref idref="fl-ca"/>
      </object_component>
      <object_component id="oc-f2">
         <name>.text</name>
         <load_address>0x2c94</load_address>
         <run_address>0x2c94</run_address>
         <size>0x5e4</size>
         <input_file_ref idref="fl-7"/>
      </object_component>
      <object_component id="oc-10c">
         <name>.text</name>
         <load_address>0x3278</load_address>
         <run_address>0x3278</run_address>
         <size>0x328</size>
         <input_file_ref idref="fl-6"/>
      </object_component>
      <object_component id="oc-e3">
         <name>.text</name>
         <load_address>0x35a0</load_address>
         <run_address>0x35a0</run_address>
         <size>0x2b0</size>
         <input_file_ref idref="fl-9"/>
      </object_component>
      <object_component id="oc-2e5">
         <name>.text:_pconv_a</name>
         <load_address>0x3850</load_address>
         <run_address>0x3850</run_address>
         <size>0x270</size>
         <input_file_ref idref="fl-df"/>
      </object_component>
      <object_component id="oc-dd">
         <name>.text</name>
         <load_address>0x3ac0</load_address>
         <run_address>0x3ac0</run_address>
         <size>0x248</size>
         <input_file_ref idref="fl-3"/>
      </object_component>
      <object_component id="oc-fc">
         <name>.text</name>
         <load_address>0x3d08</load_address>
         <run_address>0x3d08</run_address>
         <size>0x218</size>
         <input_file_ref idref="fl-d"/>
      </object_component>
      <object_component id="oc-2d3">
         <name>.text:_pconv_g</name>
         <load_address>0x3f20</load_address>
         <run_address>0x3f20</run_address>
         <size>0x1d0</size>
         <input_file_ref idref="fl-df"/>
      </object_component>
      <object_component id="oc-192">
         <name>.text</name>
         <load_address>0x40f0</load_address>
         <run_address>0x40f0</run_address>
         <size>0x1b6</size>
         <input_file_ref idref="fl-ce"/>
      </object_component>
      <object_component id="oc-3fe">
         <name>.text</name>
         <load_address>0x42a6</load_address>
         <run_address>0x42a6</run_address>
         <size>0x2</size>
         <input_file_ref idref="fl-f0"/>
      </object_component>
      <object_component id="oc-26d">
         <name>.text:sqrt</name>
         <load_address>0x42a8</load_address>
         <run_address>0x42a8</run_address>
         <size>0x158</size>
         <input_file_ref idref="fl-cb"/>
      </object_component>
      <object_component id="oc-2df">
         <name>.text:_pconv_e</name>
         <load_address>0x4400</load_address>
         <run_address>0x4400</run_address>
         <size>0x13c</size>
         <input_file_ref idref="fl-df"/>
      </object_component>
      <object_component id="oc-1a1">
         <name>.text</name>
         <load_address>0x453c</load_address>
         <run_address>0x453c</run_address>
         <size>0x136</size>
         <input_file_ref idref="fl-d0"/>
      </object_component>
      <object_component id="oc-d7">
         <name>.text</name>
         <load_address>0x4674</load_address>
         <run_address>0x4674</run_address>
         <size>0x134</size>
         <input_file_ref idref="fl-b"/>
      </object_component>
      <object_component id="oc-399">
         <name>.text:fcvt</name>
         <load_address>0x47a8</load_address>
         <run_address>0x47a8</run_address>
         <size>0x124</size>
         <input_file_ref idref="fl-df"/>
      </object_component>
      <object_component id="oc-27c">
         <name>.text:scalbn</name>
         <load_address>0x48cc</load_address>
         <run_address>0x48cc</run_address>
         <size>0x110</size>
         <input_file_ref idref="fl-cc"/>
      </object_component>
      <object_component id="oc-36b">
         <name>.text:aligned_alloc</name>
         <load_address>0x49dc</load_address>
         <run_address>0x49dc</run_address>
         <size>0x100</size>
         <input_file_ref idref="fl-da"/>
      </object_component>
      <object_component id="oc-112">
         <name>.text</name>
         <load_address>0x4adc</load_address>
         <run_address>0x4adc</run_address>
         <size>0x100</size>
         <input_file_ref idref="fl-5"/>
      </object_component>
      <object_component id="oc-118">
         <name>.text</name>
         <load_address>0x4bdc</load_address>
         <run_address>0x4bdc</run_address>
         <size>0xfc</size>
         <input_file_ref idref="fl-4"/>
      </object_component>
      <object_component id="oc-19c">
         <name>.text</name>
         <load_address>0x4cd8</load_address>
         <run_address>0x4cd8</run_address>
         <size>0xfc</size>
         <input_file_ref idref="fl-d1"/>
      </object_component>
      <object_component id="oc-1bf">
         <name>.text:free</name>
         <load_address>0x4dd4</load_address>
         <run_address>0x4dd4</run_address>
         <size>0xe4</size>
         <input_file_ref idref="fl-da"/>
      </object_component>
      <object_component id="oc-2cd">
         <name>.text:_ltostr</name>
         <load_address>0x4eb8</load_address>
         <run_address>0x4eb8</run_address>
         <size>0xb1</size>
         <input_file_ref idref="fl-df"/>
      </object_component>
      <object_component id="oc-3e">
         <name>.text</name>
         <load_address>0x4f6a</load_address>
         <run_address>0x4f6a</run_address>
         <size>0x9c</size>
         <input_file_ref idref="fl-d6"/>
      </object_component>
      <object_component id="oc-380">
         <name>.text</name>
         <load_address>0x5006</load_address>
         <run_address>0x5006</run_address>
         <size>0x96</size>
         <input_file_ref idref="fl-e1"/>
      </object_component>
      <object_component id="oc-1e0">
         <name>.text:__aeabi_cdcmple</name>
         <load_address>0x509c</load_address>
         <run_address>0x509c</run_address>
         <size>0x86</size>
         <input_file_ref idref="fl-cf"/>
      </object_component>
      <object_component id="oc-1e5">
         <name>.text:__aeabi_cdrcmple</name>
         <load_address>0x5122</load_address>
         <run_address>0x5122</run_address>
         <size>0x86</size>
         <input_file_ref idref="fl-cf"/>
      </object_component>
      <object_component id="oc-96">
         <name>.text</name>
         <load_address>0x51a8</load_address>
         <run_address>0x51a8</run_address>
         <size>0x7a</size>
         <input_file_ref idref="fl-e2"/>
      </object_component>
      <object_component id="oc-3ee">
         <name>.text:split</name>
         <load_address>0x5224</load_address>
         <run_address>0x5224</run_address>
         <size>0x70</size>
         <input_file_ref idref="fl-da"/>
      </object_component>
      <object_component id="oc-392">
         <name>.text:_mcpy</name>
         <load_address>0x5294</load_address>
         <run_address>0x5294</run_address>
         <size>0x6e</size>
         <input_file_ref idref="fl-df"/>
      </object_component>
      <object_component id="oc-1a6">
         <name>.text</name>
         <load_address>0x5302</load_address>
         <run_address>0x5302</run_address>
         <size>0x6e</size>
         <input_file_ref idref="fl-d3"/>
      </object_component>
      <object_component id="oc-15">
         <name>.text:decompress:lzss:__TI_decompress_lzss</name>
         <load_address>0x5370</load_address>
         <run_address>0x5370</run_address>
         <size>0x68</size>
         <input_file_ref idref="fl-d9"/>
      </object_component>
      <object_component id="oc-3a7">
         <name>.text:frexp</name>
         <load_address>0x53d8</load_address>
         <run_address>0x53d8</run_address>
         <size>0x64</size>
         <input_file_ref idref="fl-e0"/>
      </object_component>
      <object_component id="oc-2d9">
         <name>.text:_pconv_f</name>
         <load_address>0x543c</load_address>
         <run_address>0x543c</run_address>
         <size>0x56</size>
         <input_file_ref idref="fl-df"/>
      </object_component>
      <object_component id="oc-386">
         <name>.text:__TI_ltoa</name>
         <load_address>0x5492</load_address>
         <run_address>0x5492</run_address>
         <size>0x54</size>
         <input_file_ref idref="fl-e8"/>
      </object_component>
      <object_component id="oc-38c">
         <name>.text:_ecpy</name>
         <load_address>0x54e6</load_address>
         <run_address>0x54e6</run_address>
         <size>0x52</size>
         <input_file_ref idref="fl-df"/>
      </object_component>
      <object_component id="oc-2c7">
         <name>.text:atoi</name>
         <load_address>0x5538</load_address>
         <run_address>0x5538</run_address>
         <size>0x4c</size>
         <input_file_ref idref="fl-ea"/>
      </object_component>
      <object_component id="oc-197">
         <name>.text</name>
         <load_address>0x5584</load_address>
         <run_address>0x5584</run_address>
         <size>0x48</size>
         <input_file_ref idref="fl-d2"/>
      </object_component>
      <object_component id="oc-12d">
         <name>.text:__TI_auto_init_nobinit_nopinit:__TI_auto_init_nobinit_nopinit</name>
         <load_address>0x55cc</load_address>
         <run_address>0x55cc</run_address>
         <size>0x44</size>
         <input_file_ref idref="fl-e3"/>
      </object_component>
      <object_component id="oc-106">
         <name>.text:sprintf</name>
         <load_address>0x5610</load_address>
         <run_address>0x5610</run_address>
         <size>0x40</size>
         <input_file_ref idref="fl-c8"/>
      </object_component>
      <object_component id="oc-21e">
         <name>.text:vsnprintf</name>
         <load_address>0x5650</load_address>
         <run_address>0x5650</run_address>
         <size>0x40</size>
         <input_file_ref idref="fl-c9"/>
      </object_component>
      <object_component id="oc-39f">
         <name>.text:_fcpy</name>
         <load_address>0x5690</load_address>
         <run_address>0x5690</run_address>
         <size>0x3e</size>
         <input_file_ref idref="fl-df"/>
      </object_component>
      <object_component id="oc-1b9">
         <name>.text:calloc</name>
         <load_address>0x56d0</load_address>
         <run_address>0x56d0</run_address>
         <size>0x38</size>
         <input_file_ref idref="fl-da"/>
      </object_component>
      <object_component id="oc-1d8">
         <name>.text</name>
         <load_address>0x5708</load_address>
         <run_address>0x5708</run_address>
         <size>0x38</size>
         <input_file_ref idref="fl-d4"/>
      </object_component>
      <object_component id="oc-174">
         <name>.text:IntRegister</name>
         <load_address>0x5740</load_address>
         <run_address>0x5740</run_address>
         <size>0x34</size>
         <input_file_ref idref="fl-f1"/>
      </object_component>
      <object_component id="oc-5c">
         <name>.text:_c_int00_noargs:_c_int00_noargs</name>
         <load_address>0x5774</load_address>
         <run_address>0x5774</run_address>
         <size>0x34</size>
         <input_file_ref idref="fl-de"/>
      </object_component>
      <object_component id="oc-307">
         <name>.text:_outs</name>
         <load_address>0x57a8</load_address>
         <run_address>0x57a8</run_address>
         <size>0x30</size>
         <input_file_ref idref="fl-c9"/>
      </object_component>
      <object_component id="oc-187">
         <name>.text</name>
         <load_address>0x57d8</load_address>
         <run_address>0x57d8</run_address>
         <size>0x2e</size>
         <input_file_ref idref="fl-d5"/>
      </object_component>
      <object_component id="oc-2a0">
         <name>.text:free_list_insert</name>
         <load_address>0x5808</load_address>
         <run_address>0x5808</run_address>
         <size>0x28</size>
         <input_file_ref idref="fl-da"/>
      </object_component>
      <object_component id="oc-29a">
         <name>.text:free_list_remove</name>
         <load_address>0x5830</load_address>
         <run_address>0x5830</run_address>
         <size>0x1c</size>
         <input_file_ref idref="fl-da"/>
      </object_component>
      <object_component id="oc-2eb">
         <name>.text:memccpy</name>
         <load_address>0x584c</load_address>
         <run_address>0x584c</run_address>
         <size>0x1c</size>
         <input_file_ref idref="fl-ec"/>
      </object_component>
      <object_component id="oc-357">
         <name>.text:copysign</name>
         <load_address>0x5868</load_address>
         <run_address>0x5868</run_address>
         <size>0x1a</size>
         <input_file_ref idref="fl-cd"/>
      </object_component>
      <object_component id="oc-30d">
         <name>.text:_outc</name>
         <load_address>0x5882</load_address>
         <run_address>0x5882</run_address>
         <size>0x18</size>
         <input_file_ref idref="fl-c9"/>
      </object_component>
      <object_component id="oc-20b">
         <name>.text:_outs</name>
         <load_address>0x589a</load_address>
         <run_address>0x589a</run_address>
         <size>0x18</size>
         <input_file_ref idref="fl-c8"/>
      </object_component>
      <object_component id="oc-1c5">
         <name>.text:oi_parseInt</name>
         <load_address>0x58b2</load_address>
         <run_address>0x58b2</run_address>
         <size>0x18</size>
         <input_file_ref idref="fl-8"/>
      </object_component>
      <object_component id="oc-1cc">
         <name>.text:strcmp</name>
         <load_address>0x58ca</load_address>
         <run_address>0x58ca</run_address>
         <size>0x18</size>
         <input_file_ref idref="fl-db"/>
      </object_component>
      <object_component id="oc-3ad">
         <name>.text:strchr</name>
         <load_address>0x58e2</load_address>
         <run_address>0x58e2</run_address>
         <size>0x16</size>
         <input_file_ref idref="fl-ed"/>
      </object_component>
      <object_component id="oc-224">
         <name>.text:strcpy</name>
         <load_address>0x58f8</load_address>
         <run_address>0x58f8</run_address>
         <size>0x14</size>
         <input_file_ref idref="fl-dc"/>
      </object_component>
      <object_component id="oc-2c1">
         <name>.text:strlen</name>
         <load_address>0x590c</load_address>
         <run_address>0x590c</run_address>
         <size>0x14</size>
         <input_file_ref idref="fl-ee"/>
      </object_component>
      <object_component id="oc-2f1">
         <name>.text:wcslen</name>
         <load_address>0x5920</load_address>
         <run_address>0x5920</run_address>
         <size>0x12</size>
         <input_file_ref idref="fl-ef"/>
      </object_component>
      <object_component id="oc-181">
         <name>.text:IntMasterEnable</name>
         <load_address>0x5932</load_address>
         <run_address>0x5932</run_address>
         <size>0x10</size>
         <input_file_ref idref="fl-f1"/>
      </object_component>
      <object_component id="oc-1ea">
         <name>.text:lcd_clear</name>
         <load_address>0x5942</load_address>
         <run_address>0x5942</run_address>
         <size>0x10</size>
         <input_file_ref idref="fl-6"/>
      </object_component>
      <object_component id="oc-1b">
         <name>.text:decompress:none:__TI_decompress_none</name>
         <load_address>0x5952</load_address>
         <run_address>0x5952</run_address>
         <size>0xe</size>
         <input_file_ref idref="fl-d8"/>
      </object_component>
      <object_component id="oc-265">
         <name>.text:CPUcpsie</name>
         <load_address>0x5960</load_address>
         <run_address>0x5960</run_address>
         <size>0xc</size>
         <input_file_ref idref="fl-f2"/>
      </object_component>
      <object_component id="oc-50">
         <name>.text:decompress:ZI:__TI_zero_init</name>
         <load_address>0x596c</load_address>
         <run_address>0x596c</run_address>
         <size>0xc</size>
         <input_file_ref idref="fl-d7"/>
      </object_component>
      <object_component id="oc-2a">
         <name>.text</name>
         <load_address>0x5978</load_address>
         <run_address>0x5978</run_address>
         <size>0xc</size>
         <input_file_ref idref="fl-c"/>
      </object_component>
      <object_component id="oc-211">
         <name>.text:_outc</name>
         <load_address>0x5984</load_address>
         <run_address>0x5984</run_address>
         <size>0xa</size>
         <input_file_ref idref="fl-c8"/>
      </object_component>
      <object_component id="oc-273">
         <name>.text:__aeabi_errno_addr</name>
         <load_address>0x5990</load_address>
         <run_address>0x5990</run_address>
         <size>0x8</size>
         <input_file_ref idref="fl-dd"/>
      </object_component>
      <object_component id="oc-293">
         <name>.text:malloc</name>
         <load_address>0x5998</load_address>
         <run_address>0x5998</run_address>
         <size>0x8</size>
         <input_file_ref idref="fl-da"/>
      </object_component>
      <object_component id="oc-9c">
         <name>.text:_system_pre_init</name>
         <load_address>0x59a0</load_address>
         <run_address>0x59a0</run_address>
         <size>0x4</size>
         <input_file_ref idref="fl-e4"/>
      </object_component>
      <object_component id="oc-121">
         <name>.text:abort:abort</name>
         <load_address>0x59a4</load_address>
         <run_address>0x59a4</run_address>
         <size>0x4</size>
         <input_file_ref idref="fl-e6"/>
      </object_component>
      <object_component id="oc-37b">
         <name>.const:.string:_ctypes_</name>
         <load_address>0x59a8</load_address>
         <run_address>0x59a8</run_address>
         <size>0x101</size>
         <input_file_ref idref="fl-eb"/>
      </object_component>
      <object_component id="oc-22a">
         <name>.const:.string:lineAddress$1</name>
         <load_address>0x5aa9</load_address>
         <run_address>0x5aa9</run_address>
         <size>0x4</size>
         <input_file_ref idref="fl-6"/>
      </object_component>
      <object_component id="oc-1f1">
         <name>.const:.string:$P$T0$1</name>
         <load_address>0x5aad</load_address>
         <run_address>0x5aad</run_address>
         <size>0x1</size>
         <input_file_ref idref="fl-7"/>
      </object_component>
      <object_component id="oc-1f4">
         <name>.const:.string:$P$T1$2</name>
         <load_address>0x5aae</load_address>
         <run_address>0x5aae</run_address>
         <size>0x1</size>
         <input_file_ref idref="fl-7"/>
      </object_component>
      <object_component id="oc-1f7">
         <name>.const:.string:$P$T2$3</name>
         <load_address>0x5aaf</load_address>
         <run_address>0x5aaf</run_address>
         <size>0x1</size>
         <input_file_ref idref="fl-7"/>
      </object_component>
      <object_component id="oc-279">
         <name>.const:$O1$$</name>
         <load_address>0x5ab0</load_address>
         <run_address>0x5ab0</run_address>
         <size>0x30</size>
         <input_file_ref idref="fl-ca"/>
      </object_component>
      <object_component id="oc-1d5">
         <name>.const:.string:$P$T0$3</name>
         <load_address>0x5ae0</load_address>
         <run_address>0x5ae0</run_address>
         <size>0xf</size>
         <input_file_ref idref="fl-8"/>
      </object_component>
      <object_component id="oc-22b">
         <name>.const:.string:lineAddresses$2</name>
         <load_address>0x5aef</load_address>
         <run_address>0x5aef</run_address>
         <size>0x4</size>
         <input_file_ref idref="fl-6"/>
      </object_component>
      <object_component id="oc-1fa">
         <name>.const:.string:$P$T3$4</name>
         <load_address>0x5af3</load_address>
         <run_address>0x5af3</run_address>
         <size>0x1</size>
         <input_file_ref idref="fl-7"/>
      </object_component>
      <object_component id="oc-452">
         <name>.cinit..data.load</name>
         <load_address>0x5af8</load_address>
         <run_address>0x5af8</run_address>
         <size>0x30</size>
      </object_component>
      <object_component id="oc-44f">
         <name>__TI_handler_table</name>
         <load_address>0x5b28</load_address>
         <run_address>0x5b28</run_address>
         <size>0xc</size>
      </object_component>
      <object_component id="oc-453">
         <name>.cinit..bss.load</name>
         <load_address>0x5b38</load_address>
         <run_address>0x5b38</run_address>
         <size>0x8</size>
      </object_component>
      <object_component id="oc-451">
         <name>.cinit..vtable.load</name>
         <load_address>0x5b40</load_address>
         <run_address>0x5b40</run_address>
         <size>0x8</size>
      </object_component>
      <object_component id="oc-450">
         <name>__TI_cinit_table</name>
         <load_address>0x5b48</load_address>
         <run_address>0x5b48</run_address>
         <size>0x18</size>
      </object_component>
      <object_component id="oc-257">
         <name>.vtable</name>
         <uninitialized>true</uninitialized>
         <run_address>0x20000000</run_address>
         <size>0x26c</size>
         <input_file_ref idref="fl-f1"/>
      </object_component>
      <object_component id="oc-e9">
         <name>.data</name>
         <load_address>0x200012e0</load_address>
         <run_address>0x200012e0</run_address>
         <size>0x54</size>
         <input_file_ref idref="fl-2"/>
      </object_component>
      <object_component id="oc-17a">
         <name>.data</name>
         <load_address>0x20001375</load_address>
         <run_address>0x20001375</run_address>
         <size>0x1</size>
         <input_file_ref idref="fl-3"/>
      </object_component>
      <object_component id="oc-22f">
         <name>.data</name>
         <load_address>0x2000136c</load_address>
         <run_address>0x2000136c</run_address>
         <size>0x9</size>
         <input_file_ref idref="fl-5"/>
      </object_component>
      <object_component id="oc-103">
         <name>.data</name>
         <load_address>0x20001388</load_address>
         <run_address>0x20001388</run_address>
         <size>0x8</size>
         <input_file_ref idref="fl-7"/>
      </object_component>
      <object_component id="oc-1d2">
         <name>.data</name>
         <load_address>0x20001334</load_address>
         <run_address>0x20001334</run_address>
         <size>0x20</size>
         <input_file_ref idref="fl-8"/>
      </object_component>
      <object_component id="oc-1ab">
         <name>.data</name>
         <load_address>0x20001354</load_address>
         <run_address>0x20001354</run_address>
         <size>0x18</size>
         <input_file_ref idref="fl-9"/>
      </object_component>
      <object_component id="oc-170">
         <name>.data</name>
         <load_address>0x20001394</load_address>
         <run_address>0x20001394</run_address>
         <size>0x4</size>
         <input_file_ref idref="fl-b"/>
      </object_component>
      <object_component id="oc-372">
         <name>.data:$O1$$</name>
         <load_address>0x20001380</load_address>
         <run_address>0x20001380</run_address>
         <size>0x8</size>
         <input_file_ref idref="fl-da"/>
      </object_component>
      <object_component id="oc-350">
         <name>.data</name>
         <load_address>0x20001390</load_address>
         <run_address>0x20001390</run_address>
         <size>0x4</size>
         <input_file_ref idref="fl-dd"/>
      </object_component>
      <object_component id="oc-238">
         <name>.data:$O1$$</name>
         <load_address>0x20001378</load_address>
         <run_address>0x20001378</run_address>
         <size>0x8</size>
         <input_file_ref idref="fl-e7"/>
      </object_component>
      <object_component id="oc-22c">
         <name>.bss:lastbuffer$3</name>
         <uninitialized>true</uninitialized>
         <run_address>0x20000e58</run_address>
         <size>0x54</size>
         <input_file_ref idref="fl-6"/>
      </object_component>
      <object_component id="oc-1dd">
         <name>.bss:firmware$2</name>
         <uninitialized>true</uninitialized>
         <run_address>0x20000eac</run_address>
         <size>0x18</size>
         <input_file_ref idref="fl-8"/>
      </object_component>
      <object_component id="oc-200">
         <name>.common:uart_data</name>
         <uninitialized>true</uninitialized>
         <run_address>0x20000ed9</run_address>
         <size>0x1</size>
      </object_component>
      <object_component id="oc-11e">
         <name>.common:str4</name>
         <uninitialized>true</uninitialized>
         <run_address>0x20000a70</run_address>
         <size>0x3e8</size>
      </object_component>
      <object_component id="oc-f8">
         <name>.common:i</name>
         <uninitialized>true</uninitialized>
         <run_address>0x20000ecc</run_address>
         <size>0x4</size>
      </object_component>
      <object_component id="oc-11f">
         <name>.common:select</name>
         <uninitialized>true</uninitialized>
         <run_address>0x20000ed8</run_address>
         <size>0x1</size>
      </object_component>
      <object_component id="oc-fb">
         <name>.common:q</name>
         <uninitialized>true</uninitialized>
         <run_address>0x20000ed4</run_address>
         <size>0x4</size>
      </object_component>
      <object_component id="oc-102">
         <name>.common:min</name>
         <uninitialized>true</uninitialized>
         <run_address>0x20000ed0</run_address>
         <size>0x4</size>
      </object_component>
      <object_component id="oc-17d">
         <name>.common:_timeout_ticks</name>
         <uninitialized>true</uninitialized>
         <run_address>0x20000ec4</run_address>
         <size>0x4</size>
      </object_component>
      <object_component id="oc-1ae">
         <name>.common:clockCyclePeriod</name>
         <uninitialized>true</uninitialized>
         <run_address>0x20000ec8</run_address>
         <size>0x4</size>
      </object_component>
      <object_component id="oc-24">
         <name>.sysmem</name>
         <uninitialized>true</uninitialized>
         <run_address>0x20000ee0</run_address>
         <size>0x10</size>
         <input_file_ref idref="fl-da"/>
      </object_component>
      <object_component id="oc-456">
         <name>.sysmem</name>
         <uninitialized>true</uninitialized>
         <run_address>0x20000ee0</run_address>
         <size>0x0</size>
      </object_component>
      <object_component id="oc-27">
         <name>.stack</name>
         <uninitialized>true</uninitialized>
         <run_address>0x20000270</run_address>
         <size>0x4</size>
         <input_file_ref idref="fl-de"/>
      </object_component>
      <object_component id="oc-455">
         <name>.stack</name>
         <uninitialized>true</uninitialized>
         <run_address>0x20000270</run_address>
         <size>0x0</size>
      </object_component>
      <object_component id="oc-c5">
         <name>.debug_info</name>
         <load_address>0x0</load_address>
         <run_address>0x0</run_address>
         <size>0x90d</size>
         <input_file_ref idref="fl-2"/>
      </object_component>
      <object_component id="oc-ea">
         <name>.debug_info</name>
         <load_address>0x90d</load_address>
         <run_address>0x90d</run_address>
         <size>0x325</size>
         <input_file_ref idref="fl-2"/>
      </object_component>
      <object_component id="oc-a3">
         <name>.debug_info</name>
         <load_address>0xc32</load_address>
         <run_address>0xc32</run_address>
         <size>0xba5</size>
         <input_file_ref idref="fl-2"/>
      </object_component>
      <object_component id="oc-161">
         <name>.debug_info</name>
         <load_address>0x17d7</load_address>
         <run_address>0x17d7</run_address>
         <size>0x5aa</size>
         <input_file_ref idref="fl-2"/>
      </object_component>
      <object_component id="oc-77">
         <name>.debug_info</name>
         <load_address>0x1d81</load_address>
         <run_address>0x1d81</run_address>
         <size>0x26b</size>
         <input_file_ref idref="fl-2"/>
      </object_component>
      <object_component id="oc-39">
         <name>.debug_info</name>
         <load_address>0x1fec</load_address>
         <run_address>0x1fec</run_address>
         <size>0x84</size>
         <input_file_ref idref="fl-2"/>
      </object_component>
      <object_component id="oc-c0">
         <name>.debug_info</name>
         <load_address>0x2070</load_address>
         <run_address>0x2070</run_address>
         <size>0x2a4</size>
         <input_file_ref idref="fl-2"/>
      </object_component>
      <object_component id="oc-7c">
         <name>.debug_info</name>
         <load_address>0x2314</load_address>
         <run_address>0x2314</run_address>
         <size>0xbb</size>
         <input_file_ref idref="fl-2"/>
      </object_component>
      <object_component id="oc-2b0">
         <name>.debug_info</name>
         <load_address>0x23cf</load_address>
         <run_address>0x23cf</run_address>
         <size>0xcc</size>
         <input_file_ref idref="fl-2"/>
      </object_component>
      <object_component id="oc-219">
         <name>.debug_info</name>
         <load_address>0x249b</load_address>
         <run_address>0x249b</run_address>
         <size>0x2c</size>
         <input_file_ref idref="fl-2"/>
      </object_component>
      <object_component id="oc-166">
         <name>.debug_info</name>
         <load_address>0x24c7</load_address>
         <run_address>0x24c7</run_address>
         <size>0x35</size>
         <input_file_ref idref="fl-2"/>
      </object_component>
      <object_component id="oc-16b">
         <name>.debug_info</name>
         <load_address>0x24fc</load_address>
         <run_address>0x24fc</run_address>
         <size>0xda</size>
         <input_file_ref idref="fl-2"/>
      </object_component>
      <object_component id="oc-17e">
         <name>.debug_info</name>
         <load_address>0x25d6</load_address>
         <run_address>0x25d6</run_address>
         <size>0x2ab</size>
         <input_file_ref idref="fl-3"/>
      </object_component>
      <object_component id="oc-17b">
         <name>.debug_info</name>
         <load_address>0x2881</load_address>
         <run_address>0x2881</run_address>
         <size>0xb9</size>
         <input_file_ref idref="fl-3"/>
      </object_component>
      <object_component id="oc-e0">
         <name>.debug_info</name>
         <load_address>0x293a</load_address>
         <run_address>0x293a</run_address>
         <size>0x501</size>
         <input_file_ref idref="fl-3"/>
      </object_component>
      <object_component id="oc-119">
         <name>.debug_info</name>
         <load_address>0x2e3b</load_address>
         <run_address>0x2e3b</run_address>
         <size>0x13c</size>
         <input_file_ref idref="fl-4"/>
      </object_component>
      <object_component id="oc-325">
         <name>.debug_info</name>
         <load_address>0x2f77</load_address>
         <run_address>0x2f77</run_address>
         <size>0x2b1</size>
         <input_file_ref idref="fl-5"/>
      </object_component>
      <object_component id="oc-230">
         <name>.debug_info</name>
         <load_address>0x3228</load_address>
         <run_address>0x3228</run_address>
         <size>0xe7</size>
         <input_file_ref idref="fl-5"/>
      </object_component>
      <object_component id="oc-115">
         <name>.debug_info</name>
         <load_address>0x330f</load_address>
         <run_address>0x330f</run_address>
         <size>0x279</size>
         <input_file_ref idref="fl-5"/>
      </object_component>
      <object_component id="oc-22e">
         <name>.debug_info</name>
         <load_address>0x3588</load_address>
         <run_address>0x3588</run_address>
         <size>0x373</size>
         <input_file_ref idref="fl-6"/>
      </object_component>
      <object_component id="oc-1eb">
         <name>.debug_info</name>
         <load_address>0x38fb</load_address>
         <run_address>0x38fb</run_address>
         <size>0x10e</size>
         <input_file_ref idref="fl-6"/>
      </object_component>
      <object_component id="oc-10d">
         <name>.debug_info</name>
         <load_address>0x3a09</load_address>
         <run_address>0x3a09</run_address>
         <size>0x89a</size>
         <input_file_ref idref="fl-6"/>
      </object_component>
      <object_component id="oc-f9">
         <name>.debug_info</name>
         <load_address>0x42a3</load_address>
         <run_address>0x42a3</run_address>
         <size>0x470</size>
         <input_file_ref idref="fl-7"/>
      </object_component>
      <object_component id="oc-104">
         <name>.debug_info</name>
         <load_address>0x4713</load_address>
         <run_address>0x4713</run_address>
         <size>0xdf</size>
         <input_file_ref idref="fl-7"/>
      </object_component>
      <object_component id="oc-1f2">
         <name>.debug_info</name>
         <load_address>0x47f2</load_address>
         <run_address>0x47f2</run_address>
         <size>0xb9</size>
         <input_file_ref idref="fl-7"/>
      </object_component>
      <object_component id="oc-1f5">
         <name>.debug_info</name>
         <load_address>0x48ab</load_address>
         <run_address>0x48ab</run_address>
         <size>0xb9</size>
         <input_file_ref idref="fl-7"/>
      </object_component>
      <object_component id="oc-1f8">
         <name>.debug_info</name>
         <load_address>0x4964</load_address>
         <run_address>0x4964</run_address>
         <size>0xb9</size>
         <input_file_ref idref="fl-7"/>
      </object_component>
      <object_component id="oc-1fb">
         <name>.debug_info</name>
         <load_address>0x4a1d</load_address>
         <run_address>0x4a1d</run_address>
         <size>0xb9</size>
         <input_file_ref idref="fl-7"/>
      </object_component>
      <object_component id="oc-f3">
         <name>.debug_info</name>
         <load_address>0x4ad6</load_address>
         <run_address>0x4ad6</run_address>
         <size>0xd68</size>
         <input_file_ref idref="fl-7"/>
      </object_component>
      <object_component id="oc-1df">
         <name>.debug_info</name>
         <load_address>0x583e</load_address>
         <run_address>0x583e</run_address>
         <size>0x3f0</size>
         <input_file_ref idref="fl-8"/>
      </object_component>
      <object_component id="oc-1d3">
         <name>.debug_info</name>
         <load_address>0x5c2e</load_address>
         <run_address>0x5c2e</run_address>
         <size>0x10b</size>
         <input_file_ref idref="fl-8"/>
      </object_component>
      <object_component id="oc-1d6">
         <name>.debug_info</name>
         <load_address>0x5d39</load_address>
         <run_address>0x5d39</run_address>
         <size>0xc0</size>
         <input_file_ref idref="fl-8"/>
      </object_component>
      <object_component id="oc-1c7">
         <name>.debug_info</name>
         <load_address>0x5df9</load_address>
         <run_address>0x5df9</run_address>
         <size>0x138</size>
         <input_file_ref idref="fl-8"/>
      </object_component>
      <object_component id="oc-ee">
         <name>.debug_info</name>
         <load_address>0x5f31</load_address>
         <run_address>0x5f31</run_address>
         <size>0x1900</size>
         <input_file_ref idref="fl-8"/>
      </object_component>
      <object_component id="oc-1b2">
         <name>.debug_info</name>
         <load_address>0x7831</load_address>
         <run_address>0x7831</run_address>
         <size>0x8b</size>
         <input_file_ref idref="fl-8"/>
      </object_component>
      <object_component id="oc-1af">
         <name>.debug_info</name>
         <load_address>0x78bc</load_address>
         <run_address>0x78bc</run_address>
         <size>0x337</size>
         <input_file_ref idref="fl-9"/>
      </object_component>
      <object_component id="oc-1ac">
         <name>.debug_info</name>
         <load_address>0x7bf3</load_address>
         <run_address>0x7bf3</run_address>
         <size>0x17d</size>
         <input_file_ref idref="fl-9"/>
      </object_component>
      <object_component id="oc-e5">
         <name>.debug_info</name>
         <load_address>0x7d70</load_address>
         <run_address>0x7d70</run_address>
         <size>0x2b1</size>
         <input_file_ref idref="fl-9"/>
      </object_component>
      <object_component id="oc-256">
         <name>.debug_info</name>
         <load_address>0x8021</load_address>
         <run_address>0x8021</run_address>
         <size>0x24f</size>
         <input_file_ref idref="fl-b"/>
      </object_component>
      <object_component id="oc-171">
         <name>.debug_info</name>
         <load_address>0x8270</load_address>
         <run_address>0x8270</run_address>
         <size>0xb5</size>
         <input_file_ref idref="fl-b"/>
      </object_component>
      <object_component id="oc-da">
         <name>.debug_info</name>
         <load_address>0x8325</load_address>
         <run_address>0x8325</run_address>
         <size>0x1e9</size>
         <input_file_ref idref="fl-b"/>
      </object_component>
      <object_component id="oc-32">
         <name>.debug_info</name>
         <load_address>0x850e</load_address>
         <run_address>0x850e</run_address>
         <size>0x295</size>
         <input_file_ref idref="fl-c"/>
      </object_component>
      <object_component id="oc-13">
         <name>.debug_info</name>
         <load_address>0x87a3</load_address>
         <run_address>0x87a3</run_address>
         <size>0xd4</size>
         <input_file_ref idref="fl-c"/>
      </object_component>
      <object_component id="oc-2b">
         <name>.debug_info</name>
         <load_address>0x8877</load_address>
         <run_address>0x8877</run_address>
         <size>0x250</size>
         <input_file_ref idref="fl-c"/>
      </object_component>
      <object_component id="oc-202">
         <name>.debug_info</name>
         <load_address>0x8ac7</load_address>
         <run_address>0x8ac7</run_address>
         <size>0x2de</size>
         <input_file_ref idref="fl-d"/>
      </object_component>
      <object_component id="oc-ff">
         <name>.debug_info</name>
         <load_address>0x8da5</load_address>
         <run_address>0x8da5</run_address>
         <size>0x4ef</size>
         <input_file_ref idref="fl-d"/>
      </object_component>
      <object_component id="oc-ce">
         <name>.debug_info</name>
         <load_address>0x9294</load_address>
         <run_address>0x9294</run_address>
         <size>0x2c</size>
         <input_file_ref idref="fl-d"/>
      </object_component>
      <object_component id="oc-218">
         <name>.debug_info</name>
         <load_address>0x92c0</load_address>
         <run_address>0x92c0</run_address>
         <size>0x333</size>
         <input_file_ref idref="fl-c8"/>
      </object_component>
      <object_component id="oc-107">
         <name>.debug_info</name>
         <load_address>0x95f3</load_address>
         <run_address>0x95f3</run_address>
         <size>0x1d1</size>
         <input_file_ref idref="fl-c8"/>
      </object_component>
      <object_component id="oc-20c">
         <name>.debug_info</name>
         <load_address>0x97c4</load_address>
         <run_address>0x97c4</run_address>
         <size>0x18d</size>
         <input_file_ref idref="fl-c8"/>
      </object_component>
      <object_component id="oc-215">
         <name>.debug_info</name>
         <load_address>0x9951</load_address>
         <run_address>0x9951</run_address>
         <size>0x16d</size>
         <input_file_ref idref="fl-c8"/>
      </object_component>
      <object_component id="oc-315">
         <name>.debug_info</name>
         <load_address>0x9abe</load_address>
         <run_address>0x9abe</run_address>
         <size>0x2c</size>
         <input_file_ref idref="fl-c8"/>
      </object_component>
      <object_component id="oc-314">
         <name>.debug_info</name>
         <load_address>0x9aea</load_address>
         <run_address>0x9aea</run_address>
         <size>0x340</size>
         <input_file_ref idref="fl-c9"/>
      </object_component>
      <object_component id="oc-21f">
         <name>.debug_info</name>
         <load_address>0x9e2a</load_address>
         <run_address>0x9e2a</run_address>
         <size>0x208</size>
         <input_file_ref idref="fl-c9"/>
      </object_component>
      <object_component id="oc-308">
         <name>.debug_info</name>
         <load_address>0xa032</load_address>
         <run_address>0xa032</run_address>
         <size>0x1c6</size>
         <input_file_ref idref="fl-c9"/>
      </object_component>
      <object_component id="oc-310">
         <name>.debug_info</name>
         <load_address>0xa1f8</load_address>
         <run_address>0xa1f8</run_address>
         <size>0x179</size>
         <input_file_ref idref="fl-c9"/>
      </object_component>
      <object_component id="oc-31a">
         <name>.debug_info</name>
         <load_address>0xa371</load_address>
         <run_address>0xa371</run_address>
         <size>0x69</size>
         <input_file_ref idref="fl-c9"/>
      </object_component>
      <object_component id="oc-288">
         <name>.debug_info</name>
         <load_address>0xa3da</load_address>
         <run_address>0xa3da</run_address>
         <size>0x363</size>
         <input_file_ref idref="fl-ca"/>
      </object_component>
      <object_component id="oc-27a">
         <name>.debug_info</name>
         <load_address>0xa73d</load_address>
         <run_address>0xa73d</run_address>
         <size>0x128</size>
         <input_file_ref idref="fl-ca"/>
      </object_component>
      <object_component id="oc-18d">
         <name>.debug_info</name>
         <load_address>0xa865</load_address>
         <run_address>0xa865</run_address>
         <size>0xbdf</size>
         <input_file_ref idref="fl-ca"/>
      </object_component>
      <object_component id="oc-364">
         <name>.debug_info</name>
         <load_address>0xb444</load_address>
         <run_address>0xb444</run_address>
         <size>0x46</size>
         <input_file_ref idref="fl-ca"/>
      </object_component>
      <object_component id="oc-283">
         <name>.debug_info</name>
         <load_address>0xb48a</load_address>
         <run_address>0xb48a</run_address>
         <size>0x39</size>
         <input_file_ref idref="fl-ca"/>
      </object_component>
      <object_component id="oc-34f">
         <name>.debug_info</name>
         <load_address>0xb4c3</load_address>
         <run_address>0xb4c3</run_address>
         <size>0x2ca</size>
         <input_file_ref idref="fl-cb"/>
      </object_component>
      <object_component id="oc-26e">
         <name>.debug_info</name>
         <load_address>0xb78d</load_address>
         <run_address>0xb78d</run_address>
         <size>0x24e</size>
         <input_file_ref idref="fl-cb"/>
      </object_component>
      <object_component id="oc-35e">
         <name>.debug_info</name>
         <load_address>0xb9db</load_address>
         <run_address>0xb9db</run_address>
         <size>0x2fd</size>
         <input_file_ref idref="fl-cc"/>
      </object_component>
      <object_component id="oc-27d">
         <name>.debug_info</name>
         <load_address>0xbcd8</load_address>
         <run_address>0xbcd8</run_address>
         <size>0x225</size>
         <input_file_ref idref="fl-cc"/>
      </object_component>
      <object_component id="oc-3e9">
         <name>.debug_info</name>
         <load_address>0xbefd</load_address>
         <run_address>0xbefd</run_address>
         <size>0x39</size>
         <input_file_ref idref="fl-cc"/>
      </object_component>
      <object_component id="oc-35f">
         <name>.debug_info</name>
         <load_address>0xbf36</load_address>
         <run_address>0xbf36</run_address>
         <size>0x2c</size>
         <input_file_ref idref="fl-cc"/>
      </object_component>
      <object_component id="oc-35a">
         <name>.debug_info</name>
         <load_address>0xbf62</load_address>
         <run_address>0xbf62</run_address>
         <size>0x161</size>
         <input_file_ref idref="fl-cd"/>
      </object_component>
      <object_component id="oc-194">
         <name>.debug_info</name>
         <load_address>0xc0c3</load_address>
         <run_address>0xc0c3</run_address>
         <size>0x14c</size>
         <input_file_ref idref="fl-ce"/>
      </object_component>
      <object_component id="oc-1e1">
         <name>.debug_info</name>
         <load_address>0xc20f</load_address>
         <run_address>0xc20f</run_address>
         <size>0x128</size>
         <input_file_ref idref="fl-cf"/>
      </object_component>
      <object_component id="oc-1e6">
         <name>.debug_info</name>
         <load_address>0xc337</load_address>
         <run_address>0xc337</run_address>
         <size>0x12a</size>
         <input_file_ref idref="fl-cf"/>
      </object_component>
      <object_component id="oc-1a4">
         <name>.debug_info</name>
         <load_address>0xc461</load_address>
         <run_address>0xc461</run_address>
         <size>0x13a</size>
         <input_file_ref idref="fl-d0"/>
      </object_component>
      <object_component id="oc-19f">
         <name>.debug_info</name>
         <load_address>0xc59b</load_address>
         <run_address>0xc59b</run_address>
         <size>0x13a</size>
         <input_file_ref idref="fl-d1"/>
      </object_component>
      <object_component id="oc-19a">
         <name>.debug_info</name>
         <load_address>0xc6d5</load_address>
         <run_address>0xc6d5</run_address>
         <size>0x12e</size>
         <input_file_ref idref="fl-d2"/>
      </object_component>
      <object_component id="oc-1a7">
         <name>.debug_info</name>
         <load_address>0xc803</load_address>
         <run_address>0xc803</run_address>
         <size>0x13e</size>
         <input_file_ref idref="fl-d3"/>
      </object_component>
      <object_component id="oc-1d9">
         <name>.debug_info</name>
         <load_address>0xc941</load_address>
         <run_address>0xc941</run_address>
         <size>0x12c</size>
         <input_file_ref idref="fl-d4"/>
      </object_component>
      <object_component id="oc-189">
         <name>.debug_info</name>
         <load_address>0xca6d</load_address>
         <run_address>0xca6d</run_address>
         <size>0x12c</size>
         <input_file_ref idref="fl-d5"/>
      </object_component>
      <object_component id="oc-41">
         <name>.debug_info</name>
         <load_address>0xcb99</load_address>
         <run_address>0xcb99</run_address>
         <size>0x119</size>
         <input_file_ref idref="fl-d6"/>
      </object_component>
      <object_component id="oc-95">
         <name>.debug_info</name>
         <load_address>0xccb2</load_address>
         <run_address>0xccb2</run_address>
         <size>0x2d4</size>
         <input_file_ref idref="fl-d7"/>
      </object_component>
      <object_component id="oc-52">
         <name>.debug_info</name>
         <load_address>0xcf86</load_address>
         <run_address>0xcf86</run_address>
         <size>0x1b5</size>
         <input_file_ref idref="fl-d7"/>
      </object_component>
      <object_component id="oc-90">
         <name>.debug_info</name>
         <load_address>0xd13b</load_address>
         <run_address>0xd13b</run_address>
         <size>0x46</size>
         <input_file_ref idref="fl-d7"/>
      </object_component>
      <object_component id="oc-49">
         <name>.debug_info</name>
         <load_address>0xd181</load_address>
         <run_address>0xd181</run_address>
         <size>0x2a8</size>
         <input_file_ref idref="fl-d8"/>
      </object_component>
      <object_component id="oc-1d">
         <name>.debug_info</name>
         <load_address>0xd429</load_address>
         <run_address>0xd429</run_address>
         <size>0x1ea</size>
         <input_file_ref idref="fl-d8"/>
      </object_component>
      <object_component id="oc-44">
         <name>.debug_info</name>
         <load_address>0xd613</load_address>
         <run_address>0xd613</run_address>
         <size>0x46</size>
         <input_file_ref idref="fl-d8"/>
      </object_component>
      <object_component id="oc-88">
         <name>.debug_info</name>
         <load_address>0xd659</load_address>
         <run_address>0xd659</run_address>
         <size>0x2c</size>
         <input_file_ref idref="fl-d8"/>
      </object_component>
      <object_component id="oc-86">
         <name>.debug_info</name>
         <load_address>0xd685</load_address>
         <run_address>0xd685</run_address>
         <size>0x29e</size>
         <input_file_ref idref="fl-d9"/>
      </object_component>
      <object_component id="oc-17">
         <name>.debug_info</name>
         <load_address>0xd923</load_address>
         <run_address>0xd923</run_address>
         <size>0x250</size>
         <input_file_ref idref="fl-d9"/>
      </object_component>
      <object_component id="oc-34">
         <name>.debug_info</name>
         <load_address>0xdb73</load_address>
         <run_address>0xdb73</run_address>
         <size>0x60</size>
         <input_file_ref idref="fl-d9"/>
      </object_component>
      <object_component id="oc-c7">
         <name>.debug_info</name>
         <load_address>0xdbd3</load_address>
         <run_address>0xdbd3</run_address>
         <size>0x46</size>
         <input_file_ref idref="fl-d9"/>
      </object_component>
      <object_component id="oc-81">
         <name>.debug_info</name>
         <load_address>0xdc19</load_address>
         <run_address>0xdc19</run_address>
         <size>0x39</size>
         <input_file_ref idref="fl-d9"/>
      </object_component>
      <object_component id="oc-70">
         <name>.debug_info</name>
         <load_address>0xdc52</load_address>
         <run_address>0xdc52</run_address>
         <size>0x3b2</size>
         <input_file_ref idref="fl-da"/>
      </object_component>
      <object_component id="oc-25">
         <name>.debug_info</name>
         <load_address>0xe004</load_address>
         <run_address>0xe004</run_address>
         <size>0x10c</size>
         <input_file_ref idref="fl-da"/>
      </object_component>
      <object_component id="oc-373">
         <name>.debug_info</name>
         <load_address>0xe110</load_address>
         <run_address>0xe110</run_address>
         <size>0x13f</size>
         <input_file_ref idref="fl-da"/>
      </object_component>
      <object_component id="oc-296">
         <name>.debug_info</name>
         <load_address>0xe24f</load_address>
         <run_address>0xe24f</run_address>
         <size>0x168</size>
         <input_file_ref idref="fl-da"/>
      </object_component>
      <object_component id="oc-29b">
         <name>.debug_info</name>
         <load_address>0xe3b7</load_address>
         <run_address>0xe3b7</run_address>
         <size>0x18e</size>
         <input_file_ref idref="fl-da"/>
      </object_component>
      <object_component id="oc-2a1">
         <name>.debug_info</name>
         <load_address>0xe545</load_address>
         <run_address>0xe545</run_address>
         <size>0x19f</size>
         <input_file_ref idref="fl-da"/>
      </object_component>
      <object_component id="oc-1c0">
         <name>.debug_info</name>
         <load_address>0xe6e4</load_address>
         <run_address>0xe6e4</run_address>
         <size>0x203</size>
         <input_file_ref idref="fl-da"/>
      </object_component>
      <object_component id="oc-3f1">
         <name>.debug_info</name>
         <load_address>0xe8e7</load_address>
         <run_address>0xe8e7</run_address>
         <size>0x1db</size>
         <input_file_ref idref="fl-da"/>
      </object_component>
      <object_component id="oc-1ba">
         <name>.debug_info</name>
         <load_address>0xeac2</load_address>
         <run_address>0xeac2</run_address>
         <size>0x1a5</size>
         <input_file_ref idref="fl-da"/>
      </object_component>
      <object_component id="oc-36e">
         <name>.debug_info</name>
         <load_address>0xec67</load_address>
         <run_address>0xec67</run_address>
         <size>0x299</size>
         <input_file_ref idref="fl-da"/>
      </object_component>
      <object_component id="oc-bb">
         <name>.debug_info</name>
         <load_address>0xef00</load_address>
         <run_address>0xef00</run_address>
         <size>0xb2</size>
         <input_file_ref idref="fl-da"/>
      </object_component>
      <object_component id="oc-b6">
         <name>.debug_info</name>
         <load_address>0xefb2</load_address>
         <run_address>0xefb2</run_address>
         <size>0x2c</size>
         <input_file_ref idref="fl-da"/>
      </object_component>
      <object_component id="oc-2a8">
         <name>.debug_info</name>
         <load_address>0xefde</load_address>
         <run_address>0xefde</run_address>
         <size>0x28a</size>
         <input_file_ref idref="fl-db"/>
      </object_component>
      <object_component id="oc-1cd">
         <name>.debug_info</name>
         <load_address>0xf268</load_address>
         <run_address>0xf268</run_address>
         <size>0x273</size>
         <input_file_ref idref="fl-db"/>
      </object_component>
      <object_component id="oc-320">
         <name>.debug_info</name>
         <load_address>0xf4db</load_address>
         <run_address>0xf4db</run_address>
         <size>0x2a4</size>
         <input_file_ref idref="fl-dc"/>
      </object_component>
      <object_component id="oc-225">
         <name>.debug_info</name>
         <load_address>0xf77f</load_address>
         <run_address>0xf77f</run_address>
         <size>0x24d</size>
         <input_file_ref idref="fl-dc"/>
      </object_component>
      <object_component id="oc-354">
         <name>.debug_info</name>
         <load_address>0xf9cc</load_address>
         <run_address>0xf9cc</run_address>
         <size>0x289</size>
         <input_file_ref idref="fl-dd"/>
      </object_component>
      <object_component id="oc-351">
         <name>.debug_info</name>
         <load_address>0xfc55</load_address>
         <run_address>0xfc55</run_address>
         <size>0x10e</size>
         <input_file_ref idref="fl-dd"/>
      </object_component>
      <object_component id="oc-276">
         <name>.debug_info</name>
         <load_address>0xfd63</load_address>
         <run_address>0xfd63</run_address>
         <size>0x14e</size>
         <input_file_ref idref="fl-dd"/>
      </object_component>
      <object_component id="oc-28">
         <name>.debug_info</name>
         <load_address>0xfeb1</load_address>
         <run_address>0xfeb1</run_address>
         <size>0x10b</size>
         <input_file_ref idref="fl-de"/>
      </object_component>
      <object_component id="oc-5d">
         <name>.debug_info</name>
         <load_address>0xffbc</load_address>
         <run_address>0xffbc</run_address>
         <size>0x1a9</size>
         <input_file_ref idref="fl-de"/>
      </object_component>
      <object_component id="oc-2f8">
         <name>.debug_info</name>
         <load_address>0x10165</load_address>
         <run_address>0x10165</run_address>
         <size>0x590</size>
         <input_file_ref idref="fl-df"/>
      </object_component>
      <object_component id="oc-2ce">
         <name>.debug_info</name>
         <load_address>0x106f5</load_address>
         <run_address>0x106f5</run_address>
         <size>0x21e</size>
         <input_file_ref idref="fl-df"/>
      </object_component>
      <object_component id="oc-38d">
         <name>.debug_info</name>
         <load_address>0x10913</load_address>
         <run_address>0x10913</run_address>
         <size>0x1b3</size>
         <input_file_ref idref="fl-df"/>
      </object_component>
      <object_component id="oc-393">
         <name>.debug_info</name>
         <load_address>0x10ac6</load_address>
         <run_address>0x10ac6</run_address>
         <size>0x21b</size>
         <input_file_ref idref="fl-df"/>
      </object_component>
      <object_component id="oc-2d4">
         <name>.debug_info</name>
         <load_address>0x10ce1</load_address>
         <run_address>0x10ce1</run_address>
         <size>0x3c0</size>
         <input_file_ref idref="fl-df"/>
      </object_component>
      <object_component id="oc-39a">
         <name>.debug_info</name>
         <load_address>0x110a1</load_address>
         <run_address>0x110a1</run_address>
         <size>0x30a</size>
         <input_file_ref idref="fl-df"/>
      </object_component>
      <object_component id="oc-3a0">
         <name>.debug_info</name>
         <load_address>0x113ab</load_address>
         <run_address>0x113ab</run_address>
         <size>0x215</size>
         <input_file_ref idref="fl-df"/>
      </object_component>
      <object_component id="oc-2da">
         <name>.debug_info</name>
         <load_address>0x115c0</load_address>
         <run_address>0x115c0</run_address>
         <size>0x215</size>
         <input_file_ref idref="fl-df"/>
      </object_component>
      <object_component id="oc-2e0">
         <name>.debug_info</name>
         <load_address>0x117d5</load_address>
         <run_address>0x117d5</run_address>
         <size>0x304</size>
         <input_file_ref idref="fl-df"/>
      </object_component>
      <object_component id="oc-2e6">
         <name>.debug_info</name>
         <load_address>0x11ad9</load_address>
         <run_address>0x11ad9</run_address>
         <size>0x4b5</size>
         <input_file_ref idref="fl-df"/>
      </object_component>
      <object_component id="oc-206">
         <name>.debug_info</name>
         <load_address>0x11f8e</load_address>
         <run_address>0x11f8e</run_address>
         <size>0x5f4</size>
         <input_file_ref idref="fl-df"/>
      </object_component>
      <object_component id="oc-2f9">
         <name>.debug_info</name>
         <load_address>0x12582</load_address>
         <run_address>0x12582</run_address>
         <size>0x86</size>
         <input_file_ref idref="fl-df"/>
      </object_component>
      <object_component id="oc-3bf">
         <name>.debug_info</name>
         <load_address>0x12608</load_address>
         <run_address>0x12608</run_address>
         <size>0x39</size>
         <input_file_ref idref="fl-df"/>
      </object_component>
      <object_component id="oc-417">
         <name>.debug_info</name>
         <load_address>0x12641</load_address>
         <run_address>0x12641</run_address>
         <size>0xb6</size>
         <input_file_ref idref="fl-df"/>
      </object_component>
      <object_component id="oc-3c4">
         <name>.debug_info</name>
         <load_address>0x126f7</load_address>
         <run_address>0x126f7</run_address>
         <size>0x46</size>
         <input_file_ref idref="fl-df"/>
      </object_component>
      <object_component id="oc-2fe">
         <name>.debug_info</name>
         <load_address>0x1273d</load_address>
         <run_address>0x1273d</run_address>
         <size>0x46</size>
         <input_file_ref idref="fl-df"/>
      </object_component>
      <object_component id="oc-40b">
         <name>.debug_info</name>
         <load_address>0x12783</load_address>
         <run_address>0x12783</run_address>
         <size>0x29a</size>
         <input_file_ref idref="fl-e0"/>
      </object_component>
      <object_component id="oc-3aa">
         <name>.debug_info</name>
         <load_address>0x12a1d</load_address>
         <run_address>0x12a1d</run_address>
         <size>0x195</size>
         <input_file_ref idref="fl-e0"/>
      </object_component>
      <object_component id="oc-381">
         <name>.debug_info</name>
         <load_address>0x12bb2</load_address>
         <run_address>0x12bb2</run_address>
         <size>0x134</size>
         <input_file_ref idref="fl-e1"/>
      </object_component>
      <object_component id="oc-97">
         <name>.debug_info</name>
         <load_address>0x12ce6</load_address>
         <run_address>0x12ce6</run_address>
         <size>0x147</size>
         <input_file_ref idref="fl-e2"/>
      </object_component>
      <object_component id="oc-23f">
         <name>.debug_info</name>
         <load_address>0x12e2d</load_address>
         <run_address>0x12e2d</run_address>
         <size>0x4b3</size>
         <input_file_ref idref="fl-e3"/>
      </object_component>
      <object_component id="oc-131">
         <name>.debug_info</name>
         <load_address>0x132e0</load_address>
         <run_address>0x132e0</run_address>
         <size>0x1a6</size>
         <input_file_ref idref="fl-e3"/>
      </object_component>
      <object_component id="oc-336">
         <name>.debug_info</name>
         <load_address>0x13486</load_address>
         <run_address>0x13486</run_address>
         <size>0x39</size>
         <input_file_ref idref="fl-e3"/>
      </object_component>
      <object_component id="oc-3d4">
         <name>.debug_info</name>
         <load_address>0x134bf</load_address>
         <run_address>0x134bf</run_address>
         <size>0x39</size>
         <input_file_ref idref="fl-e3"/>
      </object_component>
      <object_component id="oc-33b">
         <name>.debug_info</name>
         <load_address>0x134f8</load_address>
         <run_address>0x134f8</run_address>
         <size>0x39</size>
         <input_file_ref idref="fl-e3"/>
      </object_component>
      <object_component id="oc-340">
         <name>.debug_info</name>
         <load_address>0x13531</load_address>
         <run_address>0x13531</run_address>
         <size>0xcd</size>
         <input_file_ref idref="fl-e3"/>
      </object_component>
      <object_component id="oc-9e">
         <name>.debug_info</name>
         <load_address>0x135fe</load_address>
         <run_address>0x135fe</run_address>
         <size>0x153</size>
         <input_file_ref idref="fl-e4"/>
      </object_component>
      <object_component id="oc-122">
         <name>.debug_info</name>
         <load_address>0x13751</load_address>
         <run_address>0x13751</run_address>
         <size>0x122</size>
         <input_file_ref idref="fl-e6"/>
      </object_component>
      <object_component id="oc-330">
         <name>.debug_info</name>
         <load_address>0x13873</load_address>
         <run_address>0x13873</run_address>
         <size>0x2c9</size>
         <input_file_ref idref="fl-e7"/>
      </object_component>
      <object_component id="oc-239">
         <name>.debug_info</name>
         <load_address>0x13b3c</load_address>
         <run_address>0x13b3c</run_address>
         <size>0x11e</size>
         <input_file_ref idref="fl-e7"/>
      </object_component>
      <object_component id="oc-32a">
         <name>.debug_info</name>
         <load_address>0x13c5a</load_address>
         <run_address>0x13c5a</run_address>
         <size>0x12e</size>
         <input_file_ref idref="fl-e7"/>
      </object_component>
      <object_component id="oc-405">
         <name>.debug_info</name>
         <load_address>0x13d88</load_address>
         <run_address>0x13d88</run_address>
         <size>0x29c</size>
         <input_file_ref idref="fl-e8"/>
      </object_component>
      <object_component id="oc-388">
         <name>.debug_info</name>
         <load_address>0x14024</load_address>
         <run_address>0x14024</run_address>
         <size>0x1da</size>
         <input_file_ref idref="fl-e8"/>
      </object_component>
      <object_component id="oc-37f">
         <name>.debug_info</name>
         <load_address>0x141fe</load_address>
         <run_address>0x141fe</run_address>
         <size>0x2b9</size>
         <input_file_ref idref="fl-ea"/>
      </object_component>
      <object_component id="oc-2c9">
         <name>.debug_info</name>
         <load_address>0x144b7</load_address>
         <run_address>0x144b7</run_address>
         <size>0x17c</size>
         <input_file_ref idref="fl-ea"/>
      </object_component>
      <object_component id="oc-3fb">
         <name>.debug_info</name>
         <load_address>0x14633</load_address>
         <run_address>0x14633</run_address>
         <size>0xf9</size>
         <input_file_ref idref="fl-eb"/>
      </object_component>
      <object_component id="oc-37c">
         <name>.debug_info</name>
         <load_address>0x1472c</load_address>
         <run_address>0x1472c</run_address>
         <size>0x105</size>
         <input_file_ref idref="fl-eb"/>
      </object_component>
      <object_component id="oc-3b5">
         <name>.debug_info</name>
[...]
         <value>0x2000138c</value>
         <object_component_ref idref="oc-103"/>
      </symbol>
      <symbol id="sm-279">
         <name>load_songs</name>
         <value>0x303d</value>
         <object_component_ref idref="oc-f2"/>
      </symbol>
      <symbol id="sm-27a">
         <name>turnRight</name>
         <value>0x2f55</value>
         <object_component_ref idref="oc-f2"/>
      </symbol>
      <symbol id="sm-27b">
         <name>GradualturnRight</name>
         <value>0x2d71</value>
         <object_component_ref idref="oc-f2"/>
      </symbol>
      <symbol id="sm-27c">
         <name>moveForward</name>
         <value>0x2c95</value>
         <object_component_ref idref="oc-f2"/>
      </symbol>
      <symbol id="sm-349">
         <name>GPIOF_Handler</name>
         <value>0xbb5</value>
         <object_component_ref idref="oc-ec"/>
      </symbol>
      <symbol id="sm-34a">
         <name>oi_free</name>
         <value>0x279</value>
         <object_component_ref idref="oc-ec"/>
      </symbol>
      <symbol id="sm-34b">
         <name>oi_getMotorCalibrationRight</name>
         <value>0xdf5</value>
         <object_component_ref idref="oc-ec"/>
      </symbol>
      <symbol id="sm-34c">
         <name>oi_uartReceive</name>
         <value>0xa23</value>
         <object_component_ref idref="oc-ec"/>
      </symbol>
      <symbol id="sm-34d">
         <name>oi_setWheels</name>
         <value>0x88f</value>
         <object_component_ref idref="oc-ec"/>
      </symbol>
      <symbol id="sm-34e">
         <name>oi_shutoff_init</name>
         <value>0xb43</value>
         <object_component_ref idref="oc-ec"/>
      </symbol>
      <symbol id="sm-34f">
         <name>motor_cal_factor_L</name>
         <value>0x20001334</value>
         <object_component_ref idref="oc-1d2"/>
      </symbol>
      <symbol id="sm-350">
         <name>motor_cal_factor_R</name>
         <value>0x20001338</value>
         <object_component_ref idref="oc-1d2"/>
      </symbol>
      <symbol id="sm-351">
         <name>oi_parseInt</name>
         <value>0x58b3</value>
         <object_component_ref idref="oc-1c5"/>
      </symbol>
      <symbol id="sm-352">
         <name>oi_setMotorCalibration</name>
         <value>0xda5</value>
         <object_component_ref idref="oc-ec"/>
      </symbol>
      <symbol id="sm-353">
         <name>oi_uartSendStr</name>
         <value>0xa4b</value>
         <object_component_ref idref="oc-ec"/>
      </symbol>
      <symbol id="sm-354">
         <name>oi_close</name>
         <value>0x2c7</value>
         <object_component_ref idref="oc-ec"/>
      </symbol>
      <symbol id="sm-355">
         <name>oi_uartSendBuff</name>
         <value>0xa69</value>
         <object_component_ref idref="oc-ec"/>
      </symbol>
      <symbol id="sm-356">
         <name>oi_checkFirmware</name>
         <value>0xa9b</value>
         <object_component_ref idref="oc-ec"/>
      </symbol>
      <symbol id="sm-357">
         <name>oi_init_noupdate</name>
         <value>0x289</value>
         <object_component_ref idref="oc-ec"/>
      </symbol>
      <symbol id="sm-358">
         <name>oi_uartSendChar</name>
         <value>0xa07</value>
         <object_component_ref idref="oc-ec"/>
      </symbol>
      <symbol id="sm-359">
         <name>oi_alloc</name>
         <value>0x26d</value>
         <object_component_ref idref="oc-ec"/>
      </symbol>
      <symbol id="sm-35a">
         <name>oi_getMotorCalibrationLeft</name>
         <value>0xde1</value>
         <object_component_ref idref="oc-ec"/>
      </symbol>
      <symbol id="sm-35b">
         <name>oi_loadSong</name>
         <value>0x915</value>
         <object_component_ref idref="oc-ec"/>
      </symbol>
      <symbol id="sm-35c">
         <name>oi_play_song</name>
         <value>0x96b</value>
         <object_component_ref idref="oc-ec"/>
      </symbol>
      <symbol id="sm-35d">
         <name>oi_parsePacket</name>
         <value>0x32b</value>
         <object_component_ref idref="oc-ec"/>
      </symbol>
      <symbol id="sm-35e">
         <name>oi_setLeds</name>
         <value>0x84b</value>
         <object_component_ref idref="oc-ec"/>
      </symbol>
      <symbol id="sm-35f">
         <name>oi_init</name>
         <value>0x2b1</value>
         <object_component_ref idref="oc-ec"/>
      </symbol>
      <symbol id="sm-360">
         <name>oi_update</name>
         <value>0x2d9</value>
         <object_component_ref idref="oc-ec"/>
      </symbol>
      <symbol id="sm-361">
         <name>oi_uartInit</name>
         <value>0x97f</value>
         <object_component_ref idref="oc-ec"/>
      </symbol>
      <symbol id="sm-3a4">
         <name>clockCyclePeriod</name>
         <value>0x20000ec8</value>
      </symbol>
      <symbol id="sm-3a5">
         <name>ping_read</name>
         <value>0x3739</value>
         <object_component_ref idref="oc-e3"/>
      </symbol>
      <symbol id="sm-3a6">
         <name>clockCycleCount</name>
         <value>0x2000135c</value>
         <object_component_ref idref="oc-1ab"/>
      </symbol>
      <symbol id="sm-3a7">
         <name>edge</name>
         <value>0x20001360</value>
         <object_component_ref idref="oc-1ab"/>
      </symbol>
      <symbol id="sm-3a8">
         <name>timer_handler</name>
         <value>0x36fd</value>
         <object_component_ref idref="oc-e3"/>
      </symbol>
      <symbol id="sm-3a9">
         <name>ping_activate</name>
         <value>0x3685</value>
         <object_component_ref idref="oc-e3"/>
      </symbol>
      <symbol id="sm-3aa">
         <name>startPeriod</name>
         <value>0x20001354</value>
         <object_component_ref idref="oc-1ab"/>
      </symbol>
      <symbol id="sm-3ab">
         <name>endPeriod</name>
         <value>0x20001358</value>
         <object_component_ref idref="oc-1ab"/>
      </symbol>
      <symbol id="sm-3ac">
         <name>overflow</name>
         <value>0x20001368</value>
         <object_component_ref idref="oc-1ab"/>
      </symbol>
      <symbol id="sm-3ad">
         <name>interrupt_control</name>
         <value>0x20001364</value>
         <object_component_ref idref="oc-1ab"/>
      </symbol>
      <symbol id="sm-3ae">
         <name>ping_initialize</name>
         <value>0x35a1</value>
         <object_component_ref idref="oc-e3"/>
      </symbol>
      <symbol id="sm-3d7">
         <name>servo_move</name>
         <value>0x4719</value>
         <object_component_ref idref="oc-d7"/>
      </symbol>
      <symbol id="sm-3d8">
         <name>servo_init</name>
         <value>0x4675</value>
         <object_component_ref idref="oc-d7"/>
      </symbol>
      <symbol id="sm-3d9">
         <name>period</name>
         <value>0x20001394</value>
         <object_component_ref idref="oc-170"/>
      </symbol>
      <symbol id="sm-3da">
         <name>servo_calibrate</name>
         <value>0x4765</value>
         <object_component_ref idref="oc-d7"/>
      </symbol>
      <symbol id="sm-3f6">
         <name>ResetISR</name>
         <value>0x5979</value>
         <object_component_ref idref="oc-2a"/>
      </symbol>
      <symbol id="sm-3f7">
         <name>g_pfnVectors</name>
         <value>0x0</value>
         <object_component_ref idref="oc-12"/>
      </symbol>
      <symbol id="sm-42e">
         <name>uart_interrupt_handler</name>
         <value>0x3e53</value>
         <object_component_ref idref="oc-fc"/>
      </symbol>
      <symbol id="sm-42f">
         <name>uart_sendChar</name>
         <value>0x3dc7</value>
         <object_component_ref idref="oc-fc"/>
      </symbol>
      <symbol id="sm-430">
         <name>uart_interrupt_init</name>
         <value>0x3e33</value>
         <object_component_ref idref="oc-fc"/>
      </symbol>
      <symbol id="sm-431">
         <name>uart_init</name>
         <value>0x3d09</value>
         <object_component_ref idref="oc-fc"/>
      </symbol>
      <symbol id="sm-432">
         <name>uart_receive</name>
         <value>0x3de3</value>
         <object_component_ref idref="oc-fc"/>
      </symbol>
      <symbol id="sm-433">
         <name>uart_sendStr</name>
         <value>0x3e09</value>
         <object_component_ref idref="oc-fc"/>
      </symbol>
      <symbol id="sm-45a">
         <name>sprintf</name>
         <value>0x5611</value>
         <object_component_ref idref="oc-106"/>
      </symbol>
      <symbol id="sm-484">
         <name>vsnprintf</name>
         <value>0x5651</value>
         <object_component_ref idref="oc-21e"/>
      </symbol>
      <symbol id="sm-51b">
         <name>pow</name>
         <value>0x22d5</value>
         <object_component_ref idref="oc-18c"/>
      </symbol>
      <symbol id="sm-51c">
         <name>powl</name>
         <value>0x22d5</value>
         <object_component_ref idref="oc-18c"/>
      </symbol>
      <symbol id="sm-53e">
         <name>sqrtl</name>
         <value>0x42a9</value>
         <object_component_ref idref="oc-26d"/>
      </symbol>
      <symbol id="sm-53f">
         <name>sqrt</name>
         <value>0x42a9</value>
         <object_component_ref idref="oc-26d"/>
      </symbol>
      <symbol id="sm-566">
         <name>scalbn</name>
         <value>0x48cd</value>
         <object_component_ref idref="oc-27c"/>
      </symbol>
      <symbol id="sm-567">
         <name>scalbnl</name>
         <value>0x48cd</value>
         <object_component_ref idref="oc-27c"/>
      </symbol>
      <symbol id="sm-568">
         <name>ldexpl</name>
         <value>0x48cd</value>
         <object_component_ref idref="oc-27c"/>
      </symbol>
      <symbol id="sm-569">
         <name>ldexp</name>
         <value>0x48cd</value>
         <object_component_ref idref="oc-27c"/>
      </symbol>
      <symbol id="sm-573">
         <name>copysign</name>
         <value>0x5869</value>
         <object_component_ref idref="oc-357"/>
      </symbol>
      <symbol id="sm-574">
         <name>copysignl</name>
         <value>0x5869</value>
         <object_component_ref idref="oc-357"/>
      </symbol>
      <symbol id="sm-58b">
         <name>__aeabi_dsub</name>
         <value>0x40f1</value>
         <object_component_ref idref="oc-192"/>
      </symbol>
      <symbol id="sm-58c">
         <name>__aeabi_dadd</name>
         <value>0x40fb</value>
         <object_component_ref idref="oc-192"/>
      </symbol>
      <symbol id="sm-5ae">
         <name>__aeabi_cdcmpeq</name>
         <value>0x509d</value>
         <object_component_ref idref="oc-1e0"/>
      </symbol>
      <symbol id="sm-5af">
         <name>__aeabi_cdcmple</name>
         <value>0x509d</value>
         <object_component_ref idref="oc-1e0"/>
      </symbol>
      <symbol id="sm-5b0">
         <name>__aeabi_cdrcmple</name>
         <value>0x5123</value>
         <object_component_ref idref="oc-1e5"/>
      </symbol>
      <symbol id="sm-5c4">
         <name>__aeabi_ddiv</name>
         <value>0x453d</value>
         <object_component_ref idref="oc-1a1"/>
      </symbol>
      <symbol id="sm-5cf">
         <name>__aeabi_dmul</name>
         <value>0x4cd9</value>
         <object_component_ref idref="oc-19c"/>
      </symbol>
      <symbol id="sm-5d9">
         <name>__aeabi_d2iz</name>
         <value>0x5585</value>
         <object_component_ref idref="oc-197"/>
      </symbol>
      <symbol id="sm-5e5">
         <name>__aeabi_d2f</name>
         <value>0x5303</value>
         <object_component_ref idref="oc-1a6"/>
      </symbol>
      <symbol id="sm-5f0">
         <name>__aeabi_f2d</name>
         <value>0x5709</value>
         <object_component_ref idref="oc-1d8"/>
      </symbol>
      <symbol id="sm-5fa">
         <name>__aeabi_i2d</name>
         <value>0x57d9</value>
         <object_component_ref idref="oc-187"/>
      </symbol>
      <symbol id="sm-615">
         <name>memcpy</name>
         <value>0x4f6b</value>
         <object_component_ref idref="oc-3e"/>
      </symbol>
      <symbol id="sm-616">
         <name>__aeabi_memcpy</name>
         <value>0x4f6b</value>
         <object_component_ref idref="oc-3e"/>
      </symbol>
      <symbol id="sm-617">
         <name>__aeabi_memcpy8</name>
         <value>0x4f6b</value>
         <object_component_ref idref="oc-3e"/>
      </symbol>
      <symbol id="sm-618">
         <name>__aeabi_memcpy4</name>
         <value>0x4f6b</value>
         <object_component_ref idref="oc-3e"/>
      </symbol>
      <symbol id="sm-62a">
         <name>__TI_zero_init</name>
         <value>0x596d</value>
         <object_component_ref idref="oc-50"/>
      </symbol>
      <symbol id="sm-641">
         <name>__TI_decompress_none</name>
         <value>0x5953</value>
         <object_component_ref idref="oc-1b"/>
      </symbol>
      <symbol id="sm-664">
         <name>__TI_decompress_lzss</name>
         <value>0x5371</value>
         <object_component_ref idref="oc-15"/>
      </symbol>
      <symbol id="sm-6f9">
         <name>_sys_memory</name>
         <value>0x20000ee0</value>
         <object_component_ref idref="oc-24"/>
      </symbol>
      <symbol id="sm-6fa">
         <name>free</name>
         <value>0x4dd5</value>
         <object_component_ref idref="oc-1bf"/>
      </symbol>
      <symbol id="sm-6fb">
         <name>memalign</name>
         <value>0x49dd</value>
         <object_component_ref idref="oc-36b"/>
      </symbol>
      <symbol id="sm-6fc">
         <name>calloc</name>
         <value>0x56d1</value>
         <object_component_ref idref="oc-1b9"/>
      </symbol>
      <symbol id="sm-6fd">
         <name>malloc</name>
         <value>0x5999</value>
         <object_component_ref idref="oc-293"/>
      </symbol>
      <symbol id="sm-6fe">
         <name>aligned_alloc</name>
         <value>0x49dd</value>
         <object_component_ref idref="oc-36b"/>
      </symbol>
      <symbol id="sm-70d">
         <name>strcmp</name>
         <value>0x58cb</value>
         <object_component_ref idref="oc-1cc"/>
      </symbol>
      <symbol id="sm-71b">
         <name>strcpy</name>
         <value>0x58f9</value>
         <object_component_ref idref="oc-224"/>
      </symbol>
      <symbol id="sm-731">
         <name>__aeabi_errno_addr</name>
         <value>0x5991</value>
         <object_component_ref idref="oc-273"/>
      </symbol>
      <symbol id="sm-732">
         <name>errno</name>
         <value>0x20001390</value>
         <object_component_ref idref="oc-350"/>
      </symbol>
      <symbol id="sm-745">
         <name>__stack</name>
         <value>0x20000270</value>
         <object_component_ref idref="oc-27"/>
      </symbol>
      <symbol id="sm-746">
         <name>_c_int00_noargs</name>
         <value>0x5775</value>
         <object_component_ref idref="oc-5c"/>
      </symbol>
      <symbol id="sm-8ab">
         <name>__TI_printfi</name>
         <value>0xe81</value>
         <object_component_ref idref="oc-205"/>
      </symbol>
      <symbol id="sm-8c1">
         <name>frexpl</name>
         <value>0x53d9</value>
         <object_component_ref idref="oc-3a7"/>
      </symbol>
      <symbol id="sm-8c2">
         <name>frexp</name>
         <value>0x53d9</value>
         <object_component_ref idref="oc-3a7"/>
      </symbol>
      <symbol id="sm-8cf">
         <name>__aeabi_uldivmod</name>
         <value>0x5007</value>
         <object_component_ref idref="oc-380"/>
      </symbol>
      <symbol id="sm-8de">
         <name>__aeabi_memset</name>
         <value>0x51ab</value>
         <object_component_ref idref="oc-96"/>
      </symbol>
      <symbol id="sm-8df">
         <name>memset</name>
         <value>0x51b1</value>
         <object_component_ref idref="oc-96"/>
      </symbol>
      <symbol id="sm-8e0">
         <name>__aeabi_memset8</name>
         <value>0x51ab</value>
         <object_component_ref idref="oc-96"/>
      </symbol>
      <symbol id="sm-8e1">
         <name>__aeabi_memset4</name>
         <value>0x51ab</value>
         <object_component_ref idref="oc-96"/>
      </symbol>
      <symbol id="sm-8e2">
         <name>__aeabi_memclr8</name>
         <value>0x51a9</value>
         <object_component_ref idref="oc-96"/>
      </symbol>
      <symbol id="sm-8e3">
         <name>__aeabi_memclr4</name>
         <value>0x51a9</value>
         <object_component_ref idref="oc-96"/>
      </symbol>
      <symbol id="sm-8e4">
         <name>__aeabi_memclr</name>
         <value>0x51a9</value>
         <object_component_ref idref="oc-96"/>
      </symbol>
      <symbol id="sm-90c">
         <name>__TI_auto_init_nobinit_nopinit</name>
         <value>0x55cd</value>
         <object_component_ref idref="oc-12d"/>
      </symbol>
      <symbol id="sm-916">
         <name>_system_pre_init</name>
         <value>0x59a1</value>
         <object_component_ref idref="oc-9c"/>
      </symbol>
      <symbol id="sm-922">
         <name>C$$EXIT</name>
         <value>0x59a5</value>
         <object_component_ref idref="oc-121"/>
      </symbol>
      <symbol id="sm-923">
         <name>abort</name>
         <value>0x59a5</value>
         <object_component_ref idref="oc-121"/>
      </symbol>
      <symbol id="sm-938">
         <name>_nop</name>
         <value>0x18cf</value>
         <object_component_ref idref="oc-328"/>
      </symbol>
      <symbol id="sm-939">
         <name>_lock</name>
         <value>0x20001378</value>
         <object_component_ref idref="oc-238"/>
      </symbol>
      <symbol id="sm-93a">
         <name>_unlock</name>
         <value>0x2000137c</value>
         <object_component_ref idref="oc-238"/>
      </symbol>
      <symbol id="sm-949">
         <name>__TI_ltoa</name>
         <value>0x5493</value>
         <object_component_ref idref="oc-386"/>
      </symbol>
      <symbol id="sm-960">
         <name>atoi</name>
         <value>0x5539</value>
         <object_component_ref idref="oc-2c7"/>
      </symbol>
      <symbol id="sm-96b">
         <name>_ctypes_</name>
         <value>0x59a8</value>
         <object_component_ref idref="oc-37b"/>
      </symbol>
      <symbol id="sm-97b">
         <name>memccpy</name>
         <value>0x584d</value>
         <object_component_ref idref="oc-2eb"/>
      </symbol>
      <symbol id="sm-98b">
         <name>strchr</name>
         <value>0x58e3</value>
         <object_component_ref idref="oc-3ad"/>
      </symbol>
      <symbol id="sm-999">
         <name>strlen</name>
         <value>0x590d</value>
         <object_component_ref idref="oc-2c1"/>
      </symbol>
      <symbol id="sm-9b2">
         <name>wcslen</name>
         <value>0x5921</value>
         <object_component_ref idref="oc-2f1"/>
      </symbol>
      <symbol id="sm-9bc">
         <name>__aeabi_idiv0</name>
         <value>0x42a7</value>
         <object_component_ref idref="oc-3fe"/>
      </symbol>
      <symbol id="sm-9bd">
         <name>__aeabi_ldiv0</name>
         <value>0x42a7</value>
         <object_component_ref idref="oc-3fe"/>
      </symbol>
      <symbol id="sm-9e2">
         <name>IntRegister</name>
         <value>0x5741</value>
         <object_component_ref idref="oc-174"/>
      </symbol>
      <symbol id="sm-9e3">
         <name>g_pfnRAMVectors</name>
         <value>0x20000000</value>
         <object_component_ref idref="oc-257"/>
      </symbol>
      <symbol id="sm-9e4">
         <name>IntMasterEnable</name>
         <value>0x5933</value>
         <object_component_ref idref="oc-181"/>
      </symbol>
      <symbol id="sm-9ee">
         <name>CPUcpsie</name>
         <value>0x5961</value>
         <object_component_ref idref="oc-265"/>
      </symbol>
      <symbol id="sm-9ef">
         <name>__TI_static_base__</name>
         <value>0x0</value>
      </symbol>
      <symbol id="sm-9f2">
         <name>__mpu_init</name>
         <value>0x0</value>
      </symbol>
      <symbol id="sm-9f3">
         <name>_system_post_cinit</name>
         <value>0x0</value>
      </symbol>
   </symbol_table>
   <title>Link successful</title>
</link_info>
