<?xml version="1.0" encoding="ISO-8859-1" ?>
<link_info>
   <banner>TI ARM Linker PC v20.2.4.LTS</banner>
   <copyright>Copyright (c) 1996-2018 Texas Instruments Incorporated</copyright>
   <link_time>0x62b4b0e6</link_time>
   <link_errors>0x0</link_errors>
   <output_file>lab_6_7.out</output_file>
   <entry_point>
      <name>_c_int00_noargs</name>
      <address>0x6081</address>
   </entry_point>
   <input_file_list>
      <input_file id="fl-2">
         <path>.\</path>
         <kind>object</kind>
         <file>Lab6_template_extra_help.obj</file>
         <name>Lab6_template_extra_help.obj</name>
      </input_file>
      <input_file id="fl-3">
         <path>.\</path>
         <kind>object</kind>
         <file>Timer.obj</file>
         <name>Timer.obj</name>
      </input_file>
      <input_file id="fl-4">
         <path>.\</path>
         <kind>object</kind>
         <file>adc.obj</file>
         <name>adc.obj</name>
      </input_file>
      <input_file id="fl-5">
         <path>.\</path>
         <kind>object</kind>
         <file>button.obj</file>
         <name>button.obj</name>
      </input_file>
      <input_file id="fl-6">
         <path>.\</path>
         <kind>object</kind>
         <file>lcd.obj</file>
         <name>lcd.obj</name>
      </input_file>
      <input_file id="fl-7">
         <path>.\</path>
         <kind>object</kind>
         <file>movement.obj</file>
         <name>movement.obj</name>
      </input_file>
      <input_file id="fl-8">
         <path>.\</path>
         <kind>object</kind>
         <file>open_interface.obj</file>
         <name>open_interface.obj</name>
      </input_file>
      <input_file id="fl-9">
         <path>.\</path>
         <kind>object</kind>
         <file>ping.obj</file>
         <name>ping.obj</name>
      </input_file>
      <input_file id="fl-a">
         <path>.\</path>
         <kind>object</kind>
         <file>resetSimulation.obj</file>
         <name>resetSimulation.obj</name>
      </input_file>
      <input_file id="fl-b">
         <path>.\</path>
         <kind>object</kind>
         <file>servo.obj</file>
         <name>servo.obj</name>
      </input_file>
      <input_file id="fl-c">
         <path>.\</path>
         <kind>object</kind>
         <file>tm4c123gh6pm_startup_ccs.obj</file>
         <name>tm4c123gh6pm_startup_ccs.obj</name>
      </input_file>
      <input_file id="fl-d">
         <path>.\</path>
         <kind>object</kind>
         <file>uart_extra_help.obj</file>
         <name>uart_extra_help.obj</name>
      </input_file>
      <input_file id="fl-12">
         <kind>object</kind>
         <file>&lt;internal&gt;</file>
         <name>&lt;internal&gt;</name>
      </input_file>
      <input_file id="fl-c8">
         <path>C:\ti\ccs1031\ccs\tools\compiler\ti-cgt-arm_20.2.4.LTS\lib\</path>
         <kind>archive</kind>
         <file>rtsv7M4_T_le_v4SPD16_eabi.lib</file>
         <name>sprintf.c.obj</name>
      </input_file>
      <input_file id="fl-c9">
         <path>C:\ti\ccs1031\ccs\tools\compiler\ti-cgt-arm_20.2.4.LTS\lib\</path>
         <kind>archive</kind>
         <file>rtsv7M4_T_le_v4SPD16_eabi.lib</file>
         <name>vsnprintf.c.obj</name>
      </input_file>
      <input_file id="fl-ca">
         <path>C:\ti\ccs1031\ccs\tools\compiler\ti-cgt-arm_20.2.4.LTS\lib\</path>
         <kind>archive</kind>
         <file>rtsv7M4_T_le_v4SPD16_eabi.lib</file>
         <name>e_pow.c.obj</name>
      </input_file>
      <input_file id="fl-cb">
         <path>C:\ti\ccs1031\ccs\tools\compiler\ti-cgt-arm_20.2.4.LTS\lib\</path>
         <kind>archive</kind>
         <file>rtsv7M4_T_le_v4SPD16_eabi.lib</file>
         <name>e_sqrt.c.obj</name>
      </input_file>
      <input_file id="fl-cc">
         <path>C:\ti\ccs1031\ccs\tools\compiler\ti-cgt-arm_20.2.4.LTS\lib\</path>
         <kind>archive</kind>
         <file>rtsv7M4_T_le_v4SPD16_eabi.lib</file>
         <name>s_cos.c.obj</name>
      </input_file>
      <input_file id="fl-cd">
         <path>C:\ti\ccs1031\ccs\tools\compiler\ti-cgt-arm_20.2.4.LTS\lib\</path>
         <kind>archive</kind>
         <file>rtsv7M4_T_le_v4SPD16_eabi.lib</file>
         <name>s_scalbn.c.obj</name>
      </input_file>
      <input_file id="fl-ce">
         <path>C:\ti\ccs1031\ccs\tools\compiler\ti-cgt-arm_20.2.4.LTS\lib\</path>
         <kind>archive</kind>
         <file>rtsv7M4_T_le_v4SPD16_eabi.lib</file>
         <name>s_copysign.c.obj</name>
      </input_file>
      <input_file id="fl-cf">
         <path>C:\ti\ccs1031\ccs\tools\compiler\ti-cgt-arm_20.2.4.LTS\lib\</path>
         <kind>archive</kind>
         <file>rtsv7M4_T_le_v4SPD16_eabi.lib</file>
         <name>fd_add_t2.asm.obj</name>
      </input_file>
      <input_file id="fl-d0">
         <path>C:\ti\ccs1031\ccs\tools\compiler\ti-cgt-arm_20.2.4.LTS\lib\</path>
         <kind>archive</kind>
         <file>rtsv7M4_T_le_v4SPD16_eabi.lib</file>
         <name>fd_cmp_t2.asm.obj</name>
      </input_file>
      <input_file id="fl-d1">
         <path>C:\ti\ccs1031\ccs\tools\compiler\ti-cgt-arm_20.2.4.LTS\lib\</path>
         <kind>archive</kind>
         <file>rtsv7M4_T_le_v4SPD16_eabi.lib</file>
         <name>fd_div_t2.asm.obj</name>
      </input_file>
      <input_file id="fl-d2">
         <path>C:\ti\ccs1031\ccs\tools\compiler\ti-cgt-arm_20.2.4.LTS\lib\</path>
         <kind>archive</kind>
         <file>rtsv7M4_T_le_v4SPD16_eabi.lib</file>
         <name>fd_mul_t2.asm.obj</name>
      </input_file>
      <input_file id="fl-d3">
         <path>C:\ti\ccs1031\ccs\tools\compiler\ti-cgt-arm_20.2.4.LTS\lib\</path>
         <kind>archive</kind>
         <file>rtsv7M4_T_le_v4SPD16_eabi.lib</file>
         <name>fd_toi_t2.asm.obj</name>
      </input_file>
      <input_file id="fl-d4">
         <path>C:\ti\ccs1031\ccs\tools\compiler\ti-cgt-arm_20.2.4.LTS\lib\</path>
         <kind>archive</kind>
         <file>rtsv7M4_T_le_v4SPD16_eabi.lib</file>
         <name>fd_tos_t2.asm.obj</name>
      </input_file>
      <input_file id="fl-d5">
         <path>C:\ti\ccs1031\ccs\tools\compiler\ti-cgt-arm_20.2.4.LTS\lib\</path>
         <kind>archive</kind>
         <file>rtsv7M4_T_le_v4SPD16_eabi.lib</file>
         <name>fs_tod_t2.asm.obj</name>
      </input_file>
      <input_file id="fl-d6">
         <path>C:\ti\ccs1031\ccs\tools\compiler\ti-cgt-arm_20.2.4.LTS\lib\</path>
         <kind>archive</kind>
         <file>rtsv7M4_T_le_v4SPD16_eabi.lib</file>
         <name>i_tofd_t2.asm.obj</name>
      </input_file>
      <input_file id="fl-d7">
         <path>C:\ti\ccs1031\ccs\tools\compiler\ti-cgt-arm_20.2.4.LTS\lib\</path>
         <kind>archive</kind>
         <file>rtsv7M4_T_le_v4SPD16_eabi.lib</file>
         <name>memcpy_t2.asm.obj</name>
      </input_file>
      <input_file id="fl-d8">
         <path>C:\ti\ccs1031\ccs\tools\compiler\ti-cgt-arm_20.2.4.LTS\lib\</path>
         <kind>archive</kind>
         <file>rtsv7M4_T_le_v4SPD16_eabi.lib</file>
         <name>copy_zero_init.c.obj</name>
      </input_file>
      <input_file id="fl-d9">
         <path>C:\ti\ccs1031\ccs\tools\compiler\ti-cgt-arm_20.2.4.LTS\lib\</path>
         <kind>archive</kind>
         <file>rtsv7M4_T_le_v4SPD16_eabi.lib</file>
         <name>copy_decompress_none.c.obj</name>
      </input_file>
      <input_file id="fl-da">
         <path>C:\ti\ccs1031\ccs\tools\compiler\ti-cgt-arm_20.2.4.LTS\lib\</path>
         <kind>archive</kind>
         <file>rtsv7M4_T_le_v4SPD16_eabi.lib</file>
         <name>copy_decompress_lzss.c.obj</name>
      </input_file>
      <input_file id="fl-db">
         <path>C:\ti\ccs1031\ccs\tools\compiler\ti-cgt-arm_20.2.4.LTS\lib\</path>
         <kind>archive</kind>
         <file>rtsv7M4_T_le_v4SPD16_eabi.lib</file>
         <name>memory.c.obj</name>
      </input_file>
      <input_file id="fl-dc">
         <path>C:\ti\ccs1031\ccs\tools\compiler\ti-cgt-arm_20.2.4.LTS\lib\</path>
         <kind>archive</kind>
         <file>rtsv7M4_T_le_v4SPD16_eabi.lib</file>
         <name>strcmp.c.obj</name>
      </input_file>
      <input_file id="fl-dd">
         <path>C:\ti\ccs1031\ccs\tools\compiler\ti-cgt-arm_20.2.4.LTS\lib\</path>
         <kind>archive</kind>
         <file>rtsv7M4_T_le_v4SPD16_eabi.lib</file>
         <name>strcpy.c.obj</name>
      </input_file>
      <input_file id="fl-de">
         <path>C:\ti\ccs1031\ccs\tools\compiler\ti-cgt-arm_20.2.4.LTS\lib\</path>
         <kind>archive</kind>
         <file>rtsv7M4_T_le_v4SPD16_eabi.lib</file>
         <name>k_rem_pio2.c.obj</name>
      </input_file>
      <input_file id="fl-df">
         <path>C:\ti\ccs1031\ccs\tools\compiler\ti-cgt-arm_20.2.4.LTS\lib\</path>
         <kind>archive</kind>
         <file>rtsv7M4_T_le_v4SPD16_eabi.lib</file>
         <name>errno.c.obj</name>
      </input_file>
      <input_file id="fl-e0">
         <path>C:\ti\ccs1031\ccs\tools\compiler\ti-cgt-arm_20.2.4.LTS\lib\</path>
         <kind>archive</kind>
         <file>rtsv7M4_T_le_v4SPD16_eabi.lib</file>
         <name>boot_cortex_m.c.obj</name>
      </input_file>
      <input_file id="fl-e1">
         <path>C:\ti\ccs1031\ccs\tools\compiler\ti-cgt-arm_20.2.4.LTS\lib\</path>
         <kind>archive</kind>
         <file>rtsv7M4_T_le_v4SPD16_eabi.lib</file>
         <name>_printfi.c.obj</name>
      </input_file>
      <input_file id="fl-e2">
         <path>C:\ti\ccs1031\ccs\tools\compiler\ti-cgt-arm_20.2.4.LTS\lib\</path>
         <kind>archive</kind>
         <file>rtsv7M4_T_le_v4SPD16_eabi.lib</file>
         <name>k_cos.c.obj</name>
      </input_file>
      <input_file id="fl-e3">
         <path>C:\ti\ccs1031\ccs\tools\compiler\ti-cgt-arm_20.2.4.LTS\lib\</path>
         <kind>archive</kind>
         <file>rtsv7M4_T_le_v4SPD16_eabi.lib</file>
         <name>k_sin.c.obj</name>
      </input_file>
      <input_file id="fl-e4">
         <path>C:\ti\ccs1031\ccs\tools\compiler\ti-cgt-arm_20.2.4.LTS\lib\</path>
         <kind>archive</kind>
         <file>rtsv7M4_T_le_v4SPD16_eabi.lib</file>
         <name>s_floor.c.obj</name>
      </input_file>
      <input_file id="fl-e5">
         <path>C:\ti\ccs1031\ccs\tools\compiler\ti-cgt-arm_20.2.4.LTS\lib\</path>
         <kind>archive</kind>
         <file>rtsv7M4_T_le_v4SPD16_eabi.lib</file>
         <name>s_frexp.c.obj</name>
      </input_file>
      <input_file id="fl-e6">
         <path>C:\ti\ccs1031\ccs\tools\compiler\ti-cgt-arm_20.2.4.LTS\lib\</path>
         <kind>archive</kind>
         <file>rtsv7M4_T_le_v4SPD16_eabi.lib</file>
         <name>ull_div_t2.asm.obj</name>
      </input_file>
      <input_file id="fl-e7">
         <path>C:\ti\ccs1031\ccs\tools\compiler\ti-cgt-arm_20.2.4.LTS\lib\</path>
         <kind>archive</kind>
         <file>rtsv7M4_T_le_v4SPD16_eabi.lib</file>
         <name>memset_t2.asm.obj</name>
      </input_file>
      <input_file id="fl-e8">
         <path>C:\ti\ccs1031\ccs\tools\compiler\ti-cgt-arm_20.2.4.LTS\lib\</path>
         <kind>archive</kind>
         <file>rtsv7M4_T_le_v4SPD16_eabi.lib</file>
         <name>autoinit.c.obj</name>
      </input_file>
      <input_file id="fl-e9">
         <path>C:\ti\ccs1031\ccs\tools\compiler\ti-cgt-arm_20.2.4.LTS\lib\</path>
         <kind>archive</kind>
         <file>rtsv7M4_T_le_v4SPD16_eabi.lib</file>
         <name>pre_init.c.obj</name>
      </input_file>
      <input_file id="fl-ea">
         <path>C:\ti\ccs1031\ccs\tools\compiler\ti-cgt-arm_20.2.4.LTS\lib\</path>
         <kind>archive</kind>
         <file>rtsv7M4_T_le_v4SPD16_eabi.lib</file>
         <name>cpy_tbl.c.obj</name>
      </input_file>
      <input_file id="fl-eb">
         <path>C:\ti\ccs1031\ccs\tools\compiler\ti-cgt-arm_20.2.4.LTS\lib\</path>
         <kind>archive</kind>
         <file>rtsv7M4_T_le_v4SPD16_eabi.lib</file>
         <name>exit.c.obj</name>
      </input_file>
      <input_file id="fl-ec">
         <path>C:\ti\ccs1031\ccs\tools\compiler\ti-cgt-arm_20.2.4.LTS\lib\</path>
         <kind>archive</kind>
         <file>rtsv7M4_T_le_v4SPD16_eabi.lib</file>
         <name>_lock.c.obj</name>
      </input_file>
      <input_file id="fl-ed">
         <path>C:\ti\ccs1031\ccs\tools\compiler\ti-cgt-arm_20.2.4.LTS\lib\</path>
         <kind>archive</kind>
         <file>rtsv7M4_T_le_v4SPD16_eabi.lib</file>
         <name>_ltoa.c.obj</name>
      </input_file>
      <input_file id="fl-ee">
         <path>C:\ti\ccs1031\ccs\tools\compiler\ti-cgt-arm_20.2.4.LTS\lib\</path>
         <kind>archive</kind>
         <file>rtsv7M4_T_le_v4SPD16_eabi.lib</file>
         <name>args_main.c.obj</name>
      </input_file>
      <input_file id="fl-ef">
         <path>C:\ti\ccs1031\ccs\tools\compiler\ti-cgt-arm_20.2.4.LTS\lib\</path>
         <kind>archive</kind>
         <file>rtsv7M4_T_le_v4SPD16_eabi.lib</file>
         <name>atoi.c.obj</name>
      </input_file>
      <input_file id="fl-f0">
         <path>C:\ti\ccs1031\ccs\tools\compiler\ti-cgt-arm_20.2.4.LTS\lib\</path>
         <kind>archive</kind>
         <file>rtsv7M4_T_le_v4SPD16_eabi.lib</file>
         <name>ctype.c.obj</name>
      </input_file>
      <input_file id="fl-f1">
         <path>C:\ti\ccs1031\ccs\tools\compiler\ti-cgt-arm_20.2.4.LTS\lib\</path>
         <kind>archive</kind>
         <file>rtsv7M4_T_le_v4SPD16_eabi.lib</file>
         <name>memccpy.c.obj</name>
      </input_file>
      <input_file id="fl-f2">
         <path>C:\ti\ccs1031\ccs\tools\compiler\ti-cgt-arm_20.2.4.LTS\lib\</path>
         <kind>archive</kind>
         <file>rtsv7M4_T_le_v4SPD16_eabi.lib</file>
         <name>strchr.c.obj</name>
      </input_file>
      <input_file id="fl-f3">
         <path>C:\ti\ccs1031\ccs\tools\compiler\ti-cgt-arm_20.2.4.LTS\lib\</path>
         <kind>archive</kind>
         <file>rtsv7M4_T_le_v4SPD16_eabi.lib</file>
         <name>strlen.c.obj</name>
      </input_file>
      <input_file id="fl-f4">
         <path>C:\ti\ccs1031\ccs\tools\compiler\ti-cgt-arm_20.2.4.LTS\lib\</path>
         <kind>archive</kind>
         <file>rtsv7M4_T_le_v4SPD16_eabi.lib</file>
         <name>wcslen.c.obj</name>
      </input_file>
      <input_file id="fl-f5">
         <path>C:\ti\ccs1031\ccs\tools\compiler\ti-cgt-arm_20.2.4.LTS\lib\</path>
         <kind>archive</kind>
         <file>rtsv7M4_T_le_v4SPD16_eabi.lib</file>
         <name>div0.asm.obj</name>
      </input_file>
      <input_file id="fl-f6">
         <path>C:\ti\TivaWare_C_Series-2.1.4.178\driverlib\ccs\Debug\</path>
         <kind>archive</kind>
         <file>driverlib.lib</file>
         <name>interrupt.obj</name>
      </input_file>
      <input_file id="fl-f7">
         <path>C:\ti\TivaWare_C_Series-2.1.4.178\driverlib\ccs\Debug\</path>
         <kind>archive</kind>
         <file>driverlib.lib</file>
         <name>cpu.obj</name>
      </input_file>
   </input_file_list>
   <object_component_list>
      <object_component id="oc-12">
         <name>.intvecs</name>
         <load_address>0x0</load_address>
         <run_address>0x0</run_address>
         <size>0x26c</size>
         <input_file_ref idref="fl-c"/>
      </object_component>
      <object_component id="oc-12f">
         <name>.text</name>
         <load_address>0x26c</load_address>
         <run_address>0x26c</run_address>
         <size>0xc14</size>
         <input_file_ref idref="fl-8"/>
      </object_component>
      <object_component id="oc-1c6">
         <name>.text:__TI_printfi</name>
         <load_address>0xe80</load_address>
         <run_address>0xe80</run_address>
         <size>0xa4e</size>
         <input_file_ref idref="fl-e1"/>
      </object_component>
      <object_component id="oc-344">
         <name>.text:_nop</name>
         <load_address>0x18ce</load_address>
         <run_address>0x18ce</run_address>
         <size>0x2</size>
         <input_file_ref idref="fl-ec"/>
      </object_component>
      <object_component id="oc-1a2">
         <name>.text:pow</name>
         <load_address>0x18d0</load_address>
         <run_address>0x18d0</run_address>
         <size>0x9c0</size>
         <input_file_ref idref="fl-ca"/>
      </object_component>
      <object_component id="oc-1ec">
         <name>.text:__kernel_rem_pio2</name>
         <load_address>0x2290</load_address>
         <run_address>0x2290</run_address>
         <size>0x738</size>
         <input_file_ref idref="fl-de"/>
      </object_component>
      <object_component id="oc-a2">
         <name>.text</name>
         <load_address>0x29c8</load_address>
         <run_address>0x29c8</run_address>
         <size>0x720</size>
         <input_file_ref idref="fl-2"/>
      </object_component>
      <object_component id="oc-10a">
         <name>.text:cos</name>
         <load_address>0x30e8</load_address>
         <run_address>0x30e8</run_address>
         <size>0x5dc</size>
         <input_file_ref idref="fl-cc"/>
      </object_component>
      <object_component id="oc-129">
         <name>.text</name>
         <load_address>0x36c4</load_address>
         <run_address>0x36c4</run_address>
         <size>0x328</size>
         <input_file_ref idref="fl-6"/>
      </object_component>
      <object_component id="oc-dd">
         <name>.text</name>
         <load_address>0x39ec</load_address>
         <run_address>0x39ec</run_address>
         <size>0x2b0</size>
         <input_file_ref idref="fl-9"/>
      </object_component>
      <object_component id="oc-2bc">
         <name>.text:_pconv_a</name>
         <load_address>0x3c9c</load_address>
         <run_address>0x3c9c</run_address>
         <size>0x270</size>
         <input_file_ref idref="fl-e1"/>
      </object_component>
      <object_component id="oc-ef">
         <name>.text</name>
         <load_address>0x3f0c</load_address>
         <run_address>0x3f0c</run_address>
         <size>0x248</size>
         <input_file_ref idref="fl-3"/>
      </object_component>
      <object_component id="oc-d7">
         <name>.text</name>
         <load_address>0x4154</load_address>
         <run_address>0x4154</run_address>
         <size>0x218</size>
         <input_file_ref idref="fl-d"/>
      </object_component>
      <object_component id="oc-135">
         <name>.text</name>
         <load_address>0x436c</load_address>
         <run_address>0x436c</run_address>
         <size>0x1e8</size>
         <input_file_ref idref="fl-7"/>
      </object_component>
      <object_component id="oc-2aa">
         <name>.text:_pconv_g</name>
         <load_address>0x4554</load_address>
         <run_address>0x4554</run_address>
         <size>0x1d0</size>
         <input_file_ref idref="fl-e1"/>
      </object_component>
      <object_component id="oc-110">
         <name>.text</name>
         <load_address>0x4724</load_address>
         <run_address>0x4724</run_address>
         <size>0x1b6</size>
         <input_file_ref idref="fl-cf"/>
      </object_component>
      <object_component id="oc-406">
         <name>.text</name>
         <load_address>0x48da</load_address>
         <run_address>0x48da</run_address>
         <size>0x2</size>
         <input_file_ref idref="fl-f5"/>
      </object_component>
      <object_component id="oc-1f2">
         <name>.text:__kernel_sin</name>
         <load_address>0x48dc</load_address>
         <run_address>0x48dc</run_address>
         <size>0x174</size>
         <input_file_ref idref="fl-e3"/>
      </object_component>
      <object_component id="oc-1e1">
         <name>.text:__kernel_cos</name>
         <load_address>0x4a50</load_address>
         <run_address>0x4a50</run_address>
         <size>0x16c</size>
         <input_file_ref idref="fl-e2"/>
      </object_component>
      <object_component id="oc-115">
         <name>.text:sqrt</name>
         <load_address>0x4bbc</load_address>
         <run_address>0x4bbc</run_address>
         <size>0x158</size>
         <input_file_ref idref="fl-cb"/>
      </object_component>
      <object_component id="oc-2b6">
         <name>.text:_pconv_e</name>
         <load_address>0x4d14</load_address>
         <run_address>0x4d14</run_address>
         <size>0x13c</size>
         <input_file_ref idref="fl-e1"/>
      </object_component>
      <object_component id="oc-18e">
         <name>.text</name>
         <load_address>0x4e50</load_address>
         <run_address>0x4e50</run_address>
         <size>0x136</size>
         <input_file_ref idref="fl-d1"/>
      </object_component>
      <object_component id="oc-e9">
         <name>.text</name>
         <load_address>0x4f88</load_address>
         <run_address>0x4f88</run_address>
         <size>0x134</size>
         <input_file_ref idref="fl-b"/>
      </object_component>
      <object_component id="oc-396">
         <name>.text:fcvt</name>
         <load_address>0x50bc</load_address>
         <run_address>0x50bc</run_address>
         <size>0x124</size>
         <input_file_ref idref="fl-e1"/>
      </object_component>
      <object_component id="oc-283">
         <name>.text:scalbn</name>
         <load_address>0x51e0</load_address>
         <run_address>0x51e0</run_address>
         <size>0x110</size>
         <input_file_ref idref="fl-cd"/>
      </object_component>
      <object_component id="oc-3e1">
         <name>.text:aligned_alloc</name>
         <load_address>0x52f0</load_address>
         <run_address>0x52f0</run_address>
         <size>0x100</size>
         <input_file_ref idref="fl-db"/>
      </object_component>
      <object_component id="oc-e3">
         <name>.text</name>
         <load_address>0x53f0</load_address>
         <run_address>0x53f0</run_address>
         <size>0xfc</size>
         <input_file_ref idref="fl-4"/>
      </object_component>
      <object_component id="oc-105">
         <name>.text</name>
         <load_address>0x54ec</load_address>
         <run_address>0x54ec</run_address>
         <size>0xfc</size>
         <input_file_ref idref="fl-d2"/>
      </object_component>
      <object_component id="oc-2e1">
         <name>.text:floor</name>
         <load_address>0x55e8</load_address>
         <run_address>0x55e8</run_address>
         <size>0xf8</size>
         <input_file_ref idref="fl-e4"/>
      </object_component>
      <object_component id="oc-22f">
         <name>.text:free</name>
         <load_address>0x56e0</load_address>
         <run_address>0x56e0</run_address>
         <size>0xe4</size>
         <input_file_ref idref="fl-db"/>
      </object_component>
      <object_component id="oc-2a4">
         <name>.text:_ltostr</name>
         <load_address>0x57c4</load_address>
         <run_address>0x57c4</run_address>
         <size>0xb1</size>
         <input_file_ref idref="fl-e1"/>
      </object_component>
      <object_component id="oc-3e">
         <name>.text</name>
         <load_address>0x5876</load_address>
         <run_address>0x5876</run_address>
         <size>0x9c</size>
         <input_file_ref idref="fl-d7"/>
      </object_component>
      <object_component id="oc-37d">
         <name>.text</name>
         <load_address>0x5912</load_address>
         <run_address>0x5912</run_address>
         <size>0x96</size>
         <input_file_ref idref="fl-e6"/>
      </object_component>
      <object_component id="oc-1e7">
         <name>.text:__aeabi_cdcmple</name>
         <load_address>0x59a8</load_address>
         <run_address>0x59a8</run_address>
         <size>0x86</size>
         <input_file_ref idref="fl-d0"/>
      </object_component>
      <object_component id="oc-245">
         <name>.text:__aeabi_cdrcmple</name>
         <load_address>0x5a2e</load_address>
         <run_address>0x5a2e</run_address>
         <size>0x86</size>
         <input_file_ref idref="fl-d0"/>
      </object_component>
      <object_component id="oc-96">
         <name>.text</name>
         <load_address>0x5ab4</load_address>
         <run_address>0x5ab4</run_address>
         <size>0x7a</size>
         <input_file_ref idref="fl-e7"/>
      </object_component>
      <object_component id="oc-426">
         <name>.text:split</name>
         <load_address>0x5b30</load_address>
         <run_address>0x5b30</run_address>
         <size>0x70</size>
         <input_file_ref idref="fl-db"/>
      </object_component>
      <object_component id="oc-38f">
         <name>.text:_mcpy</name>
         <load_address>0x5ba0</load_address>
         <run_address>0x5ba0</run_address>
         <size>0x6e</size>
         <input_file_ref idref="fl-e1"/>
      </object_component>
      <object_component id="oc-1a8">
         <name>.text</name>
         <load_address>0x5c0e</load_address>
         <run_address>0x5c0e</run_address>
         <size>0x6e</size>
         <input_file_ref idref="fl-d4"/>
      </object_component>
      <object_component id="oc-15">
         <name>.text:decompress:lzss:__TI_decompress_lzss</name>
         <load_address>0x5c7c</load_address>
         <run_address>0x5c7c</run_address>
         <size>0x68</size>
         <input_file_ref idref="fl-da"/>
      </object_component>
      <object_component id="oc-3a4">
         <name>.text:frexp</name>
         <load_address>0x5ce4</load_address>
         <run_address>0x5ce4</run_address>
         <size>0x64</size>
         <input_file_ref idref="fl-e5"/>
      </object_component>
      <object_component id="oc-2b0">
         <name>.text:_pconv_f</name>
         <load_address>0x5d48</load_address>
         <run_address>0x5d48</run_address>
         <size>0x56</size>
         <input_file_ref idref="fl-e1"/>
      </object_component>
      <object_component id="oc-383">
         <name>.text:__TI_ltoa</name>
         <load_address>0x5d9e</load_address>
         <run_address>0x5d9e</run_address>
         <size>0x54</size>
         <input_file_ref idref="fl-ed"/>
      </object_component>
      <object_component id="oc-389">
         <name>.text:_ecpy</name>
         <load_address>0x5df2</load_address>
         <run_address>0x5df2</run_address>
         <size>0x52</size>
         <input_file_ref idref="fl-e1"/>
      </object_component>
      <object_component id="oc-29e">
         <name>.text:atoi</name>
         <load_address>0x5e44</load_address>
         <run_address>0x5e44</run_address>
         <size>0x4c</size>
         <input_file_ref idref="fl-ef"/>
      </object_component>
      <object_component id="oc-11b">
         <name>.text</name>
         <load_address>0x5e90</load_address>
         <run_address>0x5e90</run_address>
         <size>0x48</size>
         <input_file_ref idref="fl-d3"/>
      </object_component>
      <object_component id="oc-14b">
         <name>.text:__TI_auto_init_nobinit_nopinit:__TI_auto_init_nobinit_nopinit</name>
         <load_address>0x5ed8</load_address>
         <run_address>0x5ed8</run_address>
         <size>0x44</size>
         <input_file_ref idref="fl-e8"/>
      </object_component>
      <object_component id="oc-fa">
         <name>.text:sprintf</name>
         <load_address>0x5f1c</load_address>
         <run_address>0x5f1c</run_address>
         <size>0x40</size>
         <input_file_ref idref="fl-c8"/>
      </object_component>
      <object_component id="oc-212">
         <name>.text:vsnprintf</name>
         <load_address>0x5f5c</load_address>
         <run_address>0x5f5c</run_address>
         <size>0x40</size>
         <input_file_ref idref="fl-c9"/>
      </object_component>
      <object_component id="oc-39c">
         <name>.text:_fcpy</name>
         <load_address>0x5f9c</load_address>
         <run_address>0x5f9c</run_address>
         <size>0x3e</size>
         <input_file_ref idref="fl-e1"/>
      </object_component>
      <object_component id="oc-229">
         <name>.text:calloc</name>
         <load_address>0x5fdc</load_address>
         <run_address>0x5fdc</run_address>
         <size>0x38</size>
         <input_file_ref idref="fl-db"/>
      </object_component>
      <object_component id="oc-f5">
         <name>.text</name>
         <load_address>0x6014</load_address>
         <run_address>0x6014</run_address>
         <size>0x38</size>
         <input_file_ref idref="fl-d5"/>
      </object_component>
      <object_component id="oc-193">
         <name>.text:IntRegister</name>
         <load_address>0x604c</load_address>
         <run_address>0x604c</run_address>
         <size>0x34</size>
         <input_file_ref idref="fl-f6"/>
      </object_component>
      <object_component id="oc-5c">
         <name>.text:_c_int00_noargs:_c_int00_noargs</name>
         <load_address>0x6080</load_address>
         <run_address>0x6080</run_address>
         <size>0x34</size>
         <input_file_ref idref="fl-e0"/>
      </object_component>
      <object_component id="oc-302">
         <name>.text:_outs</name>
         <load_address>0x60b4</load_address>
         <run_address>0x60b4</run_address>
         <size>0x30</size>
         <input_file_ref idref="fl-c9"/>
      </object_component>
      <object_component id="oc-100">
         <name>.text</name>
         <load_address>0x60e4</load_address>
         <run_address>0x60e4</run_address>
         <size>0x2e</size>
         <input_file_ref idref="fl-d6"/>
      </object_component>
      <object_component id="oc-332">
         <name>.text:free_list_insert</name>
         <load_address>0x6114</load_address>
         <run_address>0x6114</run_address>
         <size>0x28</size>
         <input_file_ref idref="fl-db"/>
      </object_component>
      <object_component id="oc-32c">
         <name>.text:free_list_remove</name>
         <load_address>0x613c</load_address>
         <run_address>0x613c</run_address>
         <size>0x1c</size>
         <input_file_ref idref="fl-db"/>
      </object_component>
      <object_component id="oc-2c2">
         <name>.text:memccpy</name>
         <load_address>0x6158</load_address>
         <run_address>0x6158</run_address>
         <size>0x1c</size>
         <input_file_ref idref="fl-f1"/>
      </object_component>
      <object_component id="oc-36a">
         <name>.text:copysign</name>
         <load_address>0x6174</load_address>
         <run_address>0x6174</run_address>
         <size>0x1a</size>
         <input_file_ref idref="fl-ce"/>
      </object_component>
      <object_component id="oc-308">
         <name>.text:_outc</name>
         <load_address>0x618e</load_address>
         <run_address>0x618e</run_address>
         <size>0x18</size>
         <input_file_ref idref="fl-c9"/>
      </object_component>
      <object_component id="oc-1cc">
         <name>.text:_outs</name>
         <load_address>0x61a6</load_address>
         <run_address>0x61a6</run_address>
         <size>0x18</size>
         <input_file_ref idref="fl-c8"/>
      </object_component>
      <object_component id="oc-235">
         <name>.text:oi_parseInt</name>
         <load_address>0x61be</load_address>
         <run_address>0x61be</run_address>
         <size>0x18</size>
         <input_file_ref idref="fl-8"/>
      </object_component>
      <object_component id="oc-218">
         <name>.text:strcmp</name>
         <load_address>0x61d6</load_address>
         <run_address>0x61d6</run_address>
         <size>0x18</size>
         <input_file_ref idref="fl-dc"/>
      </object_component>
      <object_component id="oc-3aa">
         <name>.text:strchr</name>
         <load_address>0x61ee</load_address>
         <run_address>0x61ee</run_address>
         <size>0x16</size>
         <input_file_ref idref="fl-f2"/>
      </object_component>
      <object_component id="oc-21e">
         <name>.text:strcpy</name>
         <load_address>0x6204</load_address>
         <run_address>0x6204</run_address>
         <size>0x14</size>
         <input_file_ref idref="fl-dd"/>
      </object_component>
      <object_component id="oc-298">
         <name>.text:strlen</name>
         <load_address>0x6218</load_address>
         <run_address>0x6218</run_address>
         <size>0x14</size>
         <input_file_ref idref="fl-f3"/>
      </object_component>
      <object_component id="oc-2c8">
         <name>.text:wcslen</name>
         <load_address>0x622c</load_address>
         <run_address>0x622c</run_address>
         <size>0x12</size>
         <input_file_ref idref="fl-f4"/>
      </object_component>
      <object_component id="oc-19c">
         <name>.text:IntMasterEnable</name>
         <load_address>0x623e</load_address>
         <run_address>0x623e</run_address>
         <size>0x10</size>
         <input_file_ref idref="fl-f6"/>
      </object_component>
      <object_component id="oc-20b">
         <name>.text:lcd_clear</name>
         <load_address>0x624e</load_address>
         <run_address>0x624e</run_address>
         <size>0x10</size>
         <input_file_ref idref="fl-6"/>
      </object_component>
      <object_component id="oc-1b">
         <name>.text:decompress:none:__TI_decompress_none</name>
         <load_address>0x625e</load_address>
         <run_address>0x625e</run_address>
         <size>0xe</size>
         <input_file_ref idref="fl-d9"/>
      </object_component>
      <object_component id="oc-279">
         <name>.text:CPUcpsie</name>
         <load_address>0x626c</load_address>
         <run_address>0x626c</run_address>
         <size>0xc</size>
         <input_file_ref idref="fl-f7"/>
      </object_component>
      <object_component id="oc-50">
         <name>.text:decompress:ZI:__TI_zero_init</name>
         <load_address>0x6278</load_address>
         <run_address>0x6278</run_address>
         <size>0xc</size>
         <input_file_ref idref="fl-d8"/>
      </object_component>
      <object_component id="oc-2a">
         <name>.text</name>
         <load_address>0x6284</load_address>
         <run_address>0x6284</run_address>
         <size>0xc</size>
         <input_file_ref idref="fl-c"/>
      </object_component>
      <object_component id="oc-1d2">
         <name>.text:_outc</name>
         <load_address>0x6290</load_address>
         <run_address>0x6290</run_address>
         <size>0xa</size>
         <input_file_ref idref="fl-c8"/>
      </object_component>
      <object_component id="oc-200">
         <name>.text:__aeabi_errno_addr</name>
         <load_address>0x629c</load_address>
         <run_address>0x629c</run_address>
         <size>0x8</size>
         <input_file_ref idref="fl-df"/>
      </object_component>
      <object_component id="oc-325">
         <name>.text:malloc</name>
         <load_address>0x62a4</load_address>
         <run_address>0x62a4</run_address>
         <size>0x8</size>
         <input_file_ref idref="fl-db"/>
      </object_component>
      <object_component id="oc-9c">
         <name>.text:_system_pre_init</name>
         <load_address>0x62ac</load_address>
         <run_address>0x62ac</run_address>
         <size>0x4</size>
         <input_file_ref idref="fl-e9"/>
      </object_component>
      <object_component id="oc-13f">
         <name>.text:abort:abort</name>
         <load_address>0x62b0</load_address>
         <run_address>0x62b0</run_address>
         <size>0x4</size>
         <input_file_ref idref="fl-eb"/>
      </object_component>
      <object_component id="oc-2e7">
         <name>.const:$O1$$</name>
         <load_address>0x62b8</load_address>
         <run_address>0x62b8</run_address>
         <size>0x158</size>
         <input_file_ref idref="fl-de"/>
      </object_component>
      <object_component id="oc-378">
         <name>.const:.string:_ctypes_</name>
         <load_address>0x6410</load_address>
         <run_address>0x6410</run_address>
         <size>0x101</size>
         <input_file_ref idref="fl-f0"/>
      </object_component>
      <object_component id="oc-224">
         <name>.const:.string:lineAddress$1</name>
         <load_address>0x6511</load_address>
         <run_address>0x6511</run_address>
         <size>0x4</size>
         <input_file_ref idref="fl-6"/>
      </object_component>
      <object_component id="oc-280">
         <name>.const:$O1$$</name>
         <load_address>0x6518</load_address>
         <run_address>0x6518</run_address>
         <size>0x30</size>
         <input_file_ref idref="fl-ca"/>
      </object_component>
      <object_component id="oc-23f">
         <name>.const:.string:$P$T0$3</name>
         <load_address>0x6548</load_address>
         <run_address>0x6548</run_address>
         <size>0xf</size>
         <input_file_ref idref="fl-8"/>
      </object_component>
      <object_component id="oc-225">
         <name>.const:.string:lineAddresses$2</name>
         <load_address>0x6557</load_address>
         <run_address>0x6557</run_address>
         <size>0x4</size>
         <input_file_ref idref="fl-6"/>
      </object_component>
      <object_component id="oc-465">
         <name>.cinit..data.load</name>
         <load_address>0x6560</load_address>
         <run_address>0x6560</run_address>
         <size>0x2f</size>
      </object_component>
      <object_component id="oc-462">
         <name>__TI_handler_table</name>
         <load_address>0x6590</load_address>
         <run_address>0x6590</run_address>
         <size>0xc</size>
      </object_component>
      <object_component id="oc-466">
         <name>.cinit..bss.load</name>
         <load_address>0x65a0</load_address>
         <run_address>0x65a0</run_address>
         <size>0x8</size>
      </object_component>
      <object_component id="oc-464">
         <name>.cinit..vtable.load</name>
         <load_address>0x65a8</load_address>
         <run_address>0x65a8</run_address>
         <size>0x8</size>
      </object_component>
      <object_component id="oc-463">
         <name>__TI_cinit_table</name>
         <load_address>0x65b0</load_address>
         <run_address>0x65b0</run_address>
         <size>0x18</size>
      </object_component>
      <object_component id="oc-26d">
         <name>.vtable</name>
         <uninitialized>true</uninitialized>
         <run_address>0x20000000</run_address>
         <size>0x26c</size>
         <input_file_ref idref="fl-f6"/>
      </object_component>
      <object_component id="oc-120">
         <name>.data</name>
         <load_address>0x200016f8</load_address>
         <run_address>0x200016f8</run_address>
         <size>0x44</size>
         <input_file_ref idref="fl-2"/>
      </object_component>
      <object_component id="oc-1be">
         <name>.data</name>
         <load_address>0x2000178c</load_address>
         <run_address>0x2000178c</run_address>
         <size>0x1</size>
         <input_file_ref idref="fl-3"/>
      </object_component>
      <object_component id="oc-23c">
         <name>.data</name>
         <load_address>0x2000173c</load_address>
         <run_address>0x2000173c</run_address>
         <size>0x20</size>
         <input_file_ref idref="fl-8"/>
      </object_component>
      <object_component id="oc-1ad">
         <name>.data</name>
         <load_address>0x2000175c</load_address>
         <run_address>0x2000175c</run_address>
         <size>0x18</size>
         <input_file_ref idref="fl-9"/>
      </object_component>
      <object_component id="oc-1ba">
         <name>.data</name>
         <load_address>0x20001788</load_address>
         <run_address>0x20001788</run_address>
         <size>0x4</size>
         <input_file_ref idref="fl-b"/>
      </object_component>
      <object_component id="oc-3e8">
         <name>.data:$O1$$</name>
         <load_address>0x2000177c</load_address>
         <run_address>0x2000177c</run_address>
         <size>0x8</size>
         <input_file_ref idref="fl-db"/>
      </object_component>
      <object_component id="oc-2fb">
         <name>.data</name>
         <load_address>0x20001784</load_address>
         <run_address>0x20001784</run_address>
         <size>0x4</size>
         <input_file_ref idref="fl-df"/>
      </object_component>
      <object_component id="oc-250">
         <name>.data:$O1$$</name>
         <load_address>0x20001774</load_address>
         <run_address>0x20001774</run_address>
         <size>0x8</size>
         <input_file_ref idref="fl-ec"/>
      </object_component>
      <object_component id="oc-226">
         <name>.bss:lastbuffer$3</name>
         <uninitialized>true</uninitialized>
         <run_address>0x20000a6c</run_address>
         <size>0x54</size>
         <input_file_ref idref="fl-6"/>
      </object_component>
      <object_component id="oc-242">
         <name>.bss:firmware$2</name>
         <uninitialized>true</uninitialized>
         <run_address>0x20000ac0</run_address>
         <size>0x18</size>
         <input_file_ref idref="fl-8"/>
      </object_component>
      <object_component id="oc-13c">
         <name>.common:right_calibration_value</name>
         <uninitialized>true</uninitialized>
         <run_address>0x20000af0</run_address>
         <size>0x4</size>
      </object_component>
      <object_component id="oc-13d">
         <name>.common:left_calibration_value</name>
         <uninitialized>true</uninitialized>
         <run_address>0x20000aec</run_address>
         <size>0x4</size>
      </object_component>
      <object_component id="oc-199">
         <name>.common:uart_data</name>
         <uninitialized>true</uninitialized>
         <run_address>0x20000af4</run_address>
         <size>0x1</size>
      </object_component>
      <object_component id="oc-128">
         <name>.common:objects</name>
         <uninitialized>true</uninitialized>
         <run_address>0x2000092c</run_address>
         <size>0x140</size>
      </object_component>
      <object_component id="oc-124">
         <name>.common:data</name>
         <uninitialized>true</uninitialized>
         <run_address>0x20000654</run_address>
         <size>0x16c</size>
      </object_component>
      <object_component id="oc-125">
         <name>.common:dist</name>
         <uninitialized>true</uninitialized>
         <run_address>0x200007c0</run_address>
         <size>0x16c</size>
      </object_component>
      <object_component id="oc-126">
         <name>.common:str</name>
         <uninitialized>true</uninitialized>
         <run_address>0x2000026c</run_address>
         <size>0x3e8</size>
      </object_component>
      <object_component id="oc-123">
         <name>.common:i</name>
         <uninitialized>true</uninitialized>
         <run_address>0x20000ae4</run_address>
         <size>0x4</size>
      </object_component>
      <object_component id="oc-127">
         <name>.common:j</name>
         <uninitialized>true</uninitialized>
         <run_address>0x20000ae8</run_address>
         <size>0x4</size>
      </object_component>
      <object_component id="oc-13b">
         <name>.common:c</name>
         <uninitialized>true</uninitialized>
         <run_address>0x20000adc</run_address>
         <size>0x4</size>
      </object_component>
      <object_component id="oc-1c1">
         <name>.common:_timeout_ticks</name>
         <uninitialized>true</uninitialized>
         <run_address>0x20000ad8</run_address>
         <size>0x4</size>
      </object_component>
      <object_component id="oc-1b0">
         <name>.common:clockCyclePeriod</name>
         <uninitialized>true</uninitialized>
         <run_address>0x20000ae0</run_address>
         <size>0x4</size>
      </object_component>
      <object_component id="oc-24">
         <name>.sysmem</name>
         <uninitialized>true</uninitialized>
         <run_address>0x200012f8</run_address>
         <size>0x10</size>
         <input_file_ref idref="fl-db"/>
      </object_component>
      <object_component id="oc-469">
         <name>.sysmem</name>
         <uninitialized>true</uninitialized>
         <run_address>0x200012f8</run_address>
         <size>0x0</size>
      </object_component>
      <object_component id="oc-27">
         <name>.stack</name>
         <uninitialized>true</uninitialized>
         <run_address>0x20000af8</run_address>
         <size>0x4</size>
         <input_file_ref idref="fl-e0"/>
      </object_component>
      <object_component id="oc-468">
         <name>.stack</name>
         <uninitialized>true</uninitialized>
         <run_address>0x20000af8</run_address>
         <size>0x0</size>
      </object_component>
      <object_component id="oc-c5">
         <name>.debug_info</name>
         <load_address>0x0</load_address>
         <run_address>0x0</run_address>
         <size>0x810</size>
         <input_file_ref idref="fl-2"/>
      </object_component>
      <object_component id="oc-121">
         <name>.debug_info</name>
         <load_address>0x810</load_address>
         <run_address>0x810</run_address>
         <size>0x2a9</size>
         <input_file_ref idref="fl-2"/>
      </object_component>
      <object_component id="oc-a3">
         <name>.debug_info</name>
         <load_address>0xab9</load_address>
         <run_address>0xab9</run_address>
         <size>0x62d</size>
         <input_file_ref idref="fl-2"/>
      </object_component>
      <object_component id="oc-17f">
         <name>.debug_info</name>
         <load_address>0x10e6</load_address>
         <run_address>0x10e6</run_address>
         <size>0x5aa</size>
         <input_file_ref idref="fl-2"/>
      </object_component>
      <object_component id="oc-77">
         <name>.debug_info</name>
         <load_address>0x1690</load_address>
         <run_address>0x1690</run_address>
         <size>0x26b</size>
         <input_file_ref idref="fl-2"/>
      </object_component>
      <object_component id="oc-39">
         <name>.debug_info</name>
         <load_address>0x18fb</load_address>
         <run_address>0x18fb</run_address>
         <size>0x84</size>
         <input_file_ref idref="fl-2"/>
      </object_component>
      <object_component id="oc-c0">
         <name>.debug_info</name>
         <load_address>0x197f</load_address>
         <run_address>0x197f</run_address>
         <size>0x2a4</size>
         <input_file_ref idref="fl-2"/>
      </object_component>
      <object_component id="oc-7c">
         <name>.debug_info</name>
         <load_address>0x1c23</load_address>
         <run_address>0x1c23</run_address>
         <size>0xbb</size>
         <input_file_ref idref="fl-2"/>
      </object_component>
      <object_component id="oc-320">
         <name>.debug_info</name>
         <load_address>0x1cde</load_address>
         <run_address>0x1cde</run_address>
         <size>0xcc</size>
         <input_file_ref idref="fl-2"/>
      </object_component>
      <object_component id="oc-1da">
         <name>.debug_info</name>
         <load_address>0x1daa</load_address>
         <run_address>0x1daa</run_address>
         <size>0x2c</size>
         <input_file_ref idref="fl-2"/>
      </object_component>
      <object_component id="oc-184">
         <name>.debug_info</name>
         <load_address>0x1dd6</load_address>
         <run_address>0x1dd6</run_address>
         <size>0x35</size>
         <input_file_ref idref="fl-2"/>
      </object_component>
      <object_component id="oc-189">
         <name>.debug_info</name>
         <load_address>0x1e0b</load_address>
         <run_address>0x1e0b</run_address>
         <size>0xda</size>
         <input_file_ref idref="fl-2"/>
      </object_component>
      <object_component id="oc-1c2">
         <name>.debug_info</name>
         <load_address>0x1ee5</load_address>
         <run_address>0x1ee5</run_address>
         <size>0x2ab</size>
         <input_file_ref idref="fl-3"/>
      </object_component>
      <object_component id="oc-1bf">
         <name>.debug_info</name>
         <load_address>0x2190</load_address>
         <run_address>0x2190</run_address>
         <size>0xb9</size>
         <input_file_ref idref="fl-3"/>
      </object_component>
      <object_component id="oc-f0">
         <name>.debug_info</name>
         <load_address>0x2249</load_address>
         <run_address>0x2249</run_address>
         <size>0x501</size>
         <input_file_ref idref="fl-3"/>
      </object_component>
      <object_component id="oc-e4">
         <name>.debug_info</name>
         <load_address>0x274a</load_address>
         <run_address>0x274a</run_address>
         <size>0x13c</size>
         <input_file_ref idref="fl-4"/>
      </object_component>
      <object_component id="oc-228">
         <name>.debug_info</name>
         <load_address>0x2886</load_address>
         <run_address>0x2886</run_address>
         <size>0x373</size>
         <input_file_ref idref="fl-6"/>
      </object_component>
      <object_component id="oc-20c">
         <name>.debug_info</name>
         <load_address>0x2bf9</load_address>
         <run_address>0x2bf9</run_address>
         <size>0x10e</size>
         <input_file_ref idref="fl-6"/>
      </object_component>
      <object_component id="oc-12a">
         <name>.debug_info</name>
         <load_address>0x2d07</load_address>
         <run_address>0x2d07</run_address>
         <size>0x89a</size>
         <input_file_ref idref="fl-6"/>
      </object_component>
      <object_component id="oc-24b">
         <name>.debug_info</name>
         <load_address>0x35a1</load_address>
         <run_address>0x35a1</run_address>
         <size>0x2e8</size>
         <input_file_ref idref="fl-7"/>
      </object_component>
      <object_component id="oc-136">
         <name>.debug_info</name>
         <load_address>0x3889</load_address>
         <run_address>0x3889</run_address>
         <size>0x670</size>
         <input_file_ref idref="fl-7"/>
      </object_component>
      <object_component id="oc-244">
         <name>.debug_info</name>
         <load_address>0x3ef9</load_address>
         <run_address>0x3ef9</run_address>
         <size>0x3f0</size>
         <input_file_ref idref="fl-8"/>
      </object_component>
      <object_component id="oc-23d">
         <name>.debug_info</name>
         <load_address>0x42e9</load_address>
         <run_address>0x42e9</run_address>
         <size>0x10b</size>
         <input_file_ref idref="fl-8"/>
      </object_component>
      <object_component id="oc-240">
         <name>.debug_info</name>
         <load_address>0x43f4</load_address>
         <run_address>0x43f4</run_address>
         <size>0xc0</size>
         <input_file_ref idref="fl-8"/>
      </object_component>
      <object_component id="oc-237">
         <name>.debug_info</name>
         <load_address>0x44b4</load_address>
         <run_address>0x44b4</run_address>
         <size>0x138</size>
         <input_file_ref idref="fl-8"/>
      </object_component>
      <object_component id="oc-131">
         <name>.debug_info</name>
         <load_address>0x45ec</load_address>
         <run_address>0x45ec</run_address>
         <size>0x1900</size>
         <input_file_ref idref="fl-8"/>
      </object_component>
      <object_component id="oc-1b4">
         <name>.debug_info</name>
         <load_address>0x5eec</load_address>
         <run_address>0x5eec</run_address>
         <size>0x8b</size>
         <input_file_ref idref="fl-8"/>
      </object_component>
      <object_component id="oc-1b1">
         <name>.debug_info</name>
         <load_address>0x5f77</load_address>
         <run_address>0x5f77</run_address>
         <size>0x337</size>
         <input_file_ref idref="fl-9"/>
      </object_component>
      <object_component id="oc-1ae">
         <name>.debug_info</name>
         <load_address>0x62ae</load_address>
         <run_address>0x62ae</run_address>
         <size>0x17d</size>
         <input_file_ref idref="fl-9"/>
      </object_component>
      <object_component id="oc-de">
         <name>.debug_info</name>
         <load_address>0x642b</load_address>
         <run_address>0x642b</run_address>
         <size>0x2b1</size>
         <input_file_ref idref="fl-9"/>
      </object_component>
      <object_component id="oc-293">
         <name>.debug_info</name>
         <load_address>0x66dc</load_address>
         <run_address>0x66dc</run_address>
         <size>0x24f</size>
         <input_file_ref idref="fl-b"/>
      </object_component>
      <object_component id="oc-1bb">
         <name>.debug_info</name>
         <load_address>0x692b</load_address>
         <run_address>0x692b</run_address>
         <size>0xb5</size>
         <input_file_ref idref="fl-b"/>
      </object_component>
      <object_component id="oc-eb">
         <name>.debug_info</name>
         <load_address>0x69e0</load_address>
         <run_address>0x69e0</run_address>
         <size>0x1e9</size>
         <input_file_ref idref="fl-b"/>
      </object_component>
      <object_component id="oc-32">
         <name>.debug_info</name>
         <load_address>0x6bc9</load_address>
         <run_address>0x6bc9</run_address>
         <size>0x295</size>
         <input_file_ref idref="fl-c"/>
      </object_component>
      <object_component id="oc-13">
         <name>.debug_info</name>
         <load_address>0x6e5e</load_address>
         <run_address>0x6e5e</run_address>
         <size>0xd4</size>
         <input_file_ref idref="fl-c"/>
      </object_component>
      <object_component id="oc-2e">
         <name>.debug_info</name>
         <load_address>0x6f32</load_address>
         <run_address>0x6f32</run_address>
         <size>0x250</size>
         <input_file_ref idref="fl-c"/>
      </object_component>
      <object_component id="oc-19b">
         <name>.debug_info</name>
         <load_address>0x7182</load_address>
         <run_address>0x7182</run_address>
         <size>0x2de</size>
         <input_file_ref idref="fl-d"/>
      </object_component>
      <object_component id="oc-d8">
         <name>.debug_info</name>
         <load_address>0x7460</load_address>
         <run_address>0x7460</run_address>
         <size>0x4ef</size>
         <input_file_ref idref="fl-d"/>
      </object_component>
      <object_component id="oc-ce">
         <name>.debug_info</name>
         <load_address>0x794f</load_address>
         <run_address>0x794f</run_address>
         <size>0x2c</size>
         <input_file_ref idref="fl-d"/>
      </object_component>
      <object_component id="oc-1d9">
         <name>.debug_info</name>
         <load_address>0x797b</load_address>
         <run_address>0x797b</run_address>
         <size>0x333</size>
         <input_file_ref idref="fl-c8"/>
      </object_component>
      <object_component id="oc-fb">
         <name>.debug_info</name>
         <load_address>0x7cae</load_address>
         <run_address>0x7cae</run_address>
         <size>0x1d1</size>
         <input_file_ref idref="fl-c8"/>
      </object_component>
      <object_component id="oc-1cf">
         <name>.debug_info</name>
         <load_address>0x7e7f</load_address>
         <run_address>0x7e7f</run_address>
         <size>0x18d</size>
         <input_file_ref idref="fl-c8"/>
      </object_component>
      <object_component id="oc-1d5">
         <name>.debug_info</name>
         <load_address>0x800c</load_address>
         <run_address>0x800c</run_address>
         <size>0x16d</size>
         <input_file_ref idref="fl-c8"/>
      </object_component>
      <object_component id="oc-310">
         <name>.debug_info</name>
         <load_address>0x8179</load_address>
         <run_address>0x8179</run_address>
         <size>0x2c</size>
         <input_file_ref idref="fl-c8"/>
      </object_component>
      <object_component id="oc-30f">
         <name>.debug_info</name>
         <load_address>0x81a5</load_address>
         <run_address>0x81a5</run_address>
         <size>0x340</size>
         <input_file_ref idref="fl-c9"/>
      </object_component>
      <object_component id="oc-213">
         <name>.debug_info</name>
         <load_address>0x84e5</load_address>
         <run_address>0x84e5</run_address>
         <size>0x208</size>
         <input_file_ref idref="fl-c9"/>
      </object_component>
      <object_component id="oc-303">
         <name>.debug_info</name>
         <load_address>0x86ed</load_address>
         <run_address>0x86ed</run_address>
         <size>0x1c6</size>
         <input_file_ref idref="fl-c9"/>
      </object_component>
      <object_component id="oc-309">
         <name>.debug_info</name>
         <load_address>0x88b3</load_address>
         <run_address>0x88b3</run_address>
         <size>0x179</size>
         <input_file_ref idref="fl-c9"/>
      </object_component>
      <object_component id="oc-315">
         <name>.debug_info</name>
         <load_address>0x8a2c</load_address>
         <run_address>0x8a2c</run_address>
         <size>0x69</size>
         <input_file_ref idref="fl-c9"/>
      </object_component>
      <object_component id="oc-28a">
         <name>.debug_info</name>
         <load_address>0x8a95</load_address>
         <run_address>0x8a95</run_address>
         <size>0x363</size>
         <input_file_ref idref="fl-ca"/>
      </object_component>
      <object_component id="oc-281">
         <name>.debug_info</name>
         <load_address>0x8df8</load_address>
         <run_address>0x8df8</run_address>
         <size>0x128</size>
         <input_file_ref idref="fl-ca"/>
      </object_component>
      <object_component id="oc-1a4">
         <name>.debug_info</name>
         <load_address>0x8f20</load_address>
         <run_address>0x8f20</run_address>
         <size>0xbdf</size>
         <input_file_ref idref="fl-ca"/>
      </object_component>
      <object_component id="oc-2f6">
         <name>.debug_info</name>
         <load_address>0x9aff</load_address>
         <run_address>0x9aff</run_address>
         <size>0x46</size>
         <input_file_ref idref="fl-ca"/>
      </object_component>
      <object_component id="oc-1fa">
         <name>.debug_info</name>
         <load_address>0x9b45</load_address>
         <run_address>0x9b45</run_address>
         <size>0x39</size>
         <input_file_ref idref="fl-ca"/>
      </object_component>
      <object_component id="oc-207">
         <name>.debug_info</name>
         <load_address>0x9b7e</load_address>
         <run_address>0x9b7e</run_address>
         <size>0x2ca</size>
         <input_file_ref idref="fl-cb"/>
      </object_component>
      <object_component id="oc-118">
         <name>.debug_info</name>
         <load_address>0x9e48</load_address>
         <run_address>0x9e48</run_address>
         <size>0x24e</size>
         <input_file_ref idref="fl-cb"/>
      </object_component>
      <object_component id="oc-1f9">
         <name>.debug_info</name>
         <load_address>0xa096</load_address>
         <run_address>0xa096</run_address>
         <size>0x366</size>
         <input_file_ref idref="fl-cc"/>
      </object_component>
      <object_component id="oc-10c">
         <name>.debug_info</name>
         <load_address>0xa3fc</load_address>
         <run_address>0xa3fc</run_address>
         <size>0x79b</size>
         <input_file_ref idref="fl-cc"/>
      </object_component>
      <object_component id="oc-371">
         <name>.debug_info</name>
         <load_address>0xab97</load_address>
         <run_address>0xab97</run_address>
         <size>0x2fd</size>
         <input_file_ref idref="fl-cd"/>
      </object_component>
      <object_component id="oc-285">
         <name>.debug_info</name>
         <load_address>0xae94</load_address>
         <run_address>0xae94</run_address>
         <size>0x225</size>
         <input_file_ref idref="fl-cd"/>
      </object_component>
      <object_component id="oc-3ce">
         <name>.debug_info</name>
         <load_address>0xb0b9</load_address>
         <run_address>0xb0b9</run_address>
         <size>0x39</size>
         <input_file_ref idref="fl-cd"/>
      </object_component>
      <object_component id="oc-2ed">
         <name>.debug_info</name>
         <load_address>0xb0f2</load_address>
         <run_address>0xb0f2</run_address>
         <size>0x2c</size>
         <input_file_ref idref="fl-cd"/>
      </object_component>
      <object_component id="oc-36c">
         <name>.debug_info</name>
         <load_address>0xb11e</load_address>
         <run_address>0xb11e</run_address>
         <size>0x161</size>
         <input_file_ref idref="fl-ce"/>
      </object_component>
      <object_component id="oc-112">
         <name>.debug_info</name>
         <load_address>0xb27f</load_address>
         <run_address>0xb27f</run_address>
         <size>0x14c</size>
         <input_file_ref idref="fl-cf"/>
      </object_component>
      <object_component id="oc-1e8">
         <name>.debug_info</name>
         <load_address>0xb3cb</load_address>
         <run_address>0xb3cb</run_address>
         <size>0x128</size>
         <input_file_ref idref="fl-d0"/>
      </object_component>
      <object_component id="oc-246">
         <name>.debug_info</name>
         <load_address>0xb4f3</load_address>
         <run_address>0xb4f3</run_address>
         <size>0x12a</size>
         <input_file_ref idref="fl-d0"/>
      </object_component>
      <object_component id="oc-18f">
         <name>.debug_info</name>
         <load_address>0xb61d</load_address>
         <run_address>0xb61d</run_address>
         <size>0x13a</size>
         <input_file_ref idref="fl-d1"/>
      </object_component>
      <object_component id="oc-106">
         <name>.debug_info</name>
         <load_address>0xb757</load_address>
         <run_address>0xb757</run_address>
         <size>0x13a</size>
         <input_file_ref idref="fl-d2"/>
      </object_component>
      <object_component id="oc-11d">
         <name>.debug_info</name>
         <load_address>0xb891</load_address>
         <run_address>0xb891</run_address>
         <size>0x12e</size>
         <input_file_ref idref="fl-d3"/>
      </object_component>
      <object_component id="oc-1ab">
         <name>.debug_info</name>
         <load_address>0xb9bf</load_address>
         <run_address>0xb9bf</run_address>
         <size>0x13e</size>
         <input_file_ref idref="fl-d4"/>
      </object_component>
      <object_component id="oc-f7">
         <name>.debug_info</name>
         <load_address>0xbafd</load_address>
         <run_address>0xbafd</run_address>
         <size>0x12c</size>
         <input_file_ref idref="fl-d5"/>
      </object_component>
      <object_component id="oc-101">
         <name>.debug_info</name>
         <load_address>0xbc29</load_address>
         <run_address>0xbc29</run_address>
         <size>0x12c</size>
         <input_file_ref idref="fl-d6"/>
      </object_component>
      <object_component id="oc-3f">
         <name>.debug_info</name>
         <load_address>0xbd55</load_address>
         <run_address>0xbd55</run_address>
         <size>0x119</size>
         <input_file_ref idref="fl-d7"/>
      </object_component>
      <object_component id="oc-95">
         <name>.debug_info</name>
         <load_address>0xbe6e</load_address>
         <run_address>0xbe6e</run_address>
         <size>0x2d4</size>
         <input_file_ref idref="fl-d8"/>
      </object_component>
      <object_component id="oc-53">
         <name>.debug_info</name>
         <load_address>0xc142</load_address>
         <run_address>0xc142</run_address>
         <size>0x1b5</size>
         <input_file_ref idref="fl-d8"/>
      </object_component>
      <object_component id="oc-90">
         <name>.debug_info</name>
         <load_address>0xc2f7</load_address>
         <run_address>0xc2f7</run_address>
         <size>0x46</size>
         <input_file_ref idref="fl-d8"/>
      </object_component>
      <object_component id="oc-49">
         <name>.debug_info</name>
         <load_address>0xc33d</load_address>
         <run_address>0xc33d</run_address>
         <size>0x2a8</size>
         <input_file_ref idref="fl-d9"/>
      </object_component>
      <object_component id="oc-1c">
         <name>.debug_info</name>
         <load_address>0xc5e5</load_address>
         <run_address>0xc5e5</run_address>
         <size>0x1ea</size>
         <input_file_ref idref="fl-d9"/>
      </object_component>
      <object_component id="oc-44">
         <name>.debug_info</name>
         <load_address>0xc7cf</load_address>
         <run_address>0xc7cf</run_address>
         <size>0x46</size>
         <input_file_ref idref="fl-d9"/>
      </object_component>
      <object_component id="oc-88">
         <name>.debug_info</name>
         <load_address>0xc815</load_address>
         <run_address>0xc815</run_address>
         <size>0x2c</size>
         <input_file_ref idref="fl-d9"/>
      </object_component>
      <object_component id="oc-86">
         <name>.debug_info</name>
         <load_address>0xc841</load_address>
         <run_address>0xc841</run_address>
         <size>0x29e</size>
         <input_file_ref idref="fl-da"/>
      </object_component>
      <object_component id="oc-19">
         <name>.debug_info</name>
         <load_address>0xcadf</load_address>
         <run_address>0xcadf</run_address>
         <size>0x250</size>
         <input_file_ref idref="fl-da"/>
      </object_component>
      <object_component id="oc-34">
         <name>.debug_info</name>
         <load_address>0xcd2f</load_address>
         <run_address>0xcd2f</run_address>
         <size>0x60</size>
         <input_file_ref idref="fl-da"/>
      </object_component>
      <object_component id="oc-c7">
         <name>.debug_info</name>
         <load_address>0xcd8f</load_address>
         <run_address>0xcd8f</run_address>
         <size>0x46</size>
         <input_file_ref idref="fl-da"/>
      </object_component>
      <object_component id="oc-81">
         <name>.debug_info</name>
         <load_address>0xcdd5</load_address>
         <run_address>0xcdd5</run_address>
         <size>0x39</size>
         <input_file_ref idref="fl-da"/>
      </object_component>
      <object_component id="oc-70">
         <name>.debug_info</name>
         <load_address>0xce0e</load_address>
         <run_address>0xce0e</run_address>
         <size>0x3b2</size>
         <input_file_ref idref="fl-db"/>
      </object_component>
      <object_component id="oc-25">
         <name>.debug_info</name>
         <load_address>0xd1c0</load_address>
         <run_address>0xd1c0</run_address>
         <size>0x10c</size>
         <input_file_ref idref="fl-db"/>
      </object_component>
      <object_component id="oc-3e9">
         <name>.debug_info</name>
         <load_address>0xd2cc</load_address>
         <run_address>0xd2cc</run_address>
         <size>0x13f</size>
         <input_file_ref idref="fl-db"/>
      </object_component>
      <object_component id="oc-327">
         <name>.debug_info</name>
         <load_address>0xd40b</load_address>
         <run_address>0xd40b</run_address>
         <size>0x168</size>
         <input_file_ref idref="fl-db"/>
      </object_component>
      <object_component id="oc-32d">
         <name>.debug_info</name>
         <load_address>0xd573</load_address>
         <run_address>0xd573</run_address>
         <size>0x18e</size>
         <input_file_ref idref="fl-db"/>
      </object_component>
      <object_component id="oc-335">
         <name>.debug_info</name>
         <load_address>0xd701</load_address>
         <run_address>0xd701</run_address>
         <size>0x19f</size>
         <input_file_ref idref="fl-db"/>
      </object_component>
      <object_component id="oc-232">
         <name>.debug_info</name>
         <load_address>0xd8a0</load_address>
         <run_address>0xd8a0</run_address>
         <size>0x203</size>
         <input_file_ref idref="fl-db"/>
      </object_component>
      <object_component id="oc-428">
         <name>.debug_info</name>
         <load_address>0xdaa3</load_address>
         <run_address>0xdaa3</run_address>
         <size>0x1db</size>
         <input_file_ref idref="fl-db"/>
      </object_component>
      <object_component id="oc-22c">
         <name>.debug_info</name>
         <load_address>0xdc7e</load_address>
         <run_address>0xdc7e</run_address>
         <size>0x1a5</size>
         <input_file_ref idref="fl-db"/>
      </object_component>
      <object_component id="oc-3e2">
         <name>.debug_info</name>
         <load_address>0xde23</load_address>
         <run_address>0xde23</run_address>
         <size>0x299</size>
         <input_file_ref idref="fl-db"/>
      </object_component>
      <object_component id="oc-bb">
         <name>.debug_info</name>
         <load_address>0xe0bc</load_address>
         <run_address>0xe0bc</run_address>
         <size>0xb2</size>
         <input_file_ref idref="fl-db"/>
      </object_component>
      <object_component id="oc-b6">
         <name>.debug_info</name>
         <load_address>0xe16e</load_address>
         <run_address>0xe16e</run_address>
         <size>0x2c</size>
         <input_file_ref idref="fl-db"/>
      </object_component>
      <object_component id="oc-31b">
         <name>.debug_info</name>
         <load_address>0xe19a</load_address>
         <run_address>0xe19a</run_address>
         <size>0x28a</size>
         <input_file_ref idref="fl-dc"/>
      </object_component>
      <object_component id="oc-219">
         <name>.debug_info</name>
         <load_address>0xe424</load_address>
         <run_address>0xe424</run_address>
         <size>0x273</size>
         <input_file_ref idref="fl-dc"/>
      </object_component>
      <object_component id="oc-31d">
         <name>.debug_info</name>
         <load_address>0xe697</load_address>
         <run_address>0xe697</run_address>
         <size>0x2a4</size>
         <input_file_ref idref="fl-dd"/>
      </object_component>
      <object_component id="oc-222">
         <name>.debug_info</name>
         <load_address>0xe93b</load_address>
         <run_address>0xe93b</run_address>
         <size>0x24d</size>
         <input_file_ref idref="fl-dd"/>
      </object_component>
      <object_component id="oc-2eb">
         <name>.debug_info</name>
         <load_address>0xeb88</load_address>
         <run_address>0xeb88</run_address>
         <size>0x3aa</size>
         <input_file_ref idref="fl-de"/>
      </object_component>
      <object_component id="oc-2e8">
         <name>.debug_info</name>
         <load_address>0xef32</load_address>
         <run_address>0xef32</run_address>
         <size>0x13a</size>
         <input_file_ref idref="fl-de"/>
      </object_component>
      <object_component id="oc-1ef">
         <name>.debug_info</name>
         <load_address>0xf06c</load_address>
         <run_address>0xf06c</run_address>
         <size>0x72f</size>
         <input_file_ref idref="fl-de"/>
      </object_component>
      <object_component id="oc-2ff">
         <name>.debug_info</name>
         <load_address>0xf79b</load_address>
         <run_address>0xf79b</run_address>
         <size>0x289</size>
         <input_file_ref idref="fl-df"/>
      </object_component>
      <object_component id="oc-2fc">
         <name>.debug_info</name>
         <load_address>0xfa24</load_address>
         <run_address>0xfa24</run_address>
         <size>0x10e</size>
         <input_file_ref idref="fl-df"/>
      </object_component>
      <object_component id="oc-201">
         <name>.debug_info</name>
         <load_address>0xfb32</load_address>
         <run_address>0xfb32</run_address>
         <size>0x14e</size>
         <input_file_ref idref="fl-df"/>
      </object_component>
      <object_component id="oc-28">
         <name>.debug_info</name>
         <load_address>0xfc80</load_address>
         <run_address>0xfc80</run_address>
         <size>0x10b</size>
         <input_file_ref idref="fl-e0"/>
      </object_component>
      <object_component id="oc-5d">
         <name>.debug_info</name>
         <load_address>0xfd8b</load_address>
         <run_address>0xfd8b</run_address>
         <size>0x1a9</size>
         <input_file_ref idref="fl-e0"/>
      </object_component>
      <object_component id="oc-2cf">
         <name>.debug_info</name>
         <load_address>0xff34</load_address>
         <run_address>0xff34</run_address>
         <size>0x590</size>
         <input_file_ref idref="fl-e1"/>
      </object_component>
      <object_component id="oc-2a5">
         <name>.debug_info</name>
         <load_address>0x104c4</load_address>
         <run_address>0x104c4</run_address>
         <size>0x21e</size>
         <input_file_ref idref="fl-e1"/>
      </object_component>
      <object_component id="oc-38a">
         <name>.debug_info</name>
         <load_address>0x106e2</load_address>
         <run_address>0x106e2</run_address>
         <size>0x1b3</size>
         <input_file_ref idref="fl-e1"/>
      </object_component>
      <object_component id="oc-390">
         <name>.debug_info</name>
         <load_address>0x10895</load_address>
         <run_address>0x10895</run_address>
         <size>0x21b</size>
         <input_file_ref idref="fl-e1"/>
      </object_component>
      <object_component id="oc-2ab">
         <name>.debug_info</name>
         <load_address>0x10ab0</load_address>
         <run_address>0x10ab0</run_address>
         <size>0x3c0</size>
         <input_file_ref idref="fl-e1"/>
      </object_component>
      <object_component id="oc-397">
         <name>.debug_info</name>
         <load_address>0x10e70</load_address>
         <run_address>0x10e70</run_address>
         <size>0x30a</size>
         <input_file_ref idref="fl-e1"/>
      </object_component>
      <object_component id="oc-39d">
         <name>.debug_info</name>
         <load_address>0x1117a</load_address>
         <run_address>0x1117a</run_address>
         <size>0x215</size>
         <input_file_ref idref="fl-e1"/>
      </object_component>
      <object_component id="oc-2b1">
         <name>.debug_info</name>
         <load_address>0x1138f</load_address>
         <run_address>0x1138f</run_address>
         <size>0x215</size>
         <input_file_ref idref="fl-e1"/>
      </object_component>
      <object_component id="oc-2b7">
         <name>.debug_info</name>
         <load_address>0x115a4</load_address>
         <run_address>0x115a4</run_address>
         <size>0x304</size>
         <input_file_ref idref="fl-e1"/>
      </object_component>
      <object_component id="oc-2bd">
         <name>.debug_info</name>
         <load_address>0x118a8</load_address>
         <run_address>0x118a8</run_address>
         <size>0x4b5</size>
         <input_file_ref idref="fl-e1"/>
      </object_component>
      <object_component id="oc-1c8">
         <name>.debug_info</name>
         <load_address>0x11d5d</load_address>
         <run_address>0x11d5d</run_address>
         <size>0x5f4</size>
         <input_file_ref idref="fl-e1"/>
      </object_component>
      <object_component id="oc-2d0">
         <name>.debug_info</name>
         <load_address>0x12351</load_address>
         <run_address>0x12351</run_address>
         <size>0x86</size>
         <input_file_ref idref="fl-e1"/>
      </object_component>
      <object_component id="oc-3bc">
         <name>.debug_info</name>
         <load_address>0x123d7</load_address>
         <run_address>0x123d7</run_address>
         <size>0x39</size>
         <input_file_ref idref="fl-e1"/>
      </object_component>
      <object_component id="oc-41f">
         <name>.debug_info</name>
         <load_address>0x12410</load_address>
         <run_address>0x12410</run_address>
         <size>0xb6</size>
         <input_file_ref idref="fl-e1"/>
      </object_component>
      <object_component id="oc-3c1">
         <name>.debug_info</name>
         <load_address>0x124c6</load_address>
         <run_address>0x124c6</run_address>
         <size>0x46</size>
         <input_file_ref idref="fl-e1"/>
      </object_component>
      <object_component id="oc-2d5">
         <name>.debug_info</name>
         <load_address>0x1250c</load_address>
         <run_address>0x1250c</run_address>
         <size>0x46</size>
         <input_file_ref idref="fl-e1"/>
      </object_component>
      <object_component id="oc-2df">
         <name>.debug_info</name>
         <load_address>0x12552</load_address>
         <run_address>0x12552</run_address>
         <size>0x28d</size>
         <input_file_ref idref="fl-e2"/>
      </object_component>
      <object_component id="oc-1e2">
         <name>.debug_info</name>
         <load_address>0x127df</load_address>
         <run_address>0x127df</run_address>
         <size>0x327</size>
         <input_file_ref idref="fl-e2"/>
      </object_component>
      <object_component id="oc-2f3">
         <name>.debug_info</name>
         <load_address>0x12b06</load_address>
         <run_address>0x12b06</run_address>
         <size>0x292</size>
         <input_file_ref idref="fl-e3"/>
      </object_component>
      <object_component id="oc-1f3">
         <name>.debug_info</name>
         <load_address>0x12d98</load_address>
         <run_address>0x12d98</run_address>
         <size>0x380</size>
         <input_file_ref idref="fl-e3"/>
      </object_component>
      <object_component id="oc-3c9">
         <name>.debug_info</name>
         <load_address>0x13118</load_address>
         <run_address>0x13118</run_address>
         <size>0x28f</size>
         <input_file_ref idref="fl-e4"/>
      </object_component>
      <object_component id="oc-2e2">
         <name>.debug_info</name>
         <load_address>0x133a7</load_address>
         <run_address>0x133a7</run_address>
         <size>0x22a</size>
         <input_file_ref idref="fl-e4"/>
      </object_component>
      <object_component id="oc-413">
         <name>.debug_info</name>
         <load_address>0x135d1</load_address>
         <run_address>0x135d1</run_address>
         <size>0x29a</size>
         <input_file_ref idref="fl-e5"/>
      </object_component>
      <object_component id="oc-3a5">
         <name>.debug_info</name>
         <load_address>0x1386b</load_address>
         <run_address>0x1386b</run_address>
         <size>0x195</size>
         <input_file_ref idref="fl-e5"/>
      </object_component>
      <object_component id="oc-37e">
         <name>.debug_info</name>
         <load_address>0x13a00</load_address>
         <run_address>0x13a00</run_address>
         <size>0x134</size>
         <input_file_ref idref="fl-e6"/>
      </object_component>
      <object_component id="oc-97">
         <name>.debug_info</name>
         <load_address>0x13b34</load_address>
         <run_address>0x13b34</run_address>
         <size>0x147</size>
         <input_file_ref idref="fl-e7"/>
      </object_component>
      <object_component id="oc-257">
         <name>.debug_info</name>
         <load_address>0x13c7b</load_address>
         <run_address>0x13c7b</run_address>
         <size>0x4b3</size>
         <input_file_ref idref="fl-e8"/>
      </object_component>
      <object_component id="oc-14e">
         <name>.debug_info</name>
         <load_address>0x1412e</load_address>
         <run_address>0x1412e</run_address>
         <size>0x1a6</size>
         <input_file_ref idref="fl-e8"/>
      </object_component>
      <object_component id="oc-352">
         <name>.debug_info</name>
         <load_address>0x142d4</load_address>
         <run_address>0x142d4</run_address>
         <size>0x39</size>
         <input_file_ref idref="fl-e8"/>
      </object_component>
      <object_component id="oc-3f0">
         <name>.debug_info</name>
         <load_address>0x1430d</load_address>
         <run_address>0x1430d</run_address>
         <size>0x39</size>
         <input_file_ref idref="fl-e8"/>
      </object_component>
      <object_component id="oc-357">
         <name>.debug_info</name>
         <load_address>0x14346</load_address>
         <run_address>0x14346</run_address>
         <size>0x39</size>
         <input_file_ref idref="fl-e8"/>
      </object_component>
      <object_component id="oc-35c">
         <name>.debug_info</name>
         <load_address>0x1437f</load_address>
         <run_address>0x1437f</run_address>
         <size>0xcd</size>
         <input_file_ref idref="fl-e8"/>
      </object_component>
      <object_component id="oc-a0">
         <name>.debug_info</name>
         <load_address>0x1444c</load_address>
         <run_address>0x1444c</run_address>
         <size>0x153</size>
         <input_file_ref idref="fl-e9"/>
[...]
         <value>0xdf5</value>
         <object_component_ref idref="oc-12f"/>
      </symbol>
      <symbol id="sm-289">
         <name>oi_uartReceive</name>
         <value>0xa23</value>
         <object_component_ref idref="oc-12f"/>
      </symbol>
      <symbol id="sm-28a">
         <name>oi_setWheels</name>
         <value>0x88f</value>
         <object_component_ref idref="oc-12f"/>
      </symbol>
      <symbol id="sm-28b">
         <name>oi_shutoff_init</name>
         <value>0xb43</value>
         <object_component_ref idref="oc-12f"/>
      </symbol>
      <symbol id="sm-28c">
         <name>motor_cal_factor_L</name>
         <value>0x2000173c</value>
         <object_component_ref idref="oc-23c"/>
      </symbol>
      <symbol id="sm-28d">
         <name>motor_cal_factor_R</name>
         <value>0x20001740</value>
         <object_component_ref idref="oc-23c"/>
      </symbol>
      <symbol id="sm-28e">
         <name>oi_parseInt</name>
         <value>0x61bf</value>
         <object_component_ref idref="oc-235"/>
      </symbol>
      <symbol id="sm-28f">
         <name>oi_setMotorCalibration</name>
         <value>0xda5</value>
         <object_component_ref idref="oc-12f"/>
      </symbol>
      <symbol id="sm-290">
         <name>oi_uartSendStr</name>
         <value>0xa4b</value>
         <object_component_ref idref="oc-12f"/>
      </symbol>
      <symbol id="sm-291">
         <name>oi_close</name>
         <value>0x2c7</value>
         <object_component_ref idref="oc-12f"/>
      </symbol>
      <symbol id="sm-292">
         <name>oi_uartSendBuff</name>
         <value>0xa69</value>
         <object_component_ref idref="oc-12f"/>
      </symbol>
      <symbol id="sm-293">
         <name>oi_checkFirmware</name>
         <value>0xa9b</value>
         <object_component_ref idref="oc-12f"/>
      </symbol>
      <symbol id="sm-294">
         <name>oi_init_noupdate</name>
         <value>0x289</value>
         <object_component_ref idref="oc-12f"/>
      </symbol>
      <symbol id="sm-295">
         <name>oi_uartSendChar</name>
         <value>0xa07</value>
         <object_component_ref idref="oc-12f"/>
      </symbol>
      <symbol id="sm-296">
         <name>oi_alloc</name>
         <value>0x26d</value>
         <object_component_ref idref="oc-12f"/>
      </symbol>
      <symbol id="sm-297">
         <name>oi_getMotorCalibrationLeft</name>
         <value>0xde1</value>
         <object_component_ref idref="oc-12f"/>
      </symbol>
      <symbol id="sm-298">
         <name>oi_loadSong</name>
         <value>0x915</value>
         <object_component_ref idref="oc-12f"/>
      </symbol>
      <symbol id="sm-299">
         <name>oi_play_song</name>
         <value>0x96b</value>
         <object_component_ref idref="oc-12f"/>
      </symbol>
      <symbol id="sm-29a">
         <name>oi_parsePacket</name>
         <value>0x32b</value>
         <object_component_ref idref="oc-12f"/>
      </symbol>
      <symbol id="sm-29b">
         <name>oi_setLeds</name>
         <value>0x84b</value>
         <object_component_ref idref="oc-12f"/>
      </symbol>
      <symbol id="sm-29c">
         <name>oi_init</name>
         <value>0x2b1</value>
         <object_component_ref idref="oc-12f"/>
      </symbol>
      <symbol id="sm-29d">
         <name>oi_update</name>
         <value>0x2d9</value>
         <object_component_ref idref="oc-12f"/>
      </symbol>
      <symbol id="sm-29e">
         <name>oi_uartInit</name>
         <value>0x97f</value>
         <object_component_ref idref="oc-12f"/>
      </symbol>
      <symbol id="sm-2e1">
         <name>clockCyclePeriod</name>
         <value>0x20000ae0</value>
      </symbol>
      <symbol id="sm-2e2">
         <name>ping_read</name>
         <value>0x3b85</value>
         <object_component_ref idref="oc-dd"/>
      </symbol>
      <symbol id="sm-2e3">
         <name>clockCycleCount</name>
         <value>0x20001764</value>
         <object_component_ref idref="oc-1ad"/>
      </symbol>
      <symbol id="sm-2e4">
         <name>edge</name>
         <value>0x20001768</value>
         <object_component_ref idref="oc-1ad"/>
      </symbol>
      <symbol id="sm-2e5">
         <name>timer_handler</name>
         <value>0x3b49</value>
         <object_component_ref idref="oc-dd"/>
      </symbol>
      <symbol id="sm-2e6">
         <name>ping_activate</name>
         <value>0x3ad1</value>
         <object_component_ref idref="oc-dd"/>
      </symbol>
      <symbol id="sm-2e7">
         <name>startPeriod</name>
         <value>0x2000175c</value>
         <object_component_ref idref="oc-1ad"/>
      </symbol>
      <symbol id="sm-2e8">
         <name>endPeriod</name>
         <value>0x20001760</value>
         <object_component_ref idref="oc-1ad"/>
      </symbol>
      <symbol id="sm-2e9">
         <name>overflow</name>
         <value>0x20001770</value>
         <object_component_ref idref="oc-1ad"/>
      </symbol>
      <symbol id="sm-2ea">
         <name>interrupt_control</name>
         <value>0x2000176c</value>
         <object_component_ref idref="oc-1ad"/>
      </symbol>
      <symbol id="sm-2eb">
         <name>ping_initialize</name>
         <value>0x39ed</value>
         <object_component_ref idref="oc-dd"/>
      </symbol>
      <symbol id="sm-314">
         <name>servo_move</name>
         <value>0x502d</value>
         <object_component_ref idref="oc-e9"/>
      </symbol>
      <symbol id="sm-315">
         <name>servo_init</name>
         <value>0x4f89</value>
         <object_component_ref idref="oc-e9"/>
      </symbol>
      <symbol id="sm-316">
         <name>period</name>
         <value>0x20001788</value>
         <object_component_ref idref="oc-1ba"/>
      </symbol>
      <symbol id="sm-317">
         <name>servo_calibrate</name>
         <value>0x5079</value>
         <object_component_ref idref="oc-e9"/>
      </symbol>
      <symbol id="sm-333">
         <name>ResetISR</name>
         <value>0x6285</value>
         <object_component_ref idref="oc-2a"/>
      </symbol>
      <symbol id="sm-334">
         <name>g_pfnVectors</name>
         <value>0x0</value>
         <object_component_ref idref="oc-12"/>
      </symbol>
      <symbol id="sm-36b">
         <name>uart_interrupt_handler</name>
         <value>0x429f</value>
         <object_component_ref idref="oc-d7"/>
      </symbol>
      <symbol id="sm-36c">
         <name>uart_sendChar</name>
         <value>0x4213</value>
         <object_component_ref idref="oc-d7"/>
      </symbol>
      <symbol id="sm-36d">
         <name>uart_interrupt_init</name>
         <value>0x427f</value>
         <object_component_ref idref="oc-d7"/>
      </symbol>
      <symbol id="sm-36e">
         <name>uart_init</name>
         <value>0x4155</value>
         <object_component_ref idref="oc-d7"/>
      </symbol>
      <symbol id="sm-36f">
         <name>uart_receive</name>
         <value>0x422f</value>
         <object_component_ref idref="oc-d7"/>
      </symbol>
      <symbol id="sm-370">
         <name>uart_sendStr</name>
         <value>0x4255</value>
         <object_component_ref idref="oc-d7"/>
      </symbol>
      <symbol id="sm-397">
         <name>sprintf</name>
         <value>0x5f1d</value>
         <object_component_ref idref="oc-fa"/>
      </symbol>
      <symbol id="sm-3c1">
         <name>vsnprintf</name>
         <value>0x5f5d</value>
         <object_component_ref idref="oc-212"/>
      </symbol>
      <symbol id="sm-458">
         <name>pow</name>
         <value>0x18d1</value>
         <object_component_ref idref="oc-1a2"/>
      </symbol>
      <symbol id="sm-459">
         <name>powl</name>
         <value>0x18d1</value>
         <object_component_ref idref="oc-1a2"/>
      </symbol>
      <symbol id="sm-47b">
         <name>sqrtl</name>
         <value>0x4bbd</value>
         <object_component_ref idref="oc-115"/>
      </symbol>
      <symbol id="sm-47c">
         <name>sqrt</name>
         <value>0x4bbd</value>
         <object_component_ref idref="oc-115"/>
      </symbol>
      <symbol id="sm-4cd">
         <name>cosl</name>
         <value>0x30e9</value>
         <object_component_ref idref="oc-10a"/>
      </symbol>
      <symbol id="sm-4ce">
         <name>cos</name>
         <value>0x30e9</value>
         <object_component_ref idref="oc-10a"/>
      </symbol>
      <symbol id="sm-4f5">
         <name>scalbn</name>
         <value>0x51e1</value>
         <object_component_ref idref="oc-283"/>
      </symbol>
      <symbol id="sm-4f6">
         <name>scalbnl</name>
         <value>0x51e1</value>
         <object_component_ref idref="oc-283"/>
      </symbol>
      <symbol id="sm-4f7">
         <name>ldexpl</name>
         <value>0x51e1</value>
         <object_component_ref idref="oc-283"/>
      </symbol>
      <symbol id="sm-4f8">
         <name>ldexp</name>
         <value>0x51e1</value>
         <object_component_ref idref="oc-283"/>
      </symbol>
      <symbol id="sm-502">
         <name>copysign</name>
         <value>0x6175</value>
         <object_component_ref idref="oc-36a"/>
      </symbol>
      <symbol id="sm-503">
         <name>copysignl</name>
         <value>0x6175</value>
         <object_component_ref idref="oc-36a"/>
      </symbol>
      <symbol id="sm-51a">
         <name>__aeabi_dsub</name>
         <value>0x4725</value>
         <object_component_ref idref="oc-110"/>
      </symbol>
      <symbol id="sm-51b">
         <name>__aeabi_dadd</name>
         <value>0x472f</value>
         <object_component_ref idref="oc-110"/>
      </symbol>
      <symbol id="sm-53d">
         <name>__aeabi_cdcmpeq</name>
         <value>0x59a9</value>
         <object_component_ref idref="oc-1e7"/>
      </symbol>
      <symbol id="sm-53e">
         <name>__aeabi_cdcmple</name>
         <value>0x59a9</value>
         <object_component_ref idref="oc-1e7"/>
      </symbol>
      <symbol id="sm-53f">
         <name>__aeabi_cdrcmple</name>
         <value>0x5a2f</value>
         <object_component_ref idref="oc-245"/>
      </symbol>
      <symbol id="sm-553">
         <name>__aeabi_ddiv</name>
         <value>0x4e51</value>
         <object_component_ref idref="oc-18e"/>
      </symbol>
      <symbol id="sm-55e">
         <name>__aeabi_dmul</name>
         <value>0x54ed</value>
         <object_component_ref idref="oc-105"/>
      </symbol>
      <symbol id="sm-568">
         <name>__aeabi_d2iz</name>
         <value>0x5e91</value>
         <object_component_ref idref="oc-11b"/>
      </symbol>
      <symbol id="sm-574">
         <name>__aeabi_d2f</name>
         <value>0x5c0f</value>
         <object_component_ref idref="oc-1a8"/>
      </symbol>
      <symbol id="sm-57f">
         <name>__aeabi_f2d</name>
         <value>0x6015</value>
         <object_component_ref idref="oc-f5"/>
      </symbol>
      <symbol id="sm-589">
         <name>__aeabi_i2d</name>
         <value>0x60e5</value>
         <object_component_ref idref="oc-100"/>
      </symbol>
      <symbol id="sm-5a4">
         <name>memcpy</name>
         <value>0x5877</value>
         <object_component_ref idref="oc-3e"/>
      </symbol>
      <symbol id="sm-5a5">
         <name>__aeabi_memcpy</name>
         <value>0x5877</value>
         <object_component_ref idref="oc-3e"/>
      </symbol>
      <symbol id="sm-5a6">
         <name>__aeabi_memcpy8</name>
         <value>0x5877</value>
         <object_component_ref idref="oc-3e"/>
      </symbol>
      <symbol id="sm-5a7">
         <name>__aeabi_memcpy4</name>
         <value>0x5877</value>
         <object_component_ref idref="oc-3e"/>
      </symbol>
      <symbol id="sm-5b9">
         <name>__TI_zero_init</name>
         <value>0x6279</value>
         <object_component_ref idref="oc-50"/>
      </symbol>
      <symbol id="sm-5d0">
         <name>__TI_decompress_none</name>
         <value>0x625f</value>
         <object_component_ref idref="oc-1b"/>
      </symbol>
      <symbol id="sm-5f3">
         <name>__TI_decompress_lzss</name>
         <value>0x5c7d</value>
         <object_component_ref idref="oc-15"/>
      </symbol>
      <symbol id="sm-688">
         <name>_sys_memory</name>
         <value>0x200012f8</value>
         <object_component_ref idref="oc-24"/>
      </symbol>
      <symbol id="sm-689">
         <name>free</name>
         <value>0x56e1</value>
         <object_component_ref idref="oc-22f"/>
      </symbol>
      <symbol id="sm-68a">
         <name>memalign</name>
         <value>0x52f1</value>
         <object_component_ref idref="oc-3e1"/>
      </symbol>
      <symbol id="sm-68b">
         <name>calloc</name>
         <value>0x5fdd</value>
         <object_component_ref idref="oc-229"/>
      </symbol>
      <symbol id="sm-68c">
         <name>malloc</name>
         <value>0x62a5</value>
         <object_component_ref idref="oc-325"/>
      </symbol>
      <symbol id="sm-68d">
         <name>aligned_alloc</name>
         <value>0x52f1</value>
         <object_component_ref idref="oc-3e1"/>
      </symbol>
      <symbol id="sm-69c">
         <name>strcmp</name>
         <value>0x61d7</value>
         <object_component_ref idref="oc-218"/>
      </symbol>
      <symbol id="sm-6aa">
         <name>strcpy</name>
         <value>0x6205</value>
         <object_component_ref idref="oc-21e"/>
      </symbol>
      <symbol id="sm-710">
         <name>__kernel_rem_pio2</name>
         <value>0x2291</value>
         <object_component_ref idref="oc-1ec"/>
      </symbol>
      <symbol id="sm-726">
         <name>__aeabi_errno_addr</name>
         <value>0x629d</value>
         <object_component_ref idref="oc-200"/>
      </symbol>
      <symbol id="sm-727">
         <name>errno</name>
         <value>0x20001784</value>
         <object_component_ref idref="oc-2fb"/>
      </symbol>
      <symbol id="sm-73a">
         <name>__stack</name>
         <value>0x20000af8</value>
         <object_component_ref idref="oc-27"/>
      </symbol>
      <symbol id="sm-73b">
         <name>_c_int00_noargs</name>
         <value>0x6081</value>
         <object_component_ref idref="oc-5c"/>
      </symbol>
      <symbol id="sm-8a0">
         <name>__TI_printfi</name>
         <value>0xe81</value>
         <object_component_ref idref="oc-1c6"/>
      </symbol>
      <symbol id="sm-8b6">
         <name>__kernel_cos</name>
         <value>0x4a51</value>
         <object_component_ref idref="oc-1e1"/>
      </symbol>
      <symbol id="sm-8cd">
         <name>__kernel_sin</name>
         <value>0x48dd</value>
         <object_component_ref idref="oc-1f2"/>
      </symbol>
      <symbol id="sm-8ea">
         <name>floorl</name>
         <value>0x55e9</value>
         <object_component_ref idref="oc-2e1"/>
      </symbol>
      <symbol id="sm-8eb">
         <name>floor</name>
         <value>0x55e9</value>
         <object_component_ref idref="oc-2e1"/>
      </symbol>
      <symbol id="sm-901">
         <name>frexpl</name>
         <value>0x5ce5</value>
         <object_component_ref idref="oc-3a4"/>
      </symbol>
      <symbol id="sm-902">
         <name>frexp</name>
         <value>0x5ce5</value>
         <object_component_ref idref="oc-3a4"/>
      </symbol>
      <symbol id="sm-90f">
         <name>__aeabi_uldivmod</name>
         <value>0x5913</value>
         <object_component_ref idref="oc-37d"/>
      </symbol>
      <symbol id="sm-91e">
         <name>__aeabi_memset</name>
         <value>0x5ab7</value>
         <object_component_ref idref="oc-96"/>
      </symbol>
      <symbol id="sm-91f">
         <name>memset</name>
         <value>0x5abd</value>
         <object_component_ref idref="oc-96"/>
      </symbol>
      <symbol id="sm-920">
         <name>__aeabi_memset8</name>
         <value>0x5ab7</value>
         <object_component_ref idref="oc-96"/>
      </symbol>
      <symbol id="sm-921">
         <name>__aeabi_memset4</name>
         <value>0x5ab7</value>
         <object_component_ref idref="oc-96"/>
      </symbol>
      <symbol id="sm-922">
         <name>__aeabi_memclr8</name>
         <value>0x5ab5</value>
         <object_component_ref idref="oc-96"/>
      </symbol>
      <symbol id="sm-923">
         <name>__aeabi_memclr4</name>
         <value>0x5ab5</value>
         <object_component_ref idref="oc-96"/>
      </symbol>
      <symbol id="sm-924">
         <name>__aeabi_memclr</name>
         <value>0x5ab5</value>
         <object_component_ref idref="oc-96"/>
      </symbol>
      <symbol id="sm-94c">
         <name>__TI_auto_init_nobinit_nopinit</name>
         <value>0x5ed9</value>
         <object_component_ref idref="oc-14b"/>
      </symbol>
      <symbol id="sm-956">
         <name>_system_pre_init</name>
         <value>0x62ad</value>
         <object_component_ref idref="oc-9c"/>
      </symbol>
      <symbol id="sm-962">
         <name>C$$EXIT</name>
         <value>0x62b1</value>
         <object_component_ref idref="oc-13f"/>
      </symbol>
      <symbol id="sm-963">
         <name>abort</name>
         <value>0x62b1</value>
         <object_component_ref idref="oc-13f"/>
      </symbol>
      <symbol id="sm-978">
         <name>_nop</name>
         <value>0x18cf</value>
         <object_component_ref idref="oc-344"/>
      </symbol>
      <symbol id="sm-979">
         <name>_lock</name>
         <value>0x20001774</value>
         <object_component_ref idref="oc-250"/>
      </symbol>
      <symbol id="sm-97a">
         <name>_unlock</name>
         <value>0x20001778</value>
         <object_component_ref idref="oc-250"/>
      </symbol>
      <symbol id="sm-989">
         <name>__TI_ltoa</name>
         <value>0x5d9f</value>
         <object_component_ref idref="oc-383"/>
      </symbol>
      <symbol id="sm-9a0">
         <name>atoi</name>
         <value>0x5e45</value>
         <object_component_ref idref="oc-29e"/>
      </symbol>
      <symbol id="sm-9ab">
         <name>_ctypes_</name>
         <value>0x6410</value>
         <object_component_ref idref="oc-378"/>
      </symbol>
      <symbol id="sm-9bb">
         <name>memccpy</name>
         <value>0x6159</value>
         <object_component_ref idref="oc-2c2"/>
      </symbol>
      <symbol id="sm-9cb">
         <name>strchr</name>
         <value>0x61ef</value>
         <object_component_ref idref="oc-3aa"/>
      </symbol>
      <symbol id="sm-9d9">
         <name>strlen</name>
         <value>0x6219</value>
         <object_component_ref idref="oc-298"/>
      </symbol>
      <symbol id="sm-9f2">
         <name>wcslen</name>
         <value>0x622d</value>
         <object_component_ref idref="oc-2c8"/>
      </symbol>
      <symbol id="sm-9fc">
         <name>__aeabi_idiv0</name>
         <value>0x48db</value>
         <object_component_ref idref="oc-406"/>
      </symbol>
      <symbol id="sm-9fd">
         <name>__aeabi_ldiv0</name>
         <value>0x48db</value>
         <object_component_ref idref="oc-406"/>
      </symbol>
      <symbol id="sm-a22">
         <name>IntRegister</name>
         <value>0x604d</value>
         <object_component_ref idref="oc-193"/>
      </symbol>
      <symbol id="sm-a23">
         <name>g_pfnRAMVectors</name>
         <value>0x20000000</value>
         <object_component_ref idref="oc-26d"/>
      </symbol>
      <symbol id="sm-a24">
         <name>IntMasterEnable</name>
         <value>0x623f</value>
         <object_component_ref idref="oc-19c"/>
      </symbol>
      <symbol id="sm-a2e">
         <name>CPUcpsie</name>
         <value>0x626d</value>
         <object_component_ref idref="oc-279"/>
      </symbol>
      <symbol id="sm-a2f">
         <name>__TI_static_base__</name>
         <value>0x0</value>
      </symbol>
      <symbol id="sm-a32">
         <name>__mpu_init</name>
         <value>0x0</value>
      </symbol>
      <symbol id="sm-a33">
         <name>_system_post_cinit</name>
         <value>0x0</value>
      </symbol>
   </symbol_table>
   <title>Link successful</title>
</link_info>
