******************************************************************************
                  TI ARM Linker PC v20.2.4                     
******************************************************************************
>> Linked Thu Jun 30 13:32:52 2022

OUTPUT FILE NAME:   <lab_6_7.out>
ENTRY POINT SYMBOL: "_c_int00_noargs"  address: 00006345


MEMORY CONFIGURATION

         name            origin    length      used     unused   attr    fill
----------------------  --------  ---------  --------  --------  ----  --------
  FLASH                 00000000   00040000  00006883  0003977d  R  X
  SRAM                  20000000   00008000  00001f6d  00006093  RW X


SEGMENT ALLOCATION MAP

run origin  load origin   length   init length attrs members
----------  ----------- ---------- ----------- ----- -------
00000000    00000000    00006888   00006888    r-x
  00000000    00000000    0000026c   0000026c    r-- .intvecs
  0000026c    0000026c    0000630c   0000630c    r-x .text
  00006578    00006578    000002a3   000002a3    r-- .const
  00006820    00006820    00000068   00000068    r-- .cinit
20000000    20000000    00001f70   00000000    rw-
  20000000    20000000    0000026c   00000000    rw- .vtable
  2000026c    2000026c    00001059   00000000    rw- .bss
  200012c8    200012c8    00000800   00000000    rw- .stack
  20001ac8    20001ac8    00000400   00000000    rw- .sysmem
  20001ec8    20001ec8    000000a8   00000000    rw- .data


SECTION ALLOCATION MAP

 output                                  attributes/
section   page    origin      length       input sections
--------  ----  ----------  ----------   ----------------
.intvecs   0    00000000    0000026c     
                  00000000    0000026c     tm4c123gh6pm_startup_ccs.obj (.intvecs)

.text      0    0000026c    0000630c     
                  0000026c    00000c14     open_interface.obj (.text)
                  00000e80    00000a4e     rtsv7M4_T_le_v4SPD16_eabi.lib : _printfi.c.obj (.text:__TI_printfi)
                  000018ce    00000002                                   : _lock.c.obj (.text:_nop)
                  000018d0    000009c0                                   : e_pow.c.obj (.text:pow)
                  00002290    0000081c     Lab6_template_extra_help.obj (.text)
                  00002aac    00000738     rtsv7M4_T_le_v4SPD16_eabi.lib : k_rem_pio2.c.obj (.text:__kernel_rem_pio2)
                  000031e4    000005dc                                   : s_cos.c.obj (.text:cos)
                  000037c0    00000328     lcd.obj (.text)
                  00003ae8    000002b0     movement.obj (.text)
                  00003d98    000002b0     ping.obj (.text)
                  00004048    00000270     rtsv7M4_T_le_v4SPD16_eabi.lib : _printfi.c.obj (.text:_pconv_a)
                  000042b8    00000248     Timer.obj (.text)
                  00004500    00000218     uart_extra_help.obj (.text)
                  00004718    000001d0     rtsv7M4_T_le_v4SPD16_eabi.lib : _printfi.c.obj (.text:_pconv_g)
                  000048e8    000001b6                                   : fd_add_t2.asm.obj (.text)
                  00004a9e    00000002                                   : div0.asm.obj (.text)
                  00004aa0    00000174                                   : k_sin.c.obj (.text:__kernel_sin)
                  00004c14    0000016c                                   : k_cos.c.obj (.text:__kernel_cos)
                  00004d80    00000158                                   : e_sqrt.c.obj (.text:sqrt)
                  00004ed8    0000013c                                   : _printfi.c.obj (.text:_pconv_e)
                  00005014    00000136                                   : fd_div_t2.asm.obj (.text)
                  0000514a    00000002     --HOLE-- [fill = 0]
                  0000514c    00000134     servo.obj (.text)
                  00005280    00000124     rtsv7M4_T_le_v4SPD16_eabi.lib : _printfi.c.obj (.text:fcvt)
                  000053a4    00000110                                   : s_scalbn.c.obj (.text:scalbn)
                  000054b4    00000100                                   : memory.c.obj (.text:aligned_alloc)
                  000055b4    00000100     button.obj (.text)
                  000056b4    000000fc     adc.obj (.text)
                  000057b0    000000fc     rtsv7M4_T_le_v4SPD16_eabi.lib : fd_mul_t2.asm.obj (.text)
                  000058ac    000000f8                                   : s_floor.c.obj (.text:floor)
                  000059a4    000000e4                                   : memory.c.obj (.text:free)
                  00005a88    000000b1                                   : _printfi.c.obj (.text:_ltostr)
                  00005b39    00000001     --HOLE-- [fill = 0]
                  00005b3a    0000009c                                   : memcpy_t2.asm.obj (.text)
                  00005bd6    00000096                                   : ull_div_t2.asm.obj (.text)
                  00005c6c    00000086                                   : fd_cmp_t2.asm.obj (.text:__aeabi_cdcmple)
                  00005cf2    00000086                                   : fd_cmp_t2.asm.obj (.text:__aeabi_cdrcmple)
                  00005d78    0000007a                                   : memset_t2.asm.obj (.text)
                  00005df2    00000002     --HOLE-- [fill = 0]
                  00005df4    00000070                                   : memory.c.obj (.text:split)
                  00005e64    0000006e                                   : _printfi.c.obj (.text:_mcpy)
                  00005ed2    0000006e                                   : fd_tos_t2.asm.obj (.text)
                  00005f40    00000068                                   : copy_decompress_lzss.c.obj (.text:decompress:lzss:__TI_decompress_lzss)
                  00005fa8    00000064                                   : s_frexp.c.obj (.text:frexp)
                  0000600c    00000056                                   : _printfi.c.obj (.text:_pconv_f)
                  00006062    00000054                                   : _ltoa.c.obj (.text:__TI_ltoa)
                  000060b6    00000052                                   : _printfi.c.obj (.text:_ecpy)
                  00006108    0000004c                                   : atoi.c.obj (.text:atoi)
                  00006154    00000048                                   : fd_toi_t2.asm.obj (.text)
                  0000619c    00000044                                   : autoinit.c.obj (.text:__TI_auto_init_nobinit_nopinit:__TI_auto_init_nobinit_nopinit)
                  000061e0    00000040                                   : sprintf.c.obj (.text:sprintf)
                  00006220    00000040                                   : vsnprintf.c.obj (.text:vsnprintf)
                  00006260    0000003e                                   : _printfi.c.obj (.text:_fcpy)
                  0000629e    00000002     --HOLE-- [fill = 0]
                  000062a0    00000038                                   : memory.c.obj (.text:calloc)
                  000062d8    00000038                                   : fs_tod_t2.asm.obj (.text)
                  00006310    00000034     driverlib.lib : interrupt.obj (.text:IntRegister)
                  00006344    00000034     rtsv7M4_T_le_v4SPD16_eabi.lib : boot_cortex_m.c.obj (.text:_c_int00_noargs:_c_int00_noargs)
                  00006378    00000030                                   : vsnprintf.c.obj (.text:_outs)
                  000063a8    0000002e                                   : i_tofd_t2.asm.obj (.text)
                  000063d6    00000002     --HOLE-- [fill = 0]
                  000063d8    00000028                                   : memory.c.obj (.text:free_list_insert)
                  00006400    0000001c                                   : memory.c.obj (.text:free_list_remove)
                  0000641c    0000001c                                   : memccpy.c.obj (.text:memccpy)
                  00006438    0000001a                                   : s_copysign.c.obj (.text:copysign)
                  00006452    00000018                                   : vsnprintf.c.obj (.text:_outc)
                  0000646a    00000018                                   : sprintf.c.obj (.text:_outs)
                  00006482    00000018     open_interface.obj (.text:oi_parseInt)
                  0000649a    00000018     rtsv7M4_T_le_v4SPD16_eabi.lib : strcmp.c.obj (.text:strcmp)
                  000064b2    00000016                                   : strchr.c.obj (.text:strchr)
                  000064c8    00000014                                   : strcpy.c.obj (.text:strcpy)
                  000064dc    00000014                                   : strlen.c.obj (.text:strlen)
                  000064f0    00000012                                   : wcslen.c.obj (.text:wcslen)
                  00006502    00000010     driverlib.lib : interrupt.obj (.text:IntMasterEnable)
                  00006512    00000010     lcd.obj (.text:lcd_clear)
                  00006522    0000000e     rtsv7M4_T_le_v4SPD16_eabi.lib : copy_decompress_none.c.obj (.text:decompress:none:__TI_decompress_none)
                  00006530    0000000c     driverlib.lib : cpu.obj (.text:CPUcpsie)
                  0000653c    0000000c     rtsv7M4_T_le_v4SPD16_eabi.lib : copy_zero_init.c.obj (.text:decompress:ZI:__TI_zero_init)
                  00006548    0000000c     tm4c123gh6pm_startup_ccs.obj (.text)
                  00006554    0000000a     rtsv7M4_T_le_v4SPD16_eabi.lib : sprintf.c.obj (.text:_outc)
                  0000655e    00000002     --HOLE-- [fill = 0]
                  00006560    00000008                                   : errno.c.obj (.text:__aeabi_errno_addr)
                  00006568    00000008                                   : memory.c.obj (.text:malloc)
                  00006570    00000004                                   : pre_init.c.obj (.text:_system_pre_init)
                  00006574    00000004                                   : exit.c.obj (.text:abort:abort)

.const     0    00006578    000002a3     
                  00006578    00000158     rtsv7M4_T_le_v4SPD16_eabi.lib : k_rem_pio2.c.obj (.const:$O1$$)
                  000066d0    00000101                                   : ctype.c.obj (.const:.string:_ctypes_)
                  000067d1    00000004     lcd.obj (.const:.string:lineAddress$1)
                  000067d5    00000003     --HOLE-- [fill = 0]
                  000067d8    00000030     rtsv7M4_T_le_v4SPD16_eabi.lib : e_pow.c.obj (.const:$O1$$)
                  00006808    0000000f     open_interface.obj (.const:.string:$P$T0$3)
                  00006817    00000004     lcd.obj (.const:.string:lineAddresses$2)

.cinit     0    00006820    00000068     
                  00006820    0000002e     (.cinit..data.load) [load image, compression = lzss]
                  0000684e    00000002     --HOLE-- [fill = 0]
                  00006850    0000000c     (__TI_handler_table)
                  0000685c    00000004     --HOLE-- [fill = 0]
                  00006860    00000008     (.cinit..bss.load) [load image, compression = zero_init]
                  00006868    00000008     (.cinit..vtable.load) [load image, compression = zero_init]
                  00006870    00000018     (__TI_cinit_table)

.init_array 
*          0    00000000    00000000     UNINITIALIZED

.vtable    0    20000000    0000026c     UNINITIALIZED
                  20000000    0000026c     driverlib.lib : interrupt.obj (.vtable)

.bss       0    2000026c    00001059     UNINITIALIZED
                  2000026c    000003e8     (.common:str)
                  20000654    000003e8     (.common:str1)
                  20000a3c    000003e8     (.common:str2)
                  20000e24    0000016c     (.common:data)
                  20000f90    0000016c     (.common:dist)
                  200010fc    00000140     (.common:objects)
                  2000123c    00000054     lcd.obj (.bss:lastbuffer$3)
                  20001290    00000018     open_interface.obj (.bss:firmware$2)
                  200012a8    00000004     (.common:_timeout_ticks)
                  200012ac    00000004     (.common:c)
                  200012b0    00000004     (.common:clockCyclePeriod)
                  200012b4    00000004     (.common:i)
                  200012b8    00000004     (.common:j)
                  200012bc    00000004     (.common:left_calibration_value)
                  200012c0    00000004     (.common:right_calibration_value)
                  200012c4    00000001     (.common:uart_data)

.stack     0    200012c8    00000800     UNINITIALIZED
                  200012c8    00000004     rtsv7M4_T_le_v4SPD16_eabi.lib : boot_cortex_m.c.obj (.stack)
                  200012cc    000007fc     --HOLE--

.sysmem    0    20001ac8    00000400     UNINITIALIZED
                  20001ac8    00000010     rtsv7M4_T_le_v4SPD16_eabi.lib : memory.c.obj (.sysmem)
                  20001ad8    000003f0     --HOLE--

.data      0    20001ec8    000000a8     UNINITIALIZED
                  20001ec8    0000004c     Lab6_template_extra_help.obj (.data)
                  20001f14    00000020     open_interface.obj (.data)
                  20001f34    00000018     ping.obj (.data)
                  20001f4c    00000009     button.obj (.data)
                  20001f55    00000001     Timer.obj (.data)
                  20001f56    00000002     --HOLE--
                  20001f58    00000008     rtsv7M4_T_le_v4SPD16_eabi.lib : _lock.c.obj (.data:$O1$$)
                  20001f60    00000008                                   : memory.c.obj (.data:$O1$$)
                  20001f68    00000004                                   : errno.c.obj (.data)
                  20001f6c    00000004     servo.obj (.data)

__llvm_prf_cnts 
*          0    20000000    00000000     UNINITIALIZED

MODULE SUMMARY

       Module                         code    ro data   rw data
       ------                         ----    -------   -------
    .\
       Lab6_template_extra_help.obj   2076    0         4145   
       open_interface.obj             3116    15        56     
       lcd.obj                        824     8         84     
       ping.obj                       688     0         28     
       movement.obj                   688     0         0      
       tm4c123gh6pm_startup_ccs.obj   12      620       0      
       Timer.obj                      584     0         5      
       uart_extra_help.obj            536     0         0      
       servo.obj                      308     0         4      
       button.obj                     256     0         9      
       adc.obj                        252     0         0      
    +--+------------------------------+-------+---------+---------+
       Total:                         9340    643       4331   
                                                               
    C:/ti/TivaWare_C_Series-2.1.4.178/driverlib/ccs/Debug/driverlib.lib
       interrupt.obj                  68      0         620    
       cpu.obj                        12      0         0      
    +--+------------------------------+-------+---------+---------+
       Total:                         80      0         620    
                                                               
    C:\ti\ccs1031\ccs\tools\compiler\ti-cgt-arm_20.2.4.LTS\lib\rtsv7M4_T_le_v4SPD16_eabi.lib
       _printfi.c.obj                 4851    0         0      
       e_pow.c.obj                    2496    48        0      
       k_rem_pio2.c.obj               1848    344       0      
       s_cos.c.obj                    1500    0         0      
       memory.c.obj                   728     0         8      
       fd_add_t2.asm.obj              438     0         0      
       k_sin.c.obj                    372     0         0      
       k_cos.c.obj                    364     0         0      
       e_sqrt.c.obj                   344     0         0      
       fd_div_t2.asm.obj              310     0         0      
       s_scalbn.c.obj                 272     0         0      
       fd_cmp_t2.asm.obj              268     0         0      
       ctype.c.obj                    0       257       0      
       fd_mul_t2.asm.obj              252     0         0      
       s_floor.c.obj                  248     0         0      
       memcpy_t2.asm.obj              156     0         0      
       ull_div_t2.asm.obj             150     0         0      
       vsnprintf.c.obj                136     0         0      
       memset_t2.asm.obj              122     0         0      
       fd_tos_t2.asm.obj              110     0         0      
       copy_decompress_lzss.c.obj     104     0         0      
       s_frexp.c.obj                  100     0         0      
       sprintf.c.obj                  98      0         0      
       _ltoa.c.obj                    84      0         0      
       atoi.c.obj                     76      0         0      
       fd_toi_t2.asm.obj              72      0         0      
       autoinit.c.obj                 68      0         0      
       fs_tod_t2.asm.obj              56      0         0      
       boot_cortex_m.c.obj            52      0         0      
       i_tofd_t2.asm.obj              46      0         0      
       memccpy.c.obj                  28      0         0      
       s_copysign.c.obj               26      0         0      
       strcmp.c.obj                   24      0         0      
       strchr.c.obj                   22      0         0      
       strcpy.c.obj                   20      0         0      
       strlen.c.obj                   20      0         0      
       wcslen.c.obj                   18      0         0      
       copy_decompress_none.c.obj     14      0         0      
       copy_zero_init.c.obj           12      0         0      
       errno.c.obj                    8       0         4      
       _lock.c.obj                    2       0         8      
       exit.c.obj                     4       0         0      
       pre_init.c.obj                 4       0         0      
       div0.asm.obj                   2       0         0      
    +--+------------------------------+-------+---------+---------+
       Total:                         15925   649       20     
                                                               
       Heap:                          0       0         1024   
       Stack:                         0       0         2048   
       Linker Generated:              0       98        0      
    +--+------------------------------+-------+---------+---------+
       Grand Total:                   25345   1390      8043   


LINKER GENERATED COPY TABLES

__TI_cinit_table @ 00006870 records: 3, size/record: 8, table size: 24
	.data: load addr=00006820, load size=0000002e bytes, run addr=20001ec8, run size=000000a8 bytes, compression=lzss
	.bss: load addr=00006860, load size=00000008 bytes, run addr=2000026c, run size=00001059 bytes, compression=zero_init
	.vtable: load addr=00006868, load size=00000008 bytes, run addr=20000000, run size=0000026c bytes, compression=zero_init


LINKER GENERATED HANDLER TABLE

__TI_handler_table @ 00006850 records: 3, size/record: 4, table size: 12
	index: 0, handler: __TI_zero_init
	index: 1, handler: __TI_decompress_lzss
	index: 2, handler: __TI_decompress_none


GLOBAL SYMBOLS: SORTED ALPHABETICALLY BY Name 

address   name                          
-------   ----                          
00006575  C$$EXIT                       
00006531  CPUcpsie                      
00000bb5  GPIOF_Handler                 
00003c29  GradualturnLeft               
00003bc5  GradualturnRight              
20001ec8  IR_dist                       
00006503  IntMasterEnable               
00006311  IntRegister                   
00006549  ResetISR                      
20001ac8  __STACK_END                   
00000800  __STACK_SIZE                  
200014c8  __STACK_TOP                   
00000400  __SYSMEM_SIZE                 
00006870  __TI_CINIT_Base               
00006888  __TI_CINIT_Limit              
00006850  __TI_Handler_Table_Base       
0000685c  __TI_Handler_Table_Limit      
0000619d  __TI_auto_init_nobinit_nopinit
00005f41  __TI_decompress_lzss          
00006523  __TI_decompress_none          
00006063  __TI_ltoa                     
ffffffff  __TI_pprof_out_hndl           
00000e81  __TI_printfi                  
ffffffff  __TI_prof_data_size           
ffffffff  __TI_prof_data_start          
00000000  __TI_static_base__            
0000653d  __TI_zero_init                
00005c6d  __aeabi_cdcmpeq               
00005c6d  __aeabi_cdcmple               
00005cf3  __aeabi_cdrcmple              
00005ed3  __aeabi_d2f                   
00006155  __aeabi_d2iz                  
000048f3  __aeabi_dadd                  
00005015  __aeabi_ddiv                  
000057b1  __aeabi_dmul                  
000048e9  __aeabi_dsub                  
00006561  __aeabi_errno_addr            
000062d9  __aeabi_f2d                   
000063a9  __aeabi_i2d                   
00004a9f  __aeabi_idiv0                 
00004a9f  __aeabi_ldiv0                 
00005d79  __aeabi_memclr                
00005d79  __aeabi_memclr4               
00005d79  __aeabi_memclr8               
00005b3b  __aeabi_memcpy                
00005b3b  __aeabi_memcpy4               
00005b3b  __aeabi_memcpy8               
00005d7b  __aeabi_memset                
00005d7b  __aeabi_memset4               
00005d7b  __aeabi_memset8               
00005bd7  __aeabi_uldivmod              
ffffffff  __binit__                     
ffffffff  __c_args__                    
00004c15  __kernel_cos                  
00002aad  __kernel_rem_pio2             
00004aa1  __kernel_sin                  
UNDEFED   __mpu_init                    
200012c8  __stack                       
20000000  __start___llvm_prf_cnts       
20000000  __stop___llvm_prf_cnts        
00006345  _c_int00_noargs               
000066d0  _ctypes_                      
20001f58  _lock                         
000018cf  _nop                          
20001f55  _running                      
20001ac8  _sys_memory                   
UNDEFED   _system_post_cinit            
00006571  _system_pre_init              
200012a8  _timeout_ticks                
20001f5c  _unlock                       
00006575  abort                         
000056b5  adc_init                      
00005739  adc_read                      
000054b5  aligned_alloc                 
00006109  atoi                          
ffffffff  binit                         
20001f0c  button                        
20001f4c  button_event                  
0000564b  button_getButton              
000055b5  button_init                   
20001f50  button_num                    
200012ac  c                             
000062a1  calloc                        
20001f04  ch                            
20001f3c  clockCycleCount               
200012b0  clockCyclePeriod              
00003d69  collision_detection           
00006439  copysign                      
00006439  copysignl                     
000031e5  cos                           
000031e5  cosl                          
20001f08  count                         
20001ed4  currentRadialSize             
20000e24  data                          
00002291  detect                        
20000f90  dist                          
20001f40  edge                          
20001ed0  endIndex                      
20001f38  endPeriod                     
20001f68  errno                         
000058ad  floor                         
000058ad  floorl                        
20001ef4  found                         
000059a5  free                          
00005fa9  frexp                         
00005fa9  frexpl                        
20000000  g_pfnRAMVectors               
00000000  g_pfnVectors                  
00005633  gpioe_handler                 
200012b4  i                             
20001ef0  index                         
000055ef  init_button_interrupts        
20001f44  interrupt_control             
200012b8  j                             
00006513  lcd_clear                     
00003995  lcd_gotoLine                  
000037fd  lcd_init                      
000039fb  lcd_printf                    
000038bd  lcd_putc                      
000038f5  lcd_puts                      
000037c1  lcd_reverseNibble             
00003913  lcd_sendCommand               
00003951  lcd_sendNibble                
000039bd  lcd_setCursorPos              
000053a5  ldexp                         
000053a5  ldexpl                        
200012bc  left_calibration_value        
0000287d  main                          
00006569  malloc                        
20001f00  measure                       
000054b5  memalign                      
0000641d  memccpy                       
00005b3b  memcpy                        
00005d81  memset                        
20001eec  minIndex                      
20001ee8  minSize                       
20001f14  motor_cal_factor_L            
20001f18  motor_cal_factor_R            
00003b4d  moveBackward                  
00003ae9  moveForward                   
20001ef8  notFound                      
200010fc  objects                       
0000026d  oi_alloc                      
00000a9b  oi_checkFirmware              
000002c7  oi_close                      
00000279  oi_free                       
00000de1  oi_getMotorCalibrationLeft    
00000df5  oi_getMotorCalibrationRight   
000002b1  oi_init                       
00000289  oi_init_noupdate              
00000915  oi_loadSong                   
00006483  oi_parseInt                   
0000032b  oi_parsePacket                
0000096b  oi_play_song                  
0000084b  oi_setLeds                    
00000da5  oi_setMotorCalibration        
0000088f  oi_setWheels                  
00000b43  oi_shutoff_init               
0000097f  oi_uartInit                   
00000a23  oi_uartReceive                
00000a69  oi_uartSendBuff               
00000a07  oi_uartSendChar               
00000a4b  oi_uartSendStr                
000002d9  oi_update                     
20001ee0  otherAngle                    
20001f48  overflow                      
20001f10  parked                        
20001f6c  period                        
00003e7d  ping_activate                 
00003d99  ping_initialize               
00003f31  ping_read                     
000018d1  pow                           
000018d1  powl                          
20001ed8  radialAngle                   
200012c0  right_calibration_value       
000053a5  scalbn                        
000053a5  scalbnl                       
0000523d  servo_calibrate               
0000514d  servo_init                    
000051f1  servo_move                    
000061e1  sprintf                       
00004d81  sqrt                          
00004d81  sqrtl                         
20001ecc  startIndex                    
20001f34  startPeriod                   
2000026c  str                           
20000654  str1                          
20000a3c  str2                          
000064b3  strchr                        
0000649b  strcmp                        
000064c9  strcpy                        
000064dd  strlen                        
20001f05  swap                          
000043d7  timer_getMicros               
0000437f  timer_getMillis               
00003ef5  timer_handler                 
000042b9  timer_init                    
0000435b  timer_pause                   
0000436d  timer_resume                  
00004331  timer_stop                    
00004431  timer_waitMicros              
00004463  timer_waitMillis              
20001efc  total                         
00003d03  turnLeft                      
00003c8d  turnRight                     
200012c4  uart_data                     
00004501  uart_init                     
0000464b  uart_interrupt_handler        
0000462b  uart_interrupt_init           
000045db  uart_receive                  
000045bf  uart_sendChar                 
00004601  uart_sendStr                  
00006221  vsnprintf                     
000064f1  wcslen                        


GLOBAL SYMBOLS: SORTED BY Symbol Address 

address   name                          
-------   ----                          
00000000  __TI_static_base__            
00000000  g_pfnVectors                  
0000026d  oi_alloc                      
00000279  oi_free                       
00000289  oi_init_noupdate              
000002b1  oi_init                       
000002c7  oi_close                      
000002d9  oi_update                     
0000032b  oi_parsePacket                
00000400  __SYSMEM_SIZE                 
00000800  __STACK_SIZE                  
0000084b  oi_setLeds                    
0000088f  oi_setWheels                  
00000915  oi_loadSong                   
0000096b  oi_play_song                  
0000097f  oi_uartInit                   
00000a07  oi_uartSendChar               
00000a23  oi_uartReceive                
00000a4b  oi_uartSendStr                
00000a69  oi_uartSendBuff               
00000a9b  oi_checkFirmware              
00000b43  oi_shutoff_init               
00000bb5  GPIOF_Handler                 
00000da5  oi_setMotorCalibration        
00000de1  oi_getMotorCalibrationLeft    
00000df5  oi_getMotorCalibrationRight   
00000e81  __TI_printfi                  
000018cf  _nop                          
000018d1  pow                           
000018d1  powl                          
00002291  detect                        
0000287d  main                          
00002aad  __kernel_rem_pio2             
000031e5  cos                           
000031e5  cosl                          
000037c1  lcd_reverseNibble             
000037fd  lcd_init                      
000038bd  lcd_putc                      
000038f5  lcd_puts                      
00003913  lcd_sendCommand               
00003951  lcd_sendNibble                
00003995  lcd_gotoLine                  
000039bd  lcd_setCursorPos              
000039fb  lcd_printf                    
00003ae9  moveForward                   
00003b4d  moveBackward                  
00003bc5  GradualturnRight              
00003c29  GradualturnLeft               
00003c8d  turnRight                     
00003d03  turnLeft                      
00003d69  collision_detection           
00003d99  ping_initialize               
00003e7d  ping_activate                 
00003ef5  timer_handler                 
00003f31  ping_read                     
000042b9  timer_init                    
00004331  timer_stop                    
0000435b  timer_pause                   
0000436d  timer_resume                  
0000437f  timer_getMillis               
000043d7  timer_getMicros               
00004431  timer_waitMicros              
00004463  timer_waitMillis              
00004501  uart_init                     
000045bf  uart_sendChar                 
000045db  uart_receive                  
00004601  uart_sendStr                  
0000462b  uart_interrupt_init           
0000464b  uart_interrupt_handler        
000048e9  __aeabi_dsub                  
000048f3  __aeabi_dadd                  
00004a9f  __aeabi_idiv0                 
00004a9f  __aeabi_ldiv0                 
00004aa1  __kernel_sin                  
00004c15  __kernel_cos                  
00004d81  sqrt                          
00004d81  sqrtl                         
00005015  __aeabi_ddiv                  
0000514d  servo_init                    
000051f1  servo_move                    
0000523d  servo_calibrate               
000053a5  ldexp                         
000053a5  ldexpl                        
000053a5  scalbn                        
000053a5  scalbnl                       
000054b5  aligned_alloc                 
000054b5  memalign                      
000055b5  button_init                   
000055ef  init_button_interrupts        
00005633  gpioe_handler                 
0000564b  button_getButton              
000056b5  adc_init                      
00005739  adc_read                      
000057b1  __aeabi_dmul                  
000058ad  floor                         
000058ad  floorl                        
000059a5  free                          
00005b3b  __aeabi_memcpy                
00005b3b  __aeabi_memcpy4               
00005b3b  __aeabi_memcpy8               
00005b3b  memcpy                        
00005bd7  __aeabi_uldivmod              
00005c6d  __aeabi_cdcmpeq               
00005c6d  __aeabi_cdcmple               
00005cf3  __aeabi_cdrcmple              
00005d79  __aeabi_memclr                
00005d79  __aeabi_memclr4               
00005d79  __aeabi_memclr8               
00005d7b  __aeabi_memset                
00005d7b  __aeabi_memset4               
00005d7b  __aeabi_memset8               
00005d81  memset                        
00005ed3  __aeabi_d2f                   
00005f41  __TI_decompress_lzss          
00005fa9  frexp                         
00005fa9  frexpl                        
00006063  __TI_ltoa                     
00006109  atoi                          
00006155  __aeabi_d2iz                  
0000619d  __TI_auto_init_nobinit_nopinit
000061e1  sprintf                       
00006221  vsnprintf                     
000062a1  calloc                        
000062d9  __aeabi_f2d                   
00006311  IntRegister                   
00006345  _c_int00_noargs               
000063a9  __aeabi_i2d                   
0000641d  memccpy                       
00006439  copysign                      
00006439  copysignl                     
00006483  oi_parseInt                   
0000649b  strcmp                        
000064b3  strchr                        
000064c9  strcpy                        
000064dd  strlen                        
000064f1  wcslen                        
00006503  IntMasterEnable               
00006513  lcd_clear                     
00006523  __TI_decompress_none          
00006531  CPUcpsie                      
0000653d  __TI_zero_init                
00006549  ResetISR                      
00006561  __aeabi_errno_addr            
00006569  malloc                        
00006571  _system_pre_init              
00006575  C$$EXIT                       
00006575  abort                         
000066d0  _ctypes_                      
00006850  __TI_Handler_Table_Base       
0000685c  __TI_Handler_Table_Limit      
00006870  __TI_CINIT_Base               
00006888  __TI_CINIT_Limit              
20000000  __start___llvm_prf_cnts       
20000000  __stop___llvm_prf_cnts        
20000000  g_pfnRAMVectors               
2000026c  str                           
20000654  str1                          
20000a3c  str2                          
20000e24  data                          
20000f90  dist                          
200010fc  objects                       
200012a8  _timeout_ticks                
200012ac  c                             
200012b0  clockCyclePeriod              
200012b4  i                             
200012b8  j                             
200012bc  left_calibration_value        
200012c0  right_calibration_value       
200012c4  uart_data                     
200012c8  __stack                       
200014c8  __STACK_TOP                   
20001ac8  __STACK_END                   
20001ac8  _sys_memory                   
20001ec8  IR_dist                       
20001ecc  startIndex                    
20001ed0  endIndex                      
20001ed4  currentRadialSize             
20001ed8  radialAngle                   
20001ee0  otherAngle                    
20001ee8  minSize                       
20001eec  minIndex                      
20001ef0  index                         
20001ef4  found                         
20001ef8  notFound                      
20001efc  total                         
20001f00  measure                       
20001f04  ch                            
20001f05  swap                          
20001f08  count                         
20001f0c  button                        
20001f10  parked                        
20001f14  motor_cal_factor_L            
20001f18  motor_cal_factor_R            
20001f34  startPeriod                   
20001f38  endPeriod                     
20001f3c  clockCycleCount               
20001f40  edge                          
20001f44  interrupt_control             
20001f48  overflow                      
20001f4c  button_event                  
20001f50  button_num                    
20001f55  _running                      
20001f58  _lock                         
20001f5c  _unlock                       
20001f68  errno                         
20001f6c  period                        
ffffffff  __TI_pprof_out_hndl           
ffffffff  __TI_prof_data_size           
ffffffff  __TI_prof_data_start          
ffffffff  __binit__                     
ffffffff  __c_args__                    
ffffffff  binit                         
UNDEFED   __mpu_init                    
UNDEFED   _system_post_cinit            

[214 symbols]
