<?xml version="1.0" encoding="ISO-8859-1" ?>
<link_info>
   <banner>TI ARM Linker PC v20.2.4.LTS</banner>
   <copyright>Copyright (c) 1996-2018 Texas Instruments Incorporated</copyright>
   <link_time>0x62a3883c</link_time>
   <link_errors>0x0</link_errors>
   <output_file>lab_6.out</output_file>
   <entry_point>
      <name>_c_int00_noargs</name>
      <address>0x5a99</address>
   </entry_point>
   <input_file_list>
      <input_file id="fl-2">
         <path>.\</path>
         <kind>object</kind>
         <file>Lab6_template_extra_help.obj</file>
         <name>Lab6_template_extra_help.obj</name>
      </input_file>
      <input_file id="fl-3">
         <path>.\</path>
         <kind>object</kind>
         <file>Timer.obj</file>
         <name>Timer.obj</name>
      </input_file>
      <input_file id="fl-4">
         <path>.\</path>
         <kind>object</kind>
         <file>lcd.obj</file>
         <name>lcd.obj</name>
      </input_file>
      <input_file id="fl-5">
         <path>.\</path>
         <kind>object</kind>
         <file>movement.obj</file>
         <name>movement.obj</name>
      </input_file>
      <input_file id="fl-6">
         <path>.\</path>
         <kind>object</kind>
         <file>open_interface.obj</file>
         <name>open_interface.obj</name>
      </input_file>
      <input_file id="fl-7">
         <path>.\</path>
         <kind>object</kind>
         <file>resetSimulation.obj</file>
         <name>resetSimulation.obj</name>
      </input_file>
      <input_file id="fl-8">
         <path>.\</path>
         <kind>object</kind>
         <file>tm4c123gh6pm_startup_ccs.obj</file>
         <name>tm4c123gh6pm_startup_ccs.obj</name>
      </input_file>
      <input_file id="fl-9">
         <path>.\</path>
         <kind>object</kind>
         <file>uart_extra_help.obj</file>
         <name>uart_extra_help.obj</name>
      </input_file>
      <input_file id="fl-f">
         <kind>object</kind>
         <file>&lt;internal&gt;</file>
         <name>&lt;internal&gt;</name>
      </input_file>
      <input_file id="fl-10">
         <path>..\</path>
         <kind>archive</kind>
         <file>libcybotScan.lib</file>
         <name>cyBot_Scan.obj</name>
      </input_file>
      <input_file id="fl-11">
         <path>..\</path>
         <kind>archive</kind>
         <file>libcybotScan.lib</file>
         <name>ir.obj</name>
      </input_file>
      <input_file id="fl-12">
         <path>..\</path>
         <kind>archive</kind>
         <file>libcybotScan.lib</file>
         <name>ping.obj</name>
      </input_file>
      <input_file id="fl-13">
         <path>..\</path>
         <kind>archive</kind>
         <file>libcybotScan.lib</file>
         <name>servo.obj</name>
      </input_file>
      <input_file id="fl-c9">
         <path>C:\ti\ccs1031\ccs\tools\compiler\ti-cgt-arm_20.2.4.LTS\lib\</path>
         <kind>archive</kind>
         <file>rtsv7M4_T_le_v4SPD16_eabi.lib</file>
         <name>sprintf.c.obj</name>
      </input_file>
      <input_file id="fl-ca">
         <path>C:\ti\ccs1031\ccs\tools\compiler\ti-cgt-arm_20.2.4.LTS\lib\</path>
         <kind>archive</kind>
         <file>rtsv7M4_T_le_v4SPD16_eabi.lib</file>
         <name>vsnprintf.c.obj</name>
      </input_file>
      <input_file id="fl-cb">
         <path>C:\ti\ccs1031\ccs\tools\compiler\ti-cgt-arm_20.2.4.LTS\lib\</path>
         <kind>archive</kind>
         <file>rtsv7M4_T_le_v4SPD16_eabi.lib</file>
         <name>e_sqrt.c.obj</name>
      </input_file>
      <input_file id="fl-cc">
         <path>C:\ti\ccs1031\ccs\tools\compiler\ti-cgt-arm_20.2.4.LTS\lib\</path>
         <kind>archive</kind>
         <file>rtsv7M4_T_le_v4SPD16_eabi.lib</file>
         <name>s_cos.c.obj</name>
      </input_file>
      <input_file id="fl-cd">
         <path>C:\ti\ccs1031\ccs\tools\compiler\ti-cgt-arm_20.2.4.LTS\lib\</path>
         <kind>archive</kind>
         <file>rtsv7M4_T_le_v4SPD16_eabi.lib</file>
         <name>fd_add_t2.asm.obj</name>
      </input_file>
      <input_file id="fl-ce">
         <path>C:\ti\ccs1031\ccs\tools\compiler\ti-cgt-arm_20.2.4.LTS\lib\</path>
         <kind>archive</kind>
         <file>rtsv7M4_T_le_v4SPD16_eabi.lib</file>
         <name>fd_cmp_t2.asm.obj</name>
      </input_file>
      <input_file id="fl-cf">
         <path>C:\ti\ccs1031\ccs\tools\compiler\ti-cgt-arm_20.2.4.LTS\lib\</path>
         <kind>archive</kind>
         <file>rtsv7M4_T_le_v4SPD16_eabi.lib</file>
         <name>fd_div_t2.asm.obj</name>
      </input_file>
      <input_file id="fl-d0">
         <path>C:\ti\ccs1031\ccs\tools\compiler\ti-cgt-arm_20.2.4.LTS\lib\</path>
         <kind>archive</kind>
         <file>rtsv7M4_T_le_v4SPD16_eabi.lib</file>
         <name>fd_mul_t2.asm.obj</name>
      </input_file>
      <input_file id="fl-d1">
         <path>C:\ti\ccs1031\ccs\tools\compiler\ti-cgt-arm_20.2.4.LTS\lib\</path>
         <kind>archive</kind>
         <file>rtsv7M4_T_le_v4SPD16_eabi.lib</file>
         <name>fd_toi_t2.asm.obj</name>
      </input_file>
      <input_file id="fl-d2">
         <path>C:\ti\ccs1031\ccs\tools\compiler\ti-cgt-arm_20.2.4.LTS\lib\</path>
         <kind>archive</kind>
         <file>rtsv7M4_T_le_v4SPD16_eabi.lib</file>
         <name>fd_tos_t2.asm.obj</name>
      </input_file>
      <input_file id="fl-d3">
         <path>C:\ti\ccs1031\ccs\tools\compiler\ti-cgt-arm_20.2.4.LTS\lib\</path>
         <kind>archive</kind>
         <file>rtsv7M4_T_le_v4SPD16_eabi.lib</file>
         <name>fs_tod_t2.asm.obj</name>
      </input_file>
      <input_file id="fl-d4">
         <path>C:\ti\ccs1031\ccs\tools\compiler\ti-cgt-arm_20.2.4.LTS\lib\</path>
         <kind>archive</kind>
         <file>rtsv7M4_T_le_v4SPD16_eabi.lib</file>
         <name>i_tofd_t2.asm.obj</name>
      </input_file>
      <input_file id="fl-d5">
         <path>C:\ti\ccs1031\ccs\tools\compiler\ti-cgt-arm_20.2.4.LTS\lib\</path>
         <kind>archive</kind>
         <file>rtsv7M4_T_le_v4SPD16_eabi.lib</file>
         <name>memcpy_t2.asm.obj</name>
      </input_file>
      <input_file id="fl-d6">
         <path>C:\ti\ccs1031\ccs\tools\compiler\ti-cgt-arm_20.2.4.LTS\lib\</path>
         <kind>archive</kind>
         <file>rtsv7M4_T_le_v4SPD16_eabi.lib</file>
         <name>copy_zero_init.c.obj</name>
      </input_file>
      <input_file id="fl-d7">
         <path>C:\ti\ccs1031\ccs\tools\compiler\ti-cgt-arm_20.2.4.LTS\lib\</path>
         <kind>archive</kind>
         <file>rtsv7M4_T_le_v4SPD16_eabi.lib</file>
         <name>copy_decompress_none.c.obj</name>
      </input_file>
      <input_file id="fl-d8">
         <path>C:\ti\ccs1031\ccs\tools\compiler\ti-cgt-arm_20.2.4.LTS\lib\</path>
         <kind>archive</kind>
         <file>rtsv7M4_T_le_v4SPD16_eabi.lib</file>
         <name>copy_decompress_lzss.c.obj</name>
      </input_file>
      <input_file id="fl-d9">
         <path>C:\ti\ccs1031\ccs\tools\compiler\ti-cgt-arm_20.2.4.LTS\lib\</path>
         <kind>archive</kind>
         <file>rtsv7M4_T_le_v4SPD16_eabi.lib</file>
         <name>memory.c.obj</name>
      </input_file>
      <input_file id="fl-da">
         <path>C:\ti\ccs1031\ccs\tools\compiler\ti-cgt-arm_20.2.4.LTS\lib\</path>
         <kind>archive</kind>
         <file>rtsv7M4_T_le_v4SPD16_eabi.lib</file>
         <name>rand.c.obj</name>
      </input_file>
      <input_file id="fl-db">
         <path>C:\ti\ccs1031\ccs\tools\compiler\ti-cgt-arm_20.2.4.LTS\lib\</path>
         <kind>archive</kind>
         <file>rtsv7M4_T_le_v4SPD16_eabi.lib</file>
         <name>strcmp.c.obj</name>
      </input_file>
      <input_file id="fl-dc">
         <path>C:\ti\ccs1031\ccs\tools\compiler\ti-cgt-arm_20.2.4.LTS\lib\</path>
         <kind>archive</kind>
         <file>rtsv7M4_T_le_v4SPD16_eabi.lib</file>
         <name>strcpy.c.obj</name>
      </input_file>
      <input_file id="fl-dd">
         <path>C:\ti\ccs1031\ccs\tools\compiler\ti-cgt-arm_20.2.4.LTS\lib\</path>
         <kind>archive</kind>
         <file>rtsv7M4_T_le_v4SPD16_eabi.lib</file>
         <name>k_rem_pio2.c.obj</name>
      </input_file>
      <input_file id="fl-de">
         <path>C:\ti\ccs1031\ccs\tools\compiler\ti-cgt-arm_20.2.4.LTS\lib\</path>
         <kind>archive</kind>
         <file>rtsv7M4_T_le_v4SPD16_eabi.lib</file>
         <name>errno.c.obj</name>
      </input_file>
      <input_file id="fl-df">
         <path>C:\ti\ccs1031\ccs\tools\compiler\ti-cgt-arm_20.2.4.LTS\lib\</path>
         <kind>archive</kind>
         <file>rtsv7M4_T_le_v4SPD16_eabi.lib</file>
         <name>boot_cortex_m.c.obj</name>
      </input_file>
      <input_file id="fl-e0">
         <path>C:\ti\ccs1031\ccs\tools\compiler\ti-cgt-arm_20.2.4.LTS\lib\</path>
         <kind>archive</kind>
         <file>rtsv7M4_T_le_v4SPD16_eabi.lib</file>
         <name>time.c.obj</name>
      </input_file>
      <input_file id="fl-e1">
         <path>C:\ti\ccs1031\ccs\tools\compiler\ti-cgt-arm_20.2.4.LTS\lib\</path>
         <kind>archive</kind>
         <file>rtsv7M4_T_le_v4SPD16_eabi.lib</file>
         <name>_printfi.c.obj</name>
      </input_file>
      <input_file id="fl-e2">
         <path>C:\ti\ccs1031\ccs\tools\compiler\ti-cgt-arm_20.2.4.LTS\lib\</path>
         <kind>archive</kind>
         <file>rtsv7M4_T_le_v4SPD16_eabi.lib</file>
         <name>k_cos.c.obj</name>
      </input_file>
      <input_file id="fl-e3">
         <path>C:\ti\ccs1031\ccs\tools\compiler\ti-cgt-arm_20.2.4.LTS\lib\</path>
         <kind>archive</kind>
         <file>rtsv7M4_T_le_v4SPD16_eabi.lib</file>
         <name>k_sin.c.obj</name>
      </input_file>
      <input_file id="fl-e4">
         <path>C:\ti\ccs1031\ccs\tools\compiler\ti-cgt-arm_20.2.4.LTS\lib\</path>
         <kind>archive</kind>
         <file>rtsv7M4_T_le_v4SPD16_eabi.lib</file>
         <name>s_floor.c.obj</name>
      </input_file>
      <input_file id="fl-e5">
         <path>C:\ti\ccs1031\ccs\tools\compiler\ti-cgt-arm_20.2.4.LTS\lib\</path>
         <kind>archive</kind>
         <file>rtsv7M4_T_le_v4SPD16_eabi.lib</file>
         <name>s_frexp.c.obj</name>
      </input_file>
      <input_file id="fl-e6">
         <path>C:\ti\ccs1031\ccs\tools\compiler\ti-cgt-arm_20.2.4.LTS\lib\</path>
         <kind>archive</kind>
         <file>rtsv7M4_T_le_v4SPD16_eabi.lib</file>
         <name>s_scalbn.c.obj</name>
      </input_file>
      <input_file id="fl-e7">
         <path>C:\ti\ccs1031\ccs\tools\compiler\ti-cgt-arm_20.2.4.LTS\lib\</path>
         <kind>archive</kind>
         <file>rtsv7M4_T_le_v4SPD16_eabi.lib</file>
         <name>s_copysign.c.obj</name>
      </input_file>
      <input_file id="fl-e8">
         <path>C:\ti\ccs1031\ccs\tools\compiler\ti-cgt-arm_20.2.4.LTS\lib\</path>
         <kind>archive</kind>
         <file>rtsv7M4_T_le_v4SPD16_eabi.lib</file>
         <name>ull_div_t2.asm.obj</name>
      </input_file>
      <input_file id="fl-e9">
         <path>C:\ti\ccs1031\ccs\tools\compiler\ti-cgt-arm_20.2.4.LTS\lib\</path>
         <kind>archive</kind>
         <file>rtsv7M4_T_le_v4SPD16_eabi.lib</file>
         <name>memset_t2.asm.obj</name>
      </input_file>
      <input_file id="fl-ea">
         <path>C:\ti\ccs1031\ccs\tools\compiler\ti-cgt-arm_20.2.4.LTS\lib\</path>
         <kind>archive</kind>
         <file>rtsv7M4_T_le_v4SPD16_eabi.lib</file>
         <name>autoinit.c.obj</name>
      </input_file>
      <input_file id="fl-eb">
         <path>C:\ti\ccs1031\ccs\tools\compiler\ti-cgt-arm_20.2.4.LTS\lib\</path>
         <kind>archive</kind>
         <file>rtsv7M4_T_le_v4SPD16_eabi.lib</file>
         <name>pre_init.c.obj</name>
      </input_file>
      <input_file id="fl-ec">
         <path>C:\ti\ccs1031\ccs\tools\compiler\ti-cgt-arm_20.2.4.LTS\lib\</path>
         <kind>archive</kind>
         <file>rtsv7M4_T_le_v4SPD16_eabi.lib</file>
         <name>cpy_tbl.c.obj</name>
      </input_file>
      <input_file id="fl-ed">
         <path>C:\ti\ccs1031\ccs\tools\compiler\ti-cgt-arm_20.2.4.LTS\lib\</path>
         <kind>archive</kind>
         <file>rtsv7M4_T_le_v4SPD16_eabi.lib</file>
         <name>exit.c.obj</name>
      </input_file>
      <input_file id="fl-ee">
         <path>C:\ti\ccs1031\ccs\tools\compiler\ti-cgt-arm_20.2.4.LTS\lib\</path>
         <kind>archive</kind>
         <file>rtsv7M4_T_le_v4SPD16_eabi.lib</file>
         <name>_lock.c.obj</name>
      </input_file>
      <input_file id="fl-ef">
         <path>C:\ti\ccs1031\ccs\tools\compiler\ti-cgt-arm_20.2.4.LTS\lib\</path>
         <kind>archive</kind>
         <file>rtsv7M4_T_le_v4SPD16_eabi.lib</file>
         <name>_ltoa.c.obj</name>
      </input_file>
      <input_file id="fl-f0">
         <path>C:\ti\ccs1031\ccs\tools\compiler\ti-cgt-arm_20.2.4.LTS\lib\</path>
         <kind>archive</kind>
         <file>rtsv7M4_T_le_v4SPD16_eabi.lib</file>
         <name>args_main.c.obj</name>
      </input_file>
      <input_file id="fl-f1">
         <path>C:\ti\ccs1031\ccs\tools\compiler\ti-cgt-arm_20.2.4.LTS\lib\</path>
         <kind>archive</kind>
         <file>rtsv7M4_T_le_v4SPD16_eabi.lib</file>
         <name>atoi.c.obj</name>
      </input_file>
      <input_file id="fl-f2">
         <path>C:\ti\ccs1031\ccs\tools\compiler\ti-cgt-arm_20.2.4.LTS\lib\</path>
         <kind>archive</kind>
         <file>rtsv7M4_T_le_v4SPD16_eabi.lib</file>
         <name>ctype.c.obj</name>
      </input_file>
      <input_file id="fl-f3">
         <path>C:\ti\ccs1031\ccs\tools\compiler\ti-cgt-arm_20.2.4.LTS\lib\</path>
         <kind>archive</kind>
         <file>rtsv7M4_T_le_v4SPD16_eabi.lib</file>
         <name>memccpy.c.obj</name>
      </input_file>
      <input_file id="fl-f4">
         <path>C:\ti\ccs1031\ccs\tools\compiler\ti-cgt-arm_20.2.4.LTS\lib\</path>
         <kind>archive</kind>
         <file>rtsv7M4_T_le_v4SPD16_eabi.lib</file>
         <name>strchr.c.obj</name>
      </input_file>
      <input_file id="fl-f5">
         <path>C:\ti\ccs1031\ccs\tools\compiler\ti-cgt-arm_20.2.4.LTS\lib\</path>
         <kind>archive</kind>
         <file>rtsv7M4_T_le_v4SPD16_eabi.lib</file>
         <name>strlen.c.obj</name>
      </input_file>
      <input_file id="fl-f6">
         <path>C:\ti\ccs1031\ccs\tools\compiler\ti-cgt-arm_20.2.4.LTS\lib\</path>
         <kind>archive</kind>
         <file>rtsv7M4_T_le_v4SPD16_eabi.lib</file>
         <name>hosttime.c.obj</name>
      </input_file>
      <input_file id="fl-f7">
         <path>C:\ti\ccs1031\ccs\tools\compiler\ti-cgt-arm_20.2.4.LTS\lib\</path>
         <kind>archive</kind>
         <file>rtsv7M4_T_le_v4SPD16_eabi.lib</file>
         <name>trgmsg.c.obj</name>
      </input_file>
      <input_file id="fl-f8">
         <path>C:\ti\ccs1031\ccs\tools\compiler\ti-cgt-arm_20.2.4.LTS\lib\</path>
         <kind>archive</kind>
         <file>rtsv7M4_T_le_v4SPD16_eabi.lib</file>
         <name>wcslen.c.obj</name>
      </input_file>
      <input_file id="fl-f9">
         <path>C:\ti\ccs1031\ccs\tools\compiler\ti-cgt-arm_20.2.4.LTS\lib\</path>
         <kind>archive</kind>
         <file>rtsv7M4_T_le_v4SPD16_eabi.lib</file>
         <name>div0.asm.obj</name>
      </input_file>
      <input_file id="fl-fa">
         <path>C:\ti\ccs1031\ccs\tools\compiler\ti-cgt-arm_20.2.4.LTS\lib\</path>
         <kind>archive</kind>
         <file>rtsv7M4_T_le_v4SPD16_eabi.lib</file>
         <name>hostopen.c.obj</name>
      </input_file>
      <input_file id="fl-fb">
         <path>C:\ti\TivaWare_C_Series-2.1.4.178\driverlib\ccs\Debug\</path>
         <kind>archive</kind>
         <file>driverlib.lib</file>
         <name>interrupt.obj</name>
      </input_file>
      <input_file id="fl-fc">
         <path>C:\ti\TivaWare_C_Series-2.1.4.178\driverlib\ccs\Debug\</path>
         <kind>archive</kind>
         <file>driverlib.lib</file>
         <name>cpu.obj</name>
      </input_file>
   </input_file_list>
   <object_component_list>
      <object_component id="oc-12">
         <name>.intvecs</name>
         <load_address>0x0</load_address>
         <run_address>0x0</run_address>
         <size>0x26c</size>
         <input_file_ref idref="fl-8"/>
      </object_component>
      <object_component id="oc-11f">
         <name>.text</name>
         <load_address>0x26c</load_address>
         <run_address>0x26c</run_address>
         <size>0xc20</size>
         <input_file_ref idref="fl-6"/>
      </object_component>
      <object_component id="oc-1b2">
         <name>.text:__TI_printfi</name>
         <load_address>0xe8c</load_address>
         <run_address>0xe8c</run_address>
         <size>0xa4e</size>
         <input_file_ref idref="fl-e1"/>
      </object_component>
      <object_component id="oc-37a">
         <name>.text:_nop</name>
         <load_address>0x18da</load_address>
         <run_address>0x18da</run_address>
         <size>0x2</size>
         <input_file_ref idref="fl-ee"/>
      </object_component>
      <object_component id="oc-1d8">
         <name>.text:__kernel_rem_pio2</name>
         <load_address>0x18dc</load_address>
         <run_address>0x18dc</run_address>
         <size>0x738</size>
         <input_file_ref idref="fl-dd"/>
      </object_component>
      <object_component id="oc-a2">
         <name>.text</name>
         <load_address>0x2014</load_address>
         <run_address>0x2014</run_address>
         <size>0x668</size>
         <input_file_ref idref="fl-2"/>
      </object_component>
      <object_component id="oc-f3">
         <name>.text:cos</name>
         <load_address>0x267c</load_address>
         <run_address>0x267c</run_address>
         <size>0x5dc</size>
         <input_file_ref idref="fl-cc"/>
      </object_component>
      <object_component id="oc-125">
         <name>.text</name>
         <load_address>0x2c58</load_address>
         <run_address>0x2c58</run_address>
         <size>0x3dc</size>
         <input_file_ref idref="fl-5"/>
      </object_component>
      <object_component id="oc-119">
         <name>.text</name>
         <load_address>0x3034</load_address>
         <run_address>0x3034</run_address>
         <size>0x328</size>
         <input_file_ref idref="fl-4"/>
      </object_component>
      <object_component id="oc-2c8">
         <name>.text:_pconv_a</name>
         <load_address>0x335c</load_address>
         <run_address>0x335c</run_address>
         <size>0x270</size>
         <input_file_ref idref="fl-e1"/>
      </object_component>
      <object_component id="oc-dd">
         <name>.text</name>
         <load_address>0x35cc</load_address>
         <run_address>0x35cc</run_address>
         <size>0x260</size>
         <input_file_ref idref="fl-10"/>
      </object_component>
      <object_component id="oc-113">
         <name>.text</name>
         <load_address>0x382c</load_address>
         <run_address>0x382c</run_address>
         <size>0x248</size>
         <input_file_ref idref="fl-3"/>
      </object_component>
      <object_component id="oc-d7">
         <name>.text</name>
         <load_address>0x3a74</load_address>
         <run_address>0x3a74</run_address>
         <size>0x218</size>
         <input_file_ref idref="fl-9"/>
      </object_component>
      <object_component id="oc-19d">
         <name>.text</name>
         <load_address>0x3c8c</load_address>
         <run_address>0x3c8c</run_address>
         <size>0x1ec</size>
         <input_file_ref idref="fl-12"/>
      </object_component>
      <object_component id="oc-2b6">
         <name>.text:_pconv_g</name>
         <load_address>0x3e78</load_address>
         <run_address>0x3e78</run_address>
         <size>0x1d0</size>
         <input_file_ref idref="fl-e1"/>
      </object_component>
      <object_component id="oc-f9">
         <name>.text</name>
         <load_address>0x4048</load_address>
         <run_address>0x4048</run_address>
         <size>0x1b6</size>
         <input_file_ref idref="fl-cd"/>
      </object_component>
      <object_component id="oc-457">
         <name>.text</name>
         <load_address>0x41fe</load_address>
         <run_address>0x41fe</run_address>
         <size>0x2</size>
         <input_file_ref idref="fl-f9"/>
      </object_component>
      <object_component id="oc-1de">
         <name>.text:__kernel_sin</name>
         <load_address>0x4200</load_address>
         <run_address>0x4200</run_address>
         <size>0x174</size>
         <input_file_ref idref="fl-e3"/>
      </object_component>
      <object_component id="oc-1cd">
         <name>.text:__kernel_cos</name>
         <load_address>0x4374</load_address>
         <run_address>0x4374</run_address>
         <size>0x16c</size>
         <input_file_ref idref="fl-e2"/>
      </object_component>
      <object_component id="oc-197">
         <name>.text</name>
         <load_address>0x44e0</load_address>
         <run_address>0x44e0</run_address>
         <size>0x158</size>
         <input_file_ref idref="fl-13"/>
      </object_component>
      <object_component id="oc-fe">
         <name>.text:sqrt</name>
         <load_address>0x4638</load_address>
         <run_address>0x4638</run_address>
         <size>0x158</size>
         <input_file_ref idref="fl-cb"/>
      </object_component>
      <object_component id="oc-2c2">
         <name>.text:_pconv_e</name>
         <load_address>0x4790</load_address>
         <run_address>0x4790</run_address>
         <size>0x13c</size>
         <input_file_ref idref="fl-e1"/>
      </object_component>
      <object_component id="oc-189">
         <name>.text</name>
         <load_address>0x48cc</load_address>
         <run_address>0x48cc</run_address>
         <size>0x136</size>
         <input_file_ref idref="fl-cf"/>
      </object_component>
      <object_component id="oc-3c1">
         <name>.text:fcvt</name>
         <load_address>0x4a04</load_address>
         <run_address>0x4a04</run_address>
         <size>0x124</size>
         <input_file_ref idref="fl-e1"/>
      </object_component>
      <object_component id="oc-1a3">
         <name>.text</name>
         <load_address>0x4b28</load_address>
         <run_address>0x4b28</run_address>
         <size>0x118</size>
         <input_file_ref idref="fl-11"/>
      </object_component>
      <object_component id="oc-2ed">
         <name>.text:scalbn</name>
         <load_address>0x4c40</load_address>
         <run_address>0x4c40</run_address>
         <size>0x110</size>
         <input_file_ref idref="fl-e6"/>
      </object_component>
      <object_component id="oc-414">
         <name>.text:aligned_alloc</name>
         <load_address>0x4d50</load_address>
         <run_address>0x4d50</run_address>
         <size>0x100</size>
         <input_file_ref idref="fl-d9"/>
      </object_component>
      <object_component id="oc-ee">
         <name>.text</name>
         <load_address>0x4e50</load_address>
         <run_address>0x4e50</run_address>
         <size>0xfc</size>
         <input_file_ref idref="fl-d0"/>
      </object_component>
      <object_component id="oc-2f3">
         <name>.text:floor</name>
         <load_address>0x4f4c</load_address>
         <run_address>0x4f4c</run_address>
         <size>0xf8</size>
         <input_file_ref idref="fl-e4"/>
      </object_component>
      <object_component id="oc-222">
         <name>.text:free</name>
         <load_address>0x5044</load_address>
         <run_address>0x5044</run_address>
         <size>0xe4</size>
         <input_file_ref idref="fl-d9"/>
      </object_component>
      <object_component id="oc-2b0">
         <name>.text:_ltostr</name>
         <load_address>0x5128</load_address>
         <run_address>0x5128</run_address>
         <size>0xb1</size>
         <input_file_ref idref="fl-e1"/>
      </object_component>
      <object_component id="oc-3e">
         <name>.text</name>
         <load_address>0x51da</load_address>
         <run_address>0x51da</run_address>
         <size>0x9c</size>
         <input_file_ref idref="fl-d5"/>
      </object_component>
      <object_component id="oc-3a8">
         <name>.text</name>
         <load_address>0x5276</load_address>
         <run_address>0x5276</run_address>
         <size>0x96</size>
         <input_file_ref idref="fl-e8"/>
      </object_component>
      <object_component id="oc-1d3">
         <name>.text:__aeabi_cdcmple</name>
         <load_address>0x530c</load_address>
         <run_address>0x530c</run_address>
         <size>0x86</size>
         <input_file_ref idref="fl-ce"/>
      </object_component>
      <object_component id="oc-248">
         <name>.text:__aeabi_cdrcmple</name>
         <load_address>0x5392</load_address>
         <run_address>0x5392</run_address>
         <size>0x86</size>
         <input_file_ref idref="fl-ce"/>
      </object_component>
      <object_component id="oc-96">
         <name>.text</name>
         <load_address>0x5418</load_address>
         <run_address>0x5418</run_address>
         <size>0x7a</size>
         <input_file_ref idref="fl-e9"/>
      </object_component>
      <object_component id="oc-47a">
         <name>.text:split</name>
         <load_address>0x5494</load_address>
         <run_address>0x5494</run_address>
         <size>0x70</size>
         <input_file_ref idref="fl-d9"/>
      </object_component>
      <object_component id="oc-3ba">
         <name>.text:_mcpy</name>
         <load_address>0x5504</load_address>
         <run_address>0x5504</run_address>
         <size>0x6e</size>
         <input_file_ref idref="fl-e1"/>
      </object_component>
      <object_component id="oc-23b">
         <name>.text</name>
         <load_address>0x5572</load_address>
         <run_address>0x5572</run_address>
         <size>0x6e</size>
         <input_file_ref idref="fl-d2"/>
      </object_component>
      <object_component id="oc-15">
         <name>.text:decompress:lzss:__TI_decompress_lzss</name>
         <load_address>0x55e0</load_address>
         <run_address>0x55e0</run_address>
         <size>0x68</size>
         <input_file_ref idref="fl-d8"/>
      </object_component>
      <object_component id="oc-3cf">
         <name>.text:frexp</name>
         <load_address>0x5648</load_address>
         <run_address>0x5648</run_address>
         <size>0x64</size>
         <input_file_ref idref="fl-e5"/>
      </object_component>
      <object_component id="oc-2bc">
         <name>.text:_pconv_f</name>
         <load_address>0x56ac</load_address>
         <run_address>0x56ac</run_address>
         <size>0x56</size>
         <input_file_ref idref="fl-e1"/>
      </object_component>
      <object_component id="oc-3ae">
         <name>.text:__TI_ltoa</name>
         <load_address>0x5702</load_address>
         <run_address>0x5702</run_address>
         <size>0x54</size>
         <input_file_ref idref="fl-ef"/>
      </object_component>
      <object_component id="oc-3b4">
         <name>.text:_ecpy</name>
         <load_address>0x5756</load_address>
         <run_address>0x5756</run_address>
         <size>0x52</size>
         <input_file_ref idref="fl-e1"/>
      </object_component>
      <object_component id="oc-2aa">
         <name>.text:atoi</name>
         <load_address>0x57a8</load_address>
         <run_address>0x57a8</run_address>
         <size>0x4c</size>
         <input_file_ref idref="fl-f1"/>
      </object_component>
      <object_component id="oc-35e">
         <name>.text:HOSTtime</name>
         <load_address>0x57f4</load_address>
         <run_address>0x57f4</run_address>
         <size>0x48</size>
         <input_file_ref idref="fl-f6"/>
      </object_component>
      <object_component id="oc-104">
         <name>.text</name>
         <load_address>0x583c</load_address>
         <run_address>0x583c</run_address>
         <size>0x48</size>
         <input_file_ref idref="fl-d1"/>
      </object_component>
      <object_component id="oc-146">
         <name>.text:__TI_auto_init_nobinit_nopinit:__TI_auto_init_nobinit_nopinit</name>
         <load_address>0x5884</load_address>
         <run_address>0x5884</run_address>
         <size>0x44</size>
         <input_file_ref idref="fl-ea"/>
      </object_component>
      <object_component id="oc-e3">
         <name>.text:sprintf</name>
         <load_address>0x58c8</load_address>
         <run_address>0x58c8</run_address>
         <size>0x40</size>
         <input_file_ref idref="fl-c9"/>
      </object_component>
      <object_component id="oc-205">
         <name>.text:vsnprintf</name>
         <load_address>0x5908</load_address>
         <run_address>0x5908</run_address>
         <size>0x40</size>
         <input_file_ref idref="fl-ca"/>
      </object_component>
      <object_component id="oc-3c7">
         <name>.text:_fcpy</name>
         <load_address>0x5948</load_address>
         <run_address>0x5948</run_address>
         <size>0x3e</size>
         <input_file_ref idref="fl-e1"/>
      </object_component>
      <object_component id="oc-421">
         <name>.text:__TI_writemsg</name>
         <load_address>0x5988</load_address>
         <run_address>0x5988</run_address>
         <size>0x38</size>
         <input_file_ref idref="fl-f7"/>
      </object_component>
      <object_component id="oc-21c">
         <name>.text:calloc</name>
         <load_address>0x59c0</load_address>
         <run_address>0x59c0</run_address>
         <size>0x38</size>
         <input_file_ref idref="fl-d9"/>
      </object_component>
      <object_component id="oc-12b">
         <name>.text</name>
         <load_address>0x59f8</load_address>
         <run_address>0x59f8</run_address>
         <size>0x38</size>
         <input_file_ref idref="fl-d3"/>
      </object_component>
      <object_component id="oc-18e">
         <name>.text:IntRegister</name>
         <load_address>0x5a30</load_address>
         <run_address>0x5a30</run_address>
         <size>0x34</size>
         <input_file_ref idref="fl-fb"/>
      </object_component>
      <object_component id="oc-427">
         <name>.text:__TI_readmsg</name>
         <load_address>0x5a64</load_address>
         <run_address>0x5a64</run_address>
         <size>0x34</size>
         <input_file_ref idref="fl-f7"/>
      </object_component>
      <object_component id="oc-5c">
         <name>.text:_c_int00_noargs:_c_int00_noargs</name>
         <load_address>0x5a98</load_address>
         <run_address>0x5a98</run_address>
         <size>0x34</size>
         <input_file_ref idref="fl-df"/>
      </object_component>
      <object_component id="oc-259">
         <name>.text:rand</name>
         <load_address>0x5acc</load_address>
         <run_address>0x5acc</run_address>
         <size>0x34</size>
         <input_file_ref idref="fl-da"/>
      </object_component>
      <object_component id="oc-318">
         <name>.text:_outs</name>
         <load_address>0x5b00</load_address>
         <run_address>0x5b00</run_address>
         <size>0x30</size>
         <input_file_ref idref="fl-ca"/>
      </object_component>
      <object_component id="oc-e9">
         <name>.text</name>
         <load_address>0x5b30</load_address>
         <run_address>0x5b30</run_address>
         <size>0x2e</size>
         <input_file_ref idref="fl-d4"/>
      </object_component>
      <object_component id="oc-348">
         <name>.text:free_list_insert</name>
         <load_address>0x5b60</load_address>
         <run_address>0x5b60</run_address>
         <size>0x28</size>
         <input_file_ref idref="fl-d9"/>
      </object_component>
      <object_component id="oc-253">
         <name>.text:srand</name>
         <load_address>0x5b88</load_address>
         <run_address>0x5b88</run_address>
         <size>0x24</size>
         <input_file_ref idref="fl-da"/>
      </object_component>
      <object_component id="oc-342">
         <name>.text:free_list_remove</name>
         <load_address>0x5bac</load_address>
         <run_address>0x5bac</run_address>
         <size>0x1c</size>
         <input_file_ref idref="fl-d9"/>
      </object_component>
      <object_component id="oc-2ce">
         <name>.text:memccpy</name>
         <load_address>0x5bc8</load_address>
         <run_address>0x5bc8</run_address>
         <size>0x1c</size>
         <input_file_ref idref="fl-f3"/>
      </object_component>
      <object_component id="oc-3f3">
         <name>.text:copysign</name>
         <load_address>0x5be4</load_address>
         <run_address>0x5be4</run_address>
         <size>0x1a</size>
         <input_file_ref idref="fl-e7"/>
      </object_component>
      <object_component id="oc-31e">
         <name>.text:_outc</name>
         <load_address>0x5bfe</load_address>
         <run_address>0x5bfe</run_address>
         <size>0x18</size>
         <input_file_ref idref="fl-ca"/>
      </object_component>
      <object_component id="oc-1b8">
         <name>.text:_outs</name>
         <load_address>0x5c16</load_address>
         <run_address>0x5c16</run_address>
         <size>0x18</size>
         <input_file_ref idref="fl-c9"/>
      </object_component>
      <object_component id="oc-228">
         <name>.text:oi_parseInt</name>
         <load_address>0x5c2e</load_address>
         <run_address>0x5c2e</run_address>
         <size>0x18</size>
         <input_file_ref idref="fl-6"/>
      </object_component>
      <object_component id="oc-20b">
         <name>.text:strcmp</name>
         <load_address>0x5c46</load_address>
         <run_address>0x5c46</run_address>
         <size>0x18</size>
         <input_file_ref idref="fl-db"/>
      </object_component>
      <object_component id="oc-3d5">
         <name>.text:strchr</name>
         <load_address>0x5c5e</load_address>
         <run_address>0x5c5e</run_address>
         <size>0x16</size>
         <input_file_ref idref="fl-f4"/>
      </object_component>
      <object_component id="oc-211">
         <name>.text:strcpy</name>
         <load_address>0x5c74</load_address>
         <run_address>0x5c74</run_address>
         <size>0x14</size>
         <input_file_ref idref="fl-dc"/>
      </object_component>
      <object_component id="oc-2a4">
         <name>.text:strlen</name>
         <load_address>0x5c88</load_address>
         <run_address>0x5c88</run_address>
         <size>0x14</size>
         <input_file_ref idref="fl-f5"/>
      </object_component>
      <object_component id="oc-2d4">
         <name>.text:wcslen</name>
         <load_address>0x5c9c</load_address>
         <run_address>0x5c9c</run_address>
         <size>0x12</size>
         <input_file_ref idref="fl-f8"/>
      </object_component>
      <object_component id="oc-22f">
         <name>.text:IntMasterEnable</name>
         <load_address>0x5cae</load_address>
         <run_address>0x5cae</run_address>
         <size>0x10</size>
         <input_file_ref idref="fl-fb"/>
      </object_component>
      <object_component id="oc-1fe">
         <name>.text:lcd_clear</name>
         <load_address>0x5cbe</load_address>
         <run_address>0x5cbe</run_address>
         <size>0x10</size>
         <input_file_ref idref="fl-4"/>
      </object_component>
      <object_component id="oc-24d">
         <name>.text:__time32</name>
         <load_address>0x5cce</load_address>
         <run_address>0x5cce</run_address>
         <size>0xe</size>
         <input_file_ref idref="fl-e0"/>
      </object_component>
      <object_component id="oc-1b">
         <name>.text:decompress:none:__TI_decompress_none</name>
         <load_address>0x5cdc</load_address>
         <run_address>0x5cdc</run_address>
         <size>0xe</size>
         <input_file_ref idref="fl-d7"/>
      </object_component>
      <object_component id="oc-34f">
         <name>.text:CPUcpsie</name>
         <load_address>0x5cea</load_address>
         <run_address>0x5cea</run_address>
         <size>0xc</size>
         <input_file_ref idref="fl-fc"/>
      </object_component>
      <object_component id="oc-50">
         <name>.text:decompress:ZI:__TI_zero_init</name>
         <load_address>0x5cf6</load_address>
         <run_address>0x5cf6</run_address>
         <size>0xc</size>
         <input_file_ref idref="fl-d6"/>
      </object_component>
      <object_component id="oc-2a">
         <name>.text</name>
         <load_address>0x5d02</load_address>
         <run_address>0x5d02</run_address>
         <size>0xc</size>
         <input_file_ref idref="fl-8"/>
      </object_component>
      <object_component id="oc-1be">
         <name>.text:_outc</name>
         <load_address>0x5d0e</load_address>
         <run_address>0x5d0e</run_address>
         <size>0xa</size>
         <input_file_ref idref="fl-c9"/>
      </object_component>
      <object_component id="oc-1ec">
         <name>.text:__aeabi_errno_addr</name>
         <load_address>0x5d18</load_address>
         <run_address>0x5d18</run_address>
         <size>0x8</size>
         <input_file_ref idref="fl-de"/>
      </object_component>
      <object_component id="oc-33b">
         <name>.text:malloc</name>
         <load_address>0x5d20</load_address>
         <run_address>0x5d20</run_address>
         <size>0x8</size>
         <input_file_ref idref="fl-d9"/>
      </object_component>
      <object_component id="oc-9c">
         <name>.text:_system_pre_init</name>
         <load_address>0x5d28</load_address>
         <run_address>0x5d28</run_address>
         <size>0x4</size>
         <input_file_ref idref="fl-eb"/>
      </object_component>
      <object_component id="oc-13a">
         <name>.text:abort:abort</name>
         <load_address>0x5d2c</load_address>
         <run_address>0x5d2c</run_address>
         <size>0x4</size>
         <input_file_ref idref="fl-ed"/>
      </object_component>
      <object_component id="oc-2f9">
         <name>.const:$O1$$</name>
         <load_address>0x5d30</load_address>
         <run_address>0x5d30</run_address>
         <size>0x158</size>
         <input_file_ref idref="fl-dd"/>
      </object_component>
      <object_component id="oc-3a3">
         <name>.const:.string:_ctypes_</name>
         <load_address>0x5e88</load_address>
         <run_address>0x5e88</run_address>
         <size>0x101</size>
         <input_file_ref idref="fl-f2"/>
      </object_component>
      <object_component id="oc-238">
         <name>.const:.string:$P$T0$3</name>
         <load_address>0x5f89</load_address>
         <run_address>0x5f89</run_address>
         <size>0xf</size>
         <input_file_ref idref="fl-6"/>
      </object_component>
      <object_component id="oc-217">
         <name>.const:.string:lineAddress$1</name>
         <load_address>0x5f98</load_address>
         <run_address>0x5f98</run_address>
         <size>0x4</size>
         <input_file_ref idref="fl-4"/>
      </object_component>
      <object_component id="oc-218">
         <name>.const:.string:lineAddresses$2</name>
         <load_address>0x5f9c</load_address>
         <run_address>0x5f9c</run_address>
         <size>0x4</size>
         <input_file_ref idref="fl-4"/>
      </object_component>
      <object_component id="oc-4ca">
         <name>.cinit..data.load</name>
         <load_address>0x5fa0</load_address>
         <run_address>0x5fa0</run_address>
         <size>0x2a</size>
      </object_component>
      <object_component id="oc-4c7">
         <name>__TI_handler_table</name>
         <load_address>0x5fcc</load_address>
         <run_address>0x5fcc</run_address>
         <size>0xc</size>
      </object_component>
      <object_component id="oc-4cb">
         <name>.cinit..bss.load</name>
         <load_address>0x5fd8</load_address>
         <run_address>0x5fd8</run_address>
         <size>0x8</size>
      </object_component>
      <object_component id="oc-4c9">
         <name>.cinit..vtable.load</name>
         <load_address>0x5fe0</load_address>
         <run_address>0x5fe0</run_address>
         <size>0x8</size>
      </object_component>
      <object_component id="oc-4c8">
         <name>__TI_cinit_table</name>
         <load_address>0x5fe8</load_address>
         <run_address>0x5fe8</run_address>
         <size>0x18</size>
      </object_component>
      <object_component id="oc-28a">
         <name>.vtable</name>
         <uninitialized>true</uninitialized>
         <run_address>0x20000000</run_address>
         <size>0x26c</size>
         <input_file_ref idref="fl-fb"/>
      </object_component>
      <object_component id="oc-109">
         <name>.data</name>
         <load_address>0x20001830</load_address>
         <run_address>0x20001830</run_address>
         <size>0x44</size>
         <input_file_ref idref="fl-2"/>
      </object_component>
      <object_component id="oc-1f7">
         <name>.data</name>
         <load_address>0x200018b0</load_address>
         <run_address>0x200018b0</run_address>
         <size>0x1</size>
         <input_file_ref idref="fl-3"/>
      </object_component>
      <object_component id="oc-235">
         <name>.data</name>
         <load_address>0x20001874</load_address>
         <run_address>0x20001874</run_address>
         <size>0x20</size>
         <input_file_ref idref="fl-6"/>
      </object_component>
      <object_component id="oc-1a9">
         <name>.data</name>
         <load_address>0x200018a4</load_address>
         <run_address>0x200018a4</run_address>
         <size>0x4</size>
         <input_file_ref idref="fl-10"/>
      </object_component>
      <object_component id="oc-41b">
         <name>.data:$O1$$</name>
         <load_address>0x2000189c</load_address>
         <run_address>0x2000189c</run_address>
         <size>0x8</size>
         <input_file_ref idref="fl-d9"/>
      </object_component>
      <object_component id="oc-36b">
         <name>.data</name>
         <load_address>0x200018ac</load_address>
         <run_address>0x200018ac</run_address>
         <size>0x4</size>
         <input_file_ref idref="fl-da"/>
      </object_component>
      <object_component id="oc-30d">
         <name>.data</name>
         <load_address>0x200018a8</load_address>
         <run_address>0x200018a8</run_address>
         <size>0x4</size>
         <input_file_ref idref="fl-de"/>
      </object_component>
      <object_component id="oc-26d">
         <name>.data:$O1$$</name>
         <load_address>0x20001894</load_address>
         <run_address>0x20001894</run_address>
         <size>0x8</size>
         <input_file_ref idref="fl-ee"/>
      </object_component>
      <object_component id="oc-219">
         <name>.bss:lastbuffer$3</name>
         <uninitialized>true</uninitialized>
         <run_address>0x20000b8c</run_address>
         <size>0x54</size>
         <input_file_ref idref="fl-4"/>
      </object_component>
      <object_component id="oc-240">
         <name>.bss:firmware$2</name>
         <uninitialized>true</uninitialized>
         <run_address>0x20000be0</run_address>
         <size>0x18</size>
         <input_file_ref idref="fl-6"/>
      </object_component>
      <object_component id="oc-483">
         <name>.bss:_CIOBUF_</name>
         <uninitialized>true</uninitialized>
         <run_address>0x20000a6c</run_address>
         <size>0x120</size>
         <input_file_ref idref="fl-f7"/>
      </object_component>
      <object_component id="oc-130">
         <name>.common:right_calibration_value</name>
         <uninitialized>true</uninitialized>
         <run_address>0x20000c20</run_address>
         <size>0x4</size>
      </object_component>
      <object_component id="oc-133">
         <name>.common:left_calibration_value</name>
         <uninitialized>true</uninitialized>
         <run_address>0x20000c18</run_address>
         <size>0x4</size>
      </object_component>
      <object_component id="oc-194">
         <name>.common:uart_data</name>
         <uninitialized>true</uninitialized>
         <run_address>0x20000c29</run_address>
         <size>0x1</size>
      </object_component>
      <object_component id="oc-111">
         <name>.common:objects</name>
         <uninitialized>true</uninitialized>
         <run_address>0x2000092c</run_address>
         <size>0x140</size>
      </object_component>
      <object_component id="oc-10d">
         <name>.common:data</name>
         <uninitialized>true</uninitialized>
         <run_address>0x20000654</run_address>
         <size>0x16c</size>
      </object_component>
      <object_component id="oc-10e">
         <name>.common:dist</name>
         <uninitialized>true</uninitialized>
         <run_address>0x200007c0</run_address>
         <size>0x16c</size>
      </object_component>
      <object_component id="oc-10f">
         <name>.common:str</name>
         <uninitialized>true</uninitialized>
         <run_address>0x2000026c</run_address>
         <size>0x3e8</size>
      </object_component>
      <object_component id="oc-10c">
         <name>.common:i</name>
         <uninitialized>true</uninitialized>
         <run_address>0x20000c0c</run_address>
         <size>0x4</size>
      </object_component>
      <object_component id="oc-110">
         <name>.common:j</name>
         <uninitialized>true</uninitialized>
         <run_address>0x20000c14</run_address>
         <size>0x4</size>
      </object_component>
      <object_component id="oc-112">
         <name>.common:c</name>
         <uninitialized>true</uninitialized>
         <run_address>0x20000c04</run_address>
         <size>0x4</size>
      </object_component>
      <object_component id="oc-1fa">
         <name>.common:_timeout_ticks</name>
         <uninitialized>true</uninitialized>
         <run_address>0x20000c00</run_address>
         <size>0x4</size>
      </object_component>
      <object_component id="oc-29e">
         <name>.common:isr_int_value</name>
         <uninitialized>true</uninitialized>
         <run_address>0x20000c10</run_address>
         <size>0x4</size>
      </object_component>
      <object_component id="oc-29a">
         <name>.common:risingEdge</name>
         <uninitialized>true</uninitialized>
         <run_address>0x20000c24</run_address>
         <size>0x4</size>
      </object_component>
      <object_component id="oc-29b">
         <name>.common:fallingEdge</name>
         <uninitialized>true</uninitialized>
         <run_address>0x20000c08</run_address>
         <size>0x4</size>
      </object_component>
      <object_component id="oc-29c">
         <name>.common:pulseLength</name>
         <uninitialized>true</uninitialized>
         <run_address>0x20000c1c</run_address>
         <size>0x4</size>
      </object_component>
      <object_component id="oc-297">
         <name>.common:isRisingEdge</name>
         <uninitialized>true</uninitialized>
         <run_address>0x20000c28</run_address>
         <size>0x1</size>
      </object_component>
      <object_component id="oc-42d">
         <name>.common:parmbuf</name>
         <uninitialized>true</uninitialized>
         <run_address>0x20000bf8</run_address>
         <size>0x8</size>
      </object_component>
      <object_component id="oc-24">
         <name>.sysmem</name>
         <uninitialized>true</uninitialized>
         <run_address>0x20001430</run_address>
         <size>0x10</size>
         <input_file_ref idref="fl-d9"/>
      </object_component>
      <object_component id="oc-4ce">
         <name>.sysmem</name>
         <uninitialized>true</uninitialized>
         <run_address>0x20001430</run_address>
         <size>0x0</size>
      </object_component>
      <object_component id="oc-27">
         <name>.stack</name>
         <uninitialized>true</uninitialized>
         <run_address>0x20000c30</run_address>
         <size>0x4</size>
         <input_file_ref idref="fl-df"/>
      </object_component>
      <object_component id="oc-4cd">
         <name>.stack</name>
         <uninitialized>true</uninitialized>
         <run_address>0x20000c30</run_address>
         <size>0x0</size>
      </object_component>
      <object_component id="oc-c5">
         <name>.debug_info</name>
         <load_address>0x0</load_address>
         <run_address>0x0</run_address>
         <size>0x756</size>
         <input_file_ref idref="fl-2"/>
      </object_component>
      <object_component id="oc-10a">
         <name>.debug_info</name>
         <load_address>0x756</load_address>
         <run_address>0x756</run_address>
         <size>0x2a7</size>
         <input_file_ref idref="fl-2"/>
      </object_component>
      <object_component id="oc-a3">
         <name>.debug_info</name>
         <load_address>0x9fd</load_address>
         <run_address>0x9fd</run_address>
         <size>0x56c</size>
         <input_file_ref idref="fl-2"/>
      </object_component>
      <object_component id="oc-17a">
         <name>.debug_info</name>
         <load_address>0xf69</load_address>
         <run_address>0xf69</run_address>
         <size>0x5aa</size>
         <input_file_ref idref="fl-2"/>
      </object_component>
      <object_component id="oc-135">
         <name>.debug_info</name>
         <load_address>0x1513</load_address>
         <run_address>0x1513</run_address>
         <size>0x9d</size>
         <input_file_ref idref="fl-2"/>
      </object_component>
      <object_component id="oc-77">
         <name>.debug_info</name>
         <load_address>0x15b0</load_address>
         <run_address>0x15b0</run_address>
         <size>0x26b</size>
         <input_file_ref idref="fl-2"/>
      </object_component>
      <object_component id="oc-373">
         <name>.debug_info</name>
         <load_address>0x181b</load_address>
         <run_address>0x181b</run_address>
         <size>0x189</size>
         <input_file_ref idref="fl-2"/>
      </object_component>
      <object_component id="oc-39">
         <name>.debug_info</name>
         <load_address>0x19a4</load_address>
         <run_address>0x19a4</run_address>
         <size>0x84</size>
         <input_file_ref idref="fl-2"/>
      </object_component>
      <object_component id="oc-c0">
         <name>.debug_info</name>
         <load_address>0x1a28</load_address>
         <run_address>0x1a28</run_address>
         <size>0x2a4</size>
         <input_file_ref idref="fl-2"/>
      </object_component>
      <object_component id="oc-7c">
         <name>.debug_info</name>
         <load_address>0x1ccc</load_address>
         <run_address>0x1ccc</run_address>
         <size>0xbb</size>
         <input_file_ref idref="fl-2"/>
      </object_component>
      <object_component id="oc-336">
         <name>.debug_info</name>
         <load_address>0x1d87</load_address>
         <run_address>0x1d87</run_address>
         <size>0xcc</size>
         <input_file_ref idref="fl-2"/>
      </object_component>
      <object_component id="oc-1c6">
         <name>.debug_info</name>
         <load_address>0x1e53</load_address>
         <run_address>0x1e53</run_address>
         <size>0x2c</size>
         <input_file_ref idref="fl-2"/>
      </object_component>
      <object_component id="oc-17f">
         <name>.debug_info</name>
         <load_address>0x1e7f</load_address>
         <run_address>0x1e7f</run_address>
         <size>0x35</size>
         <input_file_ref idref="fl-2"/>
      </object_component>
      <object_component id="oc-184">
         <name>.debug_info</name>
         <load_address>0x1eb4</load_address>
         <run_address>0x1eb4</run_address>
         <size>0xda</size>
         <input_file_ref idref="fl-2"/>
      </object_component>
      <object_component id="oc-1fb">
         <name>.debug_info</name>
         <load_address>0x1f8e</load_address>
         <run_address>0x1f8e</run_address>
         <size>0x2a9</size>
         <input_file_ref idref="fl-3"/>
      </object_component>
      <object_component id="oc-1f8">
         <name>.debug_info</name>
         <load_address>0x2237</load_address>
         <run_address>0x2237</run_address>
         <size>0xb7</size>
         <input_file_ref idref="fl-3"/>
      </object_component>
      <object_component id="oc-116">
         <name>.debug_info</name>
         <load_address>0x22ee</load_address>
         <run_address>0x22ee</run_address>
         <size>0x4ff</size>
         <input_file_ref idref="fl-3"/>
      </object_component>
      <object_component id="oc-21b">
         <name>.debug_info</name>
         <load_address>0x27ed</load_address>
         <run_address>0x27ed</run_address>
         <size>0x371</size>
         <input_file_ref idref="fl-4"/>
      </object_component>
      <object_component id="oc-1ff">
         <name>.debug_info</name>
         <load_address>0x2b5e</load_address>
         <run_address>0x2b5e</run_address>
         <size>0x10c</size>
         <input_file_ref idref="fl-4"/>
      </object_component>
      <object_component id="oc-11b">
         <name>.debug_info</name>
         <load_address>0x2c6a</load_address>
         <run_address>0x2c6a</run_address>
         <size>0x898</size>
         <input_file_ref idref="fl-4"/>
      </object_component>
      <object_component id="oc-260">
         <name>.debug_info</name>
         <load_address>0x3502</load_address>
         <run_address>0x3502</run_address>
         <size>0x33a</size>
         <input_file_ref idref="fl-5"/>
      </object_component>
      <object_component id="oc-126">
         <name>.debug_info</name>
         <load_address>0x383c</load_address>
         <run_address>0x383c</run_address>
         <size>0x8d7</size>
         <input_file_ref idref="fl-5"/>
      </object_component>
      <object_component id="oc-242">
         <name>.debug_info</name>
         <load_address>0x4113</load_address>
         <run_address>0x4113</run_address>
         <size>0x3ee</size>
         <input_file_ref idref="fl-6"/>
      </object_component>
      <object_component id="oc-236">
         <name>.debug_info</name>
         <load_address>0x4501</load_address>
         <run_address>0x4501</run_address>
         <size>0x109</size>
         <input_file_ref idref="fl-6"/>
      </object_component>
      <object_component id="oc-239">
         <name>.debug_info</name>
         <load_address>0x460a</load_address>
         <run_address>0x460a</run_address>
         <size>0xbe</size>
         <input_file_ref idref="fl-6"/>
      </object_component>
      <object_component id="oc-229">
         <name>.debug_info</name>
         <load_address>0x46c8</load_address>
         <run_address>0x46c8</run_address>
         <size>0x136</size>
         <input_file_ref idref="fl-6"/>
      </object_component>
      <object_component id="oc-120">
         <name>.debug_info</name>
         <load_address>0x47fe</load_address>
         <run_address>0x47fe</run_address>
         <size>0x1980</size>
         <input_file_ref idref="fl-6"/>
      </object_component>
      <object_component id="oc-243">
         <name>.debug_info</name>
         <load_address>0x617e</load_address>
         <run_address>0x617e</run_address>
         <size>0x8b</size>
         <input_file_ref idref="fl-6"/>
      </object_component>
      <object_component id="oc-32">
         <name>.debug_info</name>
         <load_address>0x6209</load_address>
         <run_address>0x6209</run_address>
         <size>0x293</size>
         <input_file_ref idref="fl-8"/>
      </object_component>
      <object_component id="oc-13">
         <name>.debug_info</name>
         <load_address>0x649c</load_address>
         <run_address>0x649c</run_address>
         <size>0xd2</size>
         <input_file_ref idref="fl-8"/>
      </object_component>
      <object_component id="oc-2b">
         <name>.debug_info</name>
         <load_address>0x656e</load_address>
         <run_address>0x656e</run_address>
         <size>0x24e</size>
         <input_file_ref idref="fl-8"/>
      </object_component>
      <object_component id="oc-196">
         <name>.debug_info</name>
         <load_address>0x67bc</load_address>
         <run_address>0x67bc</run_address>
         <size>0x2dc</size>
         <input_file_ref idref="fl-9"/>
      </object_component>
      <object_component id="oc-d8">
         <name>.debug_info</name>
         <load_address>0x6a98</load_address>
         <run_address>0x6a98</run_address>
         <size>0x4ed</size>
         <input_file_ref idref="fl-9"/>
      </object_component>
      <object_component id="oc-ce">
         <name>.debug_info</name>
         <load_address>0x6f85</load_address>
         <run_address>0x6f85</run_address>
         <size>0x2c</size>
         <input_file_ref idref="fl-9"/>
      </object_component>
      <object_component id="oc-131">
         <name>.debug_info</name>
         <load_address>0x6fb1</load_address>
         <run_address>0x6fb1</run_address>
         <size>0x485</size>
         <input_file_ref idref="fl-10"/>
      </object_component>
      <object_component id="oc-1aa">
         <name>.debug_info</name>
         <load_address>0x7436</load_address>
         <run_address>0x7436</run_address>
         <size>0x114</size>
         <input_file_ref idref="fl-10"/>
      </object_component>
      <object_component id="oc-df">
         <name>.debug_info</name>
         <load_address>0x754a</load_address>
         <run_address>0x754a</run_address>
         <size>0x4ce</size>
         <input_file_ref idref="fl-10"/>
      </object_component>
      <object_component id="oc-1ad">
         <name>.debug_info</name>
         <load_address>0x7a18</load_address>
         <run_address>0x7a18</run_address>
         <size>0x9d</size>
         <input_file_ref idref="fl-10"/>
      </object_component>
      <object_component id="oc-264">
         <name>.debug_info</name>
         <load_address>0x7ab5</load_address>
         <run_address>0x7ab5</run_address>
         <size>0x35</size>
         <input_file_ref idref="fl-10"/>
      </object_component>
      <object_component id="oc-29f">
         <name>.debug_info</name>
         <load_address>0x7aea</load_address>
         <run_address>0x7aea</run_address>
         <size>0x2b7</size>
         <input_file_ref idref="fl-11"/>
      </object_component>
      <object_component id="oc-1a5">
         <name>.debug_info</name>
         <load_address>0x7da1</load_address>
         <run_address>0x7da1</run_address>
         <size>0x266</size>
         <input_file_ref idref="fl-11"/>
      </object_component>
      <object_component id="oc-298">
         <name>.debug_info</name>
         <load_address>0x8007</load_address>
         <run_address>0x8007</run_address>
         <size>0x3ba</size>
         <input_file_ref idref="fl-12"/>
      </object_component>
      <object_component id="oc-1a0">
         <name>.debug_info</name>
         <load_address>0x83c1</load_address>
         <run_address>0x83c1</run_address>
         <size>0x270</size>
         <input_file_ref idref="fl-12"/>
      </object_component>
      <object_component id="oc-198">
         <name>.debug_info</name>
         <load_address>0x8631</load_address>
         <run_address>0x8631</run_address>
         <size>0x296</size>
         <input_file_ref idref="fl-13"/>
      </object_component>
      <object_component id="oc-1c5">
         <name>.debug_info</name>
         <load_address>0x88c7</load_address>
         <run_address>0x88c7</run_address>
         <size>0x333</size>
         <input_file_ref idref="fl-c9"/>
      </object_component>
      <object_component id="oc-e4">
         <name>.debug_info</name>
         <load_address>0x8bfa</load_address>
         <run_address>0x8bfa</run_address>
         <size>0x1d1</size>
         <input_file_ref idref="fl-c9"/>
      </object_component>
      <object_component id="oc-1b9">
         <name>.debug_info</name>
         <load_address>0x8dcb</load_address>
         <run_address>0x8dcb</run_address>
         <size>0x18d</size>
         <input_file_ref idref="fl-c9"/>
      </object_component>
      <object_component id="oc-1bf">
         <name>.debug_info</name>
         <load_address>0x8f58</load_address>
         <run_address>0x8f58</run_address>
         <size>0x16d</size>
         <input_file_ref idref="fl-c9"/>
      </object_component>
      <object_component id="oc-326">
         <name>.debug_info</name>
         <load_address>0x90c5</load_address>
         <run_address>0x90c5</run_address>
         <size>0x2c</size>
         <input_file_ref idref="fl-c9"/>
      </object_component>
      <object_component id="oc-325">
         <name>.debug_info</name>
         <load_address>0x90f1</load_address>
         <run_address>0x90f1</run_address>
         <size>0x340</size>
         <input_file_ref idref="fl-ca"/>
      </object_component>
      <object_component id="oc-207">
         <name>.debug_info</name>
         <load_address>0x9431</load_address>
         <run_address>0x9431</run_address>
         <size>0x208</size>
         <input_file_ref idref="fl-ca"/>
      </object_component>
      <object_component id="oc-319">
         <name>.debug_info</name>
         <load_address>0x9639</load_address>
         <run_address>0x9639</run_address>
         <size>0x1c6</size>
         <input_file_ref idref="fl-ca"/>
      </object_component>
      <object_component id="oc-31f">
         <name>.debug_info</name>
         <load_address>0x97ff</load_address>
         <run_address>0x97ff</run_address>
         <size>0x179</size>
         <input_file_ref idref="fl-ca"/>
      </object_component>
      <object_component id="oc-32b">
         <name>.debug_info</name>
         <load_address>0x9978</load_address>
         <run_address>0x9978</run_address>
         <size>0x69</size>
         <input_file_ref idref="fl-ca"/>
      </object_component>
      <object_component id="oc-1f3">
         <name>.debug_info</name>
         <load_address>0x99e1</load_address>
         <run_address>0x99e1</run_address>
         <size>0x2ca</size>
         <input_file_ref idref="fl-cb"/>
      </object_component>
      <object_component id="oc-101">
         <name>.debug_info</name>
         <load_address>0x9cab</load_address>
         <run_address>0x9cab</run_address>
         <size>0x24e</size>
         <input_file_ref idref="fl-cb"/>
      </object_component>
      <object_component id="oc-308">
         <name>.debug_info</name>
         <load_address>0x9ef9</load_address>
         <run_address>0x9ef9</run_address>
         <size>0x46</size>
         <input_file_ref idref="fl-cb"/>
      </object_component>
      <object_component id="oc-1e6">
         <name>.debug_info</name>
         <load_address>0x9f3f</load_address>
         <run_address>0x9f3f</run_address>
         <size>0x39</size>
         <input_file_ref idref="fl-cb"/>
      </object_component>
      <object_component id="oc-1e5">
         <name>.debug_info</name>
         <load_address>0x9f78</load_address>
         <run_address>0x9f78</run_address>
         <size>0x366</size>
         <input_file_ref idref="fl-cc"/>
      </object_component>
      <object_component id="oc-f4">
         <name>.debug_info</name>
         <load_address>0xa2de</load_address>
         <run_address>0xa2de</run_address>
         <size>0x79b</size>
         <input_file_ref idref="fl-cc"/>
      </object_component>
      <object_component id="oc-fc">
         <name>.debug_info</name>
         <load_address>0xaa79</load_address>
         <run_address>0xaa79</run_address>
         <size>0x14c</size>
         <input_file_ref idref="fl-cd"/>
      </object_component>
      <object_component id="oc-1d6">
         <name>.debug_info</name>
         <load_address>0xabc5</load_address>
         <run_address>0xabc5</run_address>
         <size>0x128</size>
         <input_file_ref idref="fl-ce"/>
      </object_component>
      <object_component id="oc-24a">
         <name>.debug_info</name>
         <load_address>0xaced</load_address>
         <run_address>0xaced</run_address>
         <size>0x12a</size>
         <input_file_ref idref="fl-ce"/>
      </object_component>
      <object_component id="oc-18b">
         <name>.debug_info</name>
         <load_address>0xae17</load_address>
         <run_address>0xae17</run_address>
         <size>0x13a</size>
         <input_file_ref idref="fl-cf"/>
      </object_component>
      <object_component id="oc-f1">
         <name>.debug_info</name>
         <load_address>0xaf51</load_address>
         <run_address>0xaf51</run_address>
         <size>0x13a</size>
         <input_file_ref idref="fl-d0"/>
      </object_component>
      <object_component id="oc-107">
         <name>.debug_info</name>
         <load_address>0xb08b</load_address>
         <run_address>0xb08b</run_address>
         <size>0x12e</size>
         <input_file_ref idref="fl-d1"/>
      </object_component>
      <object_component id="oc-23e">
         <name>.debug_info</name>
         <load_address>0xb1b9</load_address>
         <run_address>0xb1b9</run_address>
         <size>0x13e</size>
         <input_file_ref idref="fl-d2"/>
      </object_component>
      <object_component id="oc-12c">
         <name>.debug_info</name>
         <load_address>0xb2f7</load_address>
         <run_address>0xb2f7</run_address>
         <size>0x12c</size>
         <input_file_ref idref="fl-d3"/>
      </object_component>
      <object_component id="oc-eb">
         <name>.debug_info</name>
         <load_address>0xb423</load_address>
         <run_address>0xb423</run_address>
         <size>0x12c</size>
         <input_file_ref idref="fl-d4"/>
      </object_component>
      <object_component id="oc-3f">
         <name>.debug_info</name>
         <load_address>0xb54f</load_address>
         <run_address>0xb54f</run_address>
         <size>0x119</size>
         <input_file_ref idref="fl-d5"/>
      </object_component>
      <object_component id="oc-95">
         <name>.debug_info</name>
         <load_address>0xb668</load_address>
         <run_address>0xb668</run_address>
         <size>0x2d4</size>
         <input_file_ref idref="fl-d6"/>
      </object_component>
      <object_component id="oc-53">
         <name>.debug_info</name>
         <load_address>0xb93c</load_address>
         <run_address>0xb93c</run_address>
         <size>0x1b5</size>
         <input_file_ref idref="fl-d6"/>
      </object_component>
      <object_component id="oc-90">
         <name>.debug_info</name>
         <load_address>0xbaf1</load_address>
         <run_address>0xbaf1</run_address>
         <size>0x46</size>
         <input_file_ref idref="fl-d6"/>
      </object_component>
      <object_component id="oc-49">
         <name>.debug_info</name>
         <load_address>0xbb37</load_address>
         <run_address>0xbb37</run_address>
         <size>0x2a8</size>
         <input_file_ref idref="fl-d7"/>
      </object_component>
      <object_component id="oc-1f">
         <name>.debug_info</name>
         <load_address>0xbddf</load_address>
         <run_address>0xbddf</run_address>
         <size>0x1ea</size>
         <input_file_ref idref="fl-d7"/>
      </object_component>
      <object_component id="oc-44">
         <name>.debug_info</name>
         <load_address>0xbfc9</load_address>
         <run_address>0xbfc9</run_address>
         <size>0x46</size>
         <input_file_ref idref="fl-d7"/>
      </object_component>
      <object_component id="oc-88">
         <name>.debug_info</name>
         <load_address>0xc00f</load_address>
         <run_address>0xc00f</run_address>
         <size>0x2c</size>
         <input_file_ref idref="fl-d7"/>
      </object_component>
      <object_component id="oc-86">
         <name>.debug_info</name>
         <load_address>0xc03b</load_address>
         <run_address>0xc03b</run_address>
         <size>0x29e</size>
         <input_file_ref idref="fl-d8"/>
      </object_component>
      <object_component id="oc-17">
         <name>.debug_info</name>
         <load_address>0xc2d9</load_address>
         <run_address>0xc2d9</run_address>
         <size>0x250</size>
         <input_file_ref idref="fl-d8"/>
      </object_component>
      <object_component id="oc-34">
         <name>.debug_info</name>
         <load_address>0xc529</load_address>
         <run_address>0xc529</run_address>
         <size>0x60</size>
         <input_file_ref idref="fl-d8"/>
      </object_component>
      <object_component id="oc-c7">
         <name>.debug_info</name>
         <load_address>0xc589</load_address>
         <run_address>0xc589</run_address>
         <size>0x46</size>
         <input_file_ref idref="fl-d8"/>
      </object_component>
      <object_component id="oc-81">
         <name>.debug_info</name>
         <load_address>0xc5cf</load_address>
         <run_address>0xc5cf</run_address>
         <size>0x39</size>
         <input_file_ref idref="fl-d8"/>
      </object_component>
      <object_component id="oc-70">
         <name>.debug_info</name>
         <load_address>0xc608</load_address>
         <run_address>0xc608</run_address>
         <size>0x3b2</size>
         <input_file_ref idref="fl-d9"/>
      </object_component>
      <object_component id="oc-25">
         <name>.debug_info</name>
         <load_address>0xc9ba</load_address>
         <run_address>0xc9ba</run_address>
         <size>0x10c</size>
         <input_file_ref idref="fl-d9"/>
      </object_component>
      <object_component id="oc-41c">
         <name>.debug_info</name>
         <load_address>0xcac6</load_address>
         <run_address>0xcac6</run_address>
         <size>0x13f</size>
         <input_file_ref idref="fl-d9"/>
      </object_component>
      <object_component id="oc-33f">
         <name>.debug_info</name>
         <load_address>0xcc05</load_address>
         <run_address>0xcc05</run_address>
         <size>0x168</size>
         <input_file_ref idref="fl-d9"/>
      </object_component>
      <object_component id="oc-346">
         <name>.debug_info</name>
         <load_address>0xcd6d</load_address>
         <run_address>0xcd6d</run_address>
         <size>0x18e</size>
         <input_file_ref idref="fl-d9"/>
      </object_component>
      <object_component id="oc-34c">
         <name>.debug_info</name>
         <load_address>0xcefb</load_address>
         <run_address>0xcefb</run_address>
         <size>0x19f</size>
         <input_file_ref idref="fl-d9"/>
      </object_component>
      <object_component id="oc-226">
         <name>.debug_info</name>
         <load_address>0xd09a</load_address>
         <run_address>0xd09a</run_address>
         <size>0x203</size>
         <input_file_ref idref="fl-d9"/>
      </object_component>
      <object_component id="oc-47e">
         <name>.debug_info</name>
         <load_address>0xd29d</load_address>
         <run_address>0xd29d</run_address>
         <size>0x1db</size>
         <input_file_ref idref="fl-d9"/>
      </object_component>
      <object_component id="oc-220">
         <name>.debug_info</name>
         <load_address>0xd478</load_address>
         <run_address>0xd478</run_address>
         <size>0x1a5</size>
         <input_file_ref idref="fl-d9"/>
      </object_component>
      <object_component id="oc-418">
         <name>.debug_info</name>
         <load_address>0xd61d</load_address>
         <run_address>0xd61d</run_address>
         <size>0x299</size>
         <input_file_ref idref="fl-d9"/>
      </object_component>
      <object_component id="oc-bb">
         <name>.debug_info</name>
         <load_address>0xd8b6</load_address>
         <run_address>0xd8b6</run_address>
         <size>0xb2</size>
         <input_file_ref idref="fl-d9"/>
      </object_component>
      <object_component id="oc-b6">
         <name>.debug_info</name>
         <load_address>0xd968</load_address>
         <run_address>0xd968</run_address>
         <size>0x2c</size>
         <input_file_ref idref="fl-d9"/>
      </object_component>
      <object_component id="oc-36f">
         <name>.debug_info</name>
         <load_address>0xd994</load_address>
         <run_address>0xd994</run_address>
         <size>0x2ba</size>
         <input_file_ref idref="fl-da"/>
      </object_component>
      <object_component id="oc-36c">
         <name>.debug_info</name>
         <load_address>0xdc4e</load_address>
         <run_address>0xdc4e</run_address>
         <size>0xfb</size>
         <input_file_ref idref="fl-da"/>
      </object_component>
      <object_component id="oc-256">
         <name>.debug_info</name>
         <load_address>0xdd49</load_address>
         <run_address>0xdd49</run_address>
         <size>0x15d</size>
         <input_file_ref idref="fl-da"/>
      </object_component>
      <object_component id="oc-25b">
         <name>.debug_info</name>
         <load_address>0xdea6</load_address>
         <run_address>0xdea6</run_address>
         <size>0x13d</size>
         <input_file_ref idref="fl-da"/>
      </object_component>
      <object_component id="oc-331">
         <name>.debug_info</name>
         <load_address>0xdfe3</load_address>
         <run_address>0xdfe3</run_address>
         <size>0x28a</size>
         <input_file_ref idref="fl-db"/>
      </object_component>
      <object_component id="oc-20f">
         <name>.debug_info</name>
         <load_address>0xe26d</load_address>
         <run_address>0xe26d</run_address>
         <size>0x273</size>
         <input_file_ref idref="fl-db"/>
      </object_component>
      <object_component id="oc-333">
         <name>.debug_info</name>
         <load_address>0xe4e0</load_address>
         <run_address>0xe4e0</run_address>
         <size>0x2a4</size>
         <input_file_ref idref="fl-dc"/>
      </object_component>
      <object_component id="oc-214">
         <name>.debug_info</name>
         <load_address>0xe784</load_address>
         <run_address>0xe784</run_address>
         <size>0x24d</size>
         <input_file_ref idref="fl-dc"/>
      </object_component>
      <object_component id="oc-2fd">
         <name>.debug_info</name>
         <load_address>0xe9d1</load_address>
         <run_address>0xe9d1</run_address>
         <size>0x3aa</size>
         <input_file_ref idref="fl-dd"/>
      </object_component>
      <object_component id="oc-2fa">
         <name>.debug_info</name>
         <load_address>0xed7b</load_address>
         <run_address>0xed7b</run_address>
         <size>0x13a</size>
         <input_file_ref idref="fl-dd"/>
      </object_component>
      <object_component id="oc-1db">
         <name>.debug_info</name>
         <load_address>0xeeb5</load_address>
         <run_address>0xeeb5</run_address>
         <size>0x72f</size>
         <input_file_ref idref="fl-dd"/>
      </object_component>
      <object_component id="oc-401">
         <name>.debug_info</name>
         <load_address>0xf5e4</load_address>
         <run_address>0xf5e4</run_address>
         <size>0x39</size>
         <input_file_ref idref="fl-dd"/>
      </object_component>
      <object_component id="oc-2ff">
         <name>.debug_info</name>
         <load_address>0xf61d</load_address>
         <run_address>0xf61d</run_address>
         <size>0x2c</size>
         <input_file_ref idref="fl-dd"/>
      </object_component>
      <object_component id="oc-311">
         <name>.debug_info</name>
         <load_address>0xf649</load_address>
         <run_address>0xf649</run_address>
         <size>0x289</size>
         <input_file_ref idref="fl-de"/>
      </object_component>
      <object_component id="oc-30e">
         <name>.debug_info</name>
         <load_address>0xf8d2</load_address>
         <run_address>0xf8d2</run_address>
         <size>0x10e</size>
         <input_file_ref idref="fl-de"/>
      </object_component>
      <object_component id="oc-1f0">
         <name>.debug_info</name>
         <load_address>0xf9e0</load_address>
         <run_address>0xf9e0</run_address>
         <size>0x14e</size>
         <input_file_ref idref="fl-de"/>
      </object_component>
      <object_component id="oc-28">
         <name>.debug_info</name>
         <load_address>0xfb2e</load_address>
         <run_address>0xfb2e</run_address>
         <size>0x10b</size>
         <input_file_ref idref="fl-df"/>
      </object_component>
      <object_component id="oc-5f">
         <name>.debug_info</name>
         <load_address>0xfc39</load_address>
         <run_address>0xfc39</run_address>
         <size>0x1a9</size>
         <input_file_ref idref="fl-df"/>
      </object_component>
      <object_component id="oc-36a">
         <name>.debug_info</name>
         <load_address>0xfde2</load_address>
         <run_address>0xfde2</run_address>
         <size>0x2a4</size>
         <input_file_ref idref="fl-e0"/>
      </object_component>
      <object_component id="oc-24f">
         <name>.debug_info</name>
         <load_address>0x10086</load_address>
         <run_address>0x10086</run_address>
         <size>0x181</size>
         <input_file_ref idref="fl-e0"/>
      </object_component>
      <object_component id="oc-436">
         <name>.debug_info</name>
         <load_address>0x10207</load_address>
         <run_address>0x10207</run_address>
         <size>0x39</size>
         <input_file_ref idref="fl-e0"/>
      </object_component>
      <object_component id="oc-365">
         <name>.debug_info</name>
         <load_address>0x10240</load_address>
         <run_address>0x10240</run_address>
         <size>0x39</size>
         <input_file_ref idref="fl-e0"/>
      </object_component>
      <object_component id="oc-2db">
         <name>.debug_info</name>
         <load_address>0x10279</load_address>
         <run_address>0x10279</run_address>
         <size>0x590</size>
         <input_file_ref idref="fl-e1"/>
      </object_component>
      <object_component id="oc-2b2">
         <name>.debug_info</name>
         <load_address>0x10809</load_address>
         <run_address>0x10809</run_address>
         <size>0x21e</size>
         <input_file_ref idref="fl-e1"/>
      </object_component>
      <object_component id="oc-3b6">
         <name>.debug_info</name>
         <load_address>0x10a27</load_address>
         <run_address>0x10a27</run_address>
         <size>0x1b3</size>
         <input_file_ref idref="fl-e1"/>
      </object_component>
      <object_component id="oc-3bc">
         <name>.debug_info</name>
         <load_address>0x10bda</load_address>
         <run_address>0x10bda</run_address>
         <size>0x21b</size>
         <input_file_ref idref="fl-e1"/>
      </object_component>
      <object_component id="oc-2b8">
         <name>.debug_info</name>
         <load_address>0x10df5</load_address>
         <run_address>0x10df5</run_address>
         <size>0x3c0</size>
         <input_file_ref idref="fl-e1"/>
      </object_component>
      <object_component id="oc-3c4">
         <name>.debug_info</name>
         <load_address>0x111b5</load_address>
         <run_address>0x111b5</run_address>
         <size>0x30a</size>
         <input_file_ref idref="fl-e1"/>
      </object_component>
      <object_component id="oc-3ca">
         <name>.debug_info</name>
         <load_address>0x114bf</load_address>
         <run_address>0x114bf</run_address>
         <size>0x215</size>
         <input_file_ref idref="fl-e1"/>
      </object_component>
      <object_component id="oc-2bf">
         <name>.debug_info</name>
         <load_address>0x116d4</load_address>
         <run_address>0x116d4</run_address>
         <size>0x215</size>
         <input_file_ref idref="fl-e1"/>
      </object_component>
      <object_component id="oc-2c5">
         <name>.debug_info</name>
         <load_address>0x118e9</load_address>
         <run_address>0x118e9</run_address>
         <size>0x304</size>
         <input_file_ref idref="fl-e1"/>
      </object_component>
      <object_component id="oc-2cb">
         <name>.debug_info</name>
         <load_address>0x11bed</load_address>
         <run_address>0x11bed</run_address>
         <size>0x4b5</size>
         <input_file_ref idref="fl-e1"/>
      </object_component>
      <object_component id="oc-1b5">
         <name>.debug_info</name>
         <load_address>0x120a2</load_address>
         <run_address>0x120a2</run_address>
         <size>0x5f4</size>
         <input_file_ref idref="fl-e1"/>
      </object_component>
      <object_component id="oc-2dc">
         <name>.debug_info</name>
         <load_address>0x12696</load_address>
[...]
         <value>0x26d</value>
         <object_component_ref idref="oc-11f"/>
      </symbol>
      <symbol id="sm-27f">
         <name>oi_getMotorCalibrationLeft</name>
         <value>0xded</value>
         <object_component_ref idref="oc-11f"/>
      </symbol>
      <symbol id="sm-280">
         <name>oi_loadSong</name>
         <value>0x915</value>
         <object_component_ref idref="oc-11f"/>
      </symbol>
      <symbol id="sm-281">
         <name>oi_play_song</name>
         <value>0x96b</value>
         <object_component_ref idref="oc-11f"/>
      </symbol>
      <symbol id="sm-282">
         <name>oi_parsePacket</name>
         <value>0x32b</value>
         <object_component_ref idref="oc-11f"/>
      </symbol>
      <symbol id="sm-283">
         <name>oi_setLeds</name>
         <value>0x84b</value>
         <object_component_ref idref="oc-11f"/>
      </symbol>
      <symbol id="sm-284">
         <name>oi_init</name>
         <value>0x2b1</value>
         <object_component_ref idref="oc-11f"/>
      </symbol>
      <symbol id="sm-285">
         <name>oi_update</name>
         <value>0x2d9</value>
         <object_component_ref idref="oc-11f"/>
      </symbol>
      <symbol id="sm-286">
         <name>oi_uartInit</name>
         <value>0x98d</value>
         <object_component_ref idref="oc-11f"/>
      </symbol>
      <symbol id="sm-2a3">
         <name>ResetISR</name>
         <value>0x5d03</value>
         <object_component_ref idref="oc-2a"/>
      </symbol>
      <symbol id="sm-2a4">
         <name>g_pfnVectors</name>
         <value>0x0</value>
         <object_component_ref idref="oc-12"/>
      </symbol>
      <symbol id="sm-2db">
         <name>uart_interrupt_handler</name>
         <value>0x3bbf</value>
         <object_component_ref idref="oc-d7"/>
      </symbol>
      <symbol id="sm-2dc">
         <name>uart_sendChar</name>
         <value>0x3b33</value>
         <object_component_ref idref="oc-d7"/>
      </symbol>
      <symbol id="sm-2dd">
         <name>uart_interrupt_init</name>
         <value>0x3b9f</value>
         <object_component_ref idref="oc-d7"/>
      </symbol>
      <symbol id="sm-2de">
         <name>uart_init</name>
         <value>0x3a75</value>
         <object_component_ref idref="oc-d7"/>
      </symbol>
      <symbol id="sm-2df">
         <name>uart_receive</name>
         <value>0x3b4f</value>
         <object_component_ref idref="oc-d7"/>
      </symbol>
      <symbol id="sm-2e0">
         <name>uart_sendStr</name>
         <value>0x3b75</value>
         <object_component_ref idref="oc-d7"/>
      </symbol>
      <symbol id="sm-321">
         <name>cyBOT_SERVO_cal</name>
         <value>0x36a5</value>
         <object_component_ref idref="oc-dd"/>
      </symbol>
      <symbol id="sm-322">
         <name>cyBOT_Scan</name>
         <value>0x3633</value>
         <object_component_ref idref="oc-dd"/>
      </symbol>
      <symbol id="sm-323">
         <name>cyBOT_scan_features</name>
         <value>0x200018a4</value>
         <object_component_ref idref="oc-1a9"/>
      </symbol>
      <symbol id="sm-324">
         <name>cyBOT_scan_version</name>
         <value>0x35cd</value>
         <object_component_ref idref="oc-dd"/>
      </symbol>
      <symbol id="sm-325">
         <name>cyBOT_init_Scan</name>
         <value>0x35db</value>
         <object_component_ref idref="oc-dd"/>
      </symbol>
      <symbol id="sm-34c">
         <name>isr_int_value</name>
         <value>0x20000c10</value>
      </symbol>
      <symbol id="sm-34d">
         <name>ir_enableInterrupt</name>
         <value>0x4bd7</value>
         <object_component_ref idref="oc-1a3"/>
      </symbol>
      <symbol id="sm-34e">
         <name>ir_getDistance</name>
         <value>0x4bb9</value>
         <object_component_ref idref="oc-1a3"/>
      </symbol>
      <symbol id="sm-34f">
         <name>ir_init</name>
         <value>0x4b29</value>
         <object_component_ref idref="oc-1a3"/>
      </symbol>
      <symbol id="sm-350">
         <name>ADC0SS0_Handler</name>
         <value>0x4bc1</value>
         <object_component_ref idref="oc-1a3"/>
      </symbol>
      <symbol id="sm-351">
         <name>ir_getValue</name>
         <value>0x4b91</value>
         <object_component_ref idref="oc-1a3"/>
      </symbol>
      <symbol id="sm-380">
         <name>risingEdge</name>
         <value>0x20000c24</value>
      </symbol>
      <symbol id="sm-381">
         <name>fallingEdge</name>
         <value>0x20000c08</value>
      </symbol>
      <symbol id="sm-382">
         <name>pulseLength</name>
         <value>0x20000c1c</value>
      </symbol>
      <symbol id="sm-383">
         <name>isRisingEdge</name>
         <value>0x20000c28</value>
      </symbol>
      <symbol id="sm-384">
         <name>TIMER3B_Handler</name>
         <value>0x3d7d</value>
         <object_component_ref idref="oc-19d"/>
      </symbol>
      <symbol id="sm-385">
         <name>ping_init</name>
         <value>0x3c8d</value>
         <object_component_ref idref="oc-19d"/>
      </symbol>
      <symbol id="sm-386">
         <name>ping_getDistance</name>
         <value>0x3dcf</value>
         <object_component_ref idref="oc-19d"/>
      </symbol>
      <symbol id="sm-387">
         <name>ping_trigger</name>
         <value>0x3d13</value>
         <object_component_ref idref="oc-19d"/>
      </symbol>
      <symbol id="sm-3a9">
         <name>servo_move</name>
         <value>0x4571</value>
         <object_component_ref idref="oc-197"/>
      </symbol>
      <symbol id="sm-3aa">
         <name>servo_init</name>
         <value>0x44e1</value>
         <object_component_ref idref="oc-197"/>
      </symbol>
      <symbol id="sm-3ab">
         <name>servo_stop</name>
         <value>0x4565</value>
         <object_component_ref idref="oc-197"/>
      </symbol>
      <symbol id="sm-3ac">
         <name>servo_setPWM</name>
         <value>0x45d1</value>
         <object_component_ref idref="oc-197"/>
      </symbol>
      <symbol id="sm-3d3">
         <name>sprintf</name>
         <value>0x58c9</value>
         <object_component_ref idref="oc-e3"/>
      </symbol>
      <symbol id="sm-3fd">
         <name>vsnprintf</name>
         <value>0x5909</value>
         <object_component_ref idref="oc-205"/>
      </symbol>
      <symbol id="sm-429">
         <name>sqrtl</name>
         <value>0x4639</value>
         <object_component_ref idref="oc-fe"/>
      </symbol>
      <symbol id="sm-42a">
         <name>sqrt</name>
         <value>0x4639</value>
         <object_component_ref idref="oc-fe"/>
      </symbol>
      <symbol id="sm-47b">
         <name>cosl</name>
         <value>0x267d</value>
         <object_component_ref idref="oc-f3"/>
      </symbol>
      <symbol id="sm-47c">
         <name>cos</name>
         <value>0x267d</value>
         <object_component_ref idref="oc-f3"/>
      </symbol>
      <symbol id="sm-493">
         <name>__aeabi_dsub</name>
         <value>0x4049</value>
         <object_component_ref idref="oc-f9"/>
      </symbol>
      <symbol id="sm-494">
         <name>__aeabi_dadd</name>
         <value>0x4053</value>
         <object_component_ref idref="oc-f9"/>
      </symbol>
      <symbol id="sm-4b6">
         <name>__aeabi_cdcmpeq</name>
         <value>0x530d</value>
         <object_component_ref idref="oc-1d3"/>
      </symbol>
      <symbol id="sm-4b7">
         <name>__aeabi_cdcmple</name>
         <value>0x530d</value>
         <object_component_ref idref="oc-1d3"/>
      </symbol>
      <symbol id="sm-4b8">
         <name>__aeabi_cdrcmple</name>
         <value>0x5393</value>
         <object_component_ref idref="oc-248"/>
      </symbol>
      <symbol id="sm-4cc">
         <name>__aeabi_ddiv</name>
         <value>0x48cd</value>
         <object_component_ref idref="oc-189"/>
      </symbol>
      <symbol id="sm-4d7">
         <name>__aeabi_dmul</name>
         <value>0x4e51</value>
         <object_component_ref idref="oc-ee"/>
      </symbol>
      <symbol id="sm-4e1">
         <name>__aeabi_d2iz</name>
         <value>0x583d</value>
         <object_component_ref idref="oc-104"/>
      </symbol>
      <symbol id="sm-4ed">
         <name>__aeabi_d2f</name>
         <value>0x5573</value>
         <object_component_ref idref="oc-23b"/>
      </symbol>
      <symbol id="sm-4f8">
         <name>__aeabi_f2d</name>
         <value>0x59f9</value>
         <object_component_ref idref="oc-12b"/>
      </symbol>
      <symbol id="sm-502">
         <name>__aeabi_i2d</name>
         <value>0x5b31</value>
         <object_component_ref idref="oc-e9"/>
      </symbol>
      <symbol id="sm-51d">
         <name>memcpy</name>
         <value>0x51db</value>
         <object_component_ref idref="oc-3e"/>
      </symbol>
      <symbol id="sm-51e">
         <name>__aeabi_memcpy</name>
         <value>0x51db</value>
         <object_component_ref idref="oc-3e"/>
      </symbol>
      <symbol id="sm-51f">
         <name>__aeabi_memcpy8</name>
         <value>0x51db</value>
         <object_component_ref idref="oc-3e"/>
      </symbol>
      <symbol id="sm-520">
         <name>__aeabi_memcpy4</name>
         <value>0x51db</value>
         <object_component_ref idref="oc-3e"/>
      </symbol>
      <symbol id="sm-532">
         <name>__TI_zero_init</name>
         <value>0x5cf7</value>
         <object_component_ref idref="oc-50"/>
      </symbol>
      <symbol id="sm-549">
         <name>__TI_decompress_none</name>
         <value>0x5cdd</value>
         <object_component_ref idref="oc-1b"/>
      </symbol>
      <symbol id="sm-56c">
         <name>__TI_decompress_lzss</name>
         <value>0x55e1</value>
         <object_component_ref idref="oc-15"/>
      </symbol>
      <symbol id="sm-601">
         <name>_sys_memory</name>
         <value>0x20001430</value>
         <object_component_ref idref="oc-24"/>
      </symbol>
      <symbol id="sm-602">
         <name>free</name>
         <value>0x5045</value>
         <object_component_ref idref="oc-222"/>
      </symbol>
      <symbol id="sm-603">
         <name>memalign</name>
         <value>0x4d51</value>
         <object_component_ref idref="oc-414"/>
      </symbol>
      <symbol id="sm-604">
         <name>calloc</name>
         <value>0x59c1</value>
         <object_component_ref idref="oc-21c"/>
      </symbol>
      <symbol id="sm-605">
         <name>malloc</name>
         <value>0x5d21</value>
         <object_component_ref idref="oc-33b"/>
      </symbol>
      <symbol id="sm-606">
         <name>aligned_alloc</name>
         <value>0x4d51</value>
         <object_component_ref idref="oc-414"/>
      </symbol>
      <symbol id="sm-62b">
         <name>rand</name>
         <value>0x5acd</value>
         <object_component_ref idref="oc-259"/>
      </symbol>
      <symbol id="sm-62c">
         <name>srand</name>
         <value>0x5b89</value>
         <object_component_ref idref="oc-253"/>
      </symbol>
      <symbol id="sm-63b">
         <name>strcmp</name>
         <value>0x5c47</value>
         <object_component_ref idref="oc-20b"/>
      </symbol>
      <symbol id="sm-649">
         <name>strcpy</name>
         <value>0x5c75</value>
         <object_component_ref idref="oc-211"/>
      </symbol>
      <symbol id="sm-6b9">
         <name>__kernel_rem_pio2</name>
         <value>0x18dd</value>
         <object_component_ref idref="oc-1d8"/>
      </symbol>
      <symbol id="sm-6cf">
         <name>__aeabi_errno_addr</name>
         <value>0x5d19</value>
         <object_component_ref idref="oc-1ec"/>
      </symbol>
      <symbol id="sm-6d0">
         <name>errno</name>
         <value>0x200018a8</value>
         <object_component_ref idref="oc-30d"/>
      </symbol>
      <symbol id="sm-6e3">
         <name>__stack</name>
         <value>0x20000c30</value>
         <object_component_ref idref="oc-27"/>
      </symbol>
      <symbol id="sm-6e4">
         <name>_c_int00_noargs</name>
         <value>0x5a99</value>
         <object_component_ref idref="oc-5c"/>
      </symbol>
      <symbol id="sm-6fc">
         <name>__time32</name>
         <value>0x5ccf</value>
         <object_component_ref idref="oc-24d"/>
      </symbol>
      <symbol id="sm-6fd">
         <name>time</name>
         <value>0x5ccf</value>
         <object_component_ref idref="oc-24d"/>
      </symbol>
      <symbol id="sm-862">
         <name>__TI_printfi</name>
         <value>0xe8d</value>
         <object_component_ref idref="oc-1b2"/>
      </symbol>
      <symbol id="sm-878">
         <name>__kernel_cos</name>
         <value>0x4375</value>
         <object_component_ref idref="oc-1cd"/>
      </symbol>
      <symbol id="sm-88f">
         <name>__kernel_sin</name>
         <value>0x4201</value>
         <object_component_ref idref="oc-1de"/>
      </symbol>
      <symbol id="sm-8ac">
         <name>floorl</name>
         <value>0x4f4d</value>
         <object_component_ref idref="oc-2f3"/>
      </symbol>
      <symbol id="sm-8ad">
         <name>floor</name>
         <value>0x4f4d</value>
         <object_component_ref idref="oc-2f3"/>
      </symbol>
      <symbol id="sm-8c3">
         <name>frexpl</name>
         <value>0x5649</value>
         <object_component_ref idref="oc-3cf"/>
      </symbol>
      <symbol id="sm-8c4">
         <name>frexp</name>
         <value>0x5649</value>
         <object_component_ref idref="oc-3cf"/>
      </symbol>
      <symbol id="sm-8e1">
         <name>scalbn</name>
         <value>0x4c41</value>
         <object_component_ref idref="oc-2ed"/>
      </symbol>
      <symbol id="sm-8e2">
         <name>scalbnl</name>
         <value>0x4c41</value>
         <object_component_ref idref="oc-2ed"/>
      </symbol>
      <symbol id="sm-8e3">
         <name>ldexpl</name>
         <value>0x4c41</value>
         <object_component_ref idref="oc-2ed"/>
      </symbol>
      <symbol id="sm-8e4">
         <name>ldexp</name>
         <value>0x4c41</value>
         <object_component_ref idref="oc-2ed"/>
      </symbol>
      <symbol id="sm-8ee">
         <name>copysign</name>
         <value>0x5be5</value>
         <object_component_ref idref="oc-3f3"/>
      </symbol>
      <symbol id="sm-8ef">
         <name>copysignl</name>
         <value>0x5be5</value>
         <object_component_ref idref="oc-3f3"/>
      </symbol>
      <symbol id="sm-8fc">
         <name>__aeabi_uldivmod</name>
         <value>0x5277</value>
         <object_component_ref idref="oc-3a8"/>
      </symbol>
      <symbol id="sm-90b">
         <name>__aeabi_memset</name>
         <value>0x541b</value>
         <object_component_ref idref="oc-96"/>
      </symbol>
      <symbol id="sm-90c">
         <name>memset</name>
         <value>0x5421</value>
         <object_component_ref idref="oc-96"/>
      </symbol>
      <symbol id="sm-90d">
         <name>__aeabi_memset8</name>
         <value>0x541b</value>
         <object_component_ref idref="oc-96"/>
      </symbol>
      <symbol id="sm-90e">
         <name>__aeabi_memset4</name>
         <value>0x541b</value>
         <object_component_ref idref="oc-96"/>
      </symbol>
      <symbol id="sm-90f">
         <name>__aeabi_memclr8</name>
         <value>0x5419</value>
         <object_component_ref idref="oc-96"/>
      </symbol>
      <symbol id="sm-910">
         <name>__aeabi_memclr4</name>
         <value>0x5419</value>
         <object_component_ref idref="oc-96"/>
      </symbol>
      <symbol id="sm-911">
         <name>__aeabi_memclr</name>
         <value>0x5419</value>
         <object_component_ref idref="oc-96"/>
      </symbol>
      <symbol id="sm-939">
         <name>__TI_auto_init_nobinit_nopinit</name>
         <value>0x5885</value>
         <object_component_ref idref="oc-146"/>
      </symbol>
      <symbol id="sm-943">
         <name>_system_pre_init</name>
         <value>0x5d29</value>
         <object_component_ref idref="oc-9c"/>
      </symbol>
      <symbol id="sm-94f">
         <name>C$$EXIT</name>
         <value>0x5d2d</value>
         <object_component_ref idref="oc-13a"/>
      </symbol>
      <symbol id="sm-950">
         <name>abort</name>
         <value>0x5d2d</value>
         <object_component_ref idref="oc-13a"/>
      </symbol>
      <symbol id="sm-965">
         <name>_nop</name>
         <value>0x18db</value>
         <object_component_ref idref="oc-37a"/>
      </symbol>
      <symbol id="sm-966">
         <name>_lock</name>
         <value>0x20001894</value>
         <object_component_ref idref="oc-26d"/>
      </symbol>
      <symbol id="sm-967">
         <name>_unlock</name>
         <value>0x20001898</value>
         <object_component_ref idref="oc-26d"/>
      </symbol>
      <symbol id="sm-976">
         <name>__TI_ltoa</name>
         <value>0x5703</value>
         <object_component_ref idref="oc-3ae"/>
      </symbol>
      <symbol id="sm-98d">
         <name>atoi</name>
         <value>0x57a9</value>
         <object_component_ref idref="oc-2aa"/>
      </symbol>
      <symbol id="sm-998">
         <name>_ctypes_</name>
         <value>0x5e88</value>
         <object_component_ref idref="oc-3a3"/>
      </symbol>
      <symbol id="sm-9a8">
         <name>memccpy</name>
         <value>0x5bc9</value>
         <object_component_ref idref="oc-2ce"/>
      </symbol>
      <symbol id="sm-9b8">
         <name>strchr</name>
         <value>0x5c5f</value>
         <object_component_ref idref="oc-3d5"/>
      </symbol>
      <symbol id="sm-9c6">
         <name>strlen</name>
         <value>0x5c89</value>
         <object_component_ref idref="oc-2a4"/>
      </symbol>
      <symbol id="sm-9de">
         <name>HOSTtime</name>
         <value>0x57f5</value>
         <object_component_ref idref="oc-35e"/>
      </symbol>
      <symbol id="sm-a02">
         <name>__TI_readmsg</name>
         <value>0x5a65</value>
         <object_component_ref idref="oc-427"/>
      </symbol>
      <symbol id="sm-a03">
         <name>C$$IO$$</name>
         <value>0x59b7</value>
         <object_component_ref idref="oc-421"/>
      </symbol>
      <symbol id="sm-a04">
         <name>__CIOBUF_</name>
         <value>0x20000a6c</value>
         <object_component_ref idref="oc-483"/>
      </symbol>
      <symbol id="sm-a05">
         <name>__TI_writemsg</name>
         <value>0x5989</value>
         <object_component_ref idref="oc-421"/>
      </symbol>
      <symbol id="sm-a1e">
         <name>wcslen</name>
         <value>0x5c9d</value>
         <object_component_ref idref="oc-2d4"/>
      </symbol>
      <symbol id="sm-a28">
         <name>__aeabi_idiv0</name>
         <value>0x41ff</value>
         <object_component_ref idref="oc-457"/>
      </symbol>
      <symbol id="sm-a29">
         <name>__aeabi_ldiv0</name>
         <value>0x41ff</value>
         <object_component_ref idref="oc-457"/>
      </symbol>
      <symbol id="sm-a2f">
         <name>parmbuf</name>
         <value>0x20000bf8</value>
      </symbol>
      <symbol id="sm-a54">
         <name>IntRegister</name>
         <value>0x5a31</value>
         <object_component_ref idref="oc-18e"/>
      </symbol>
      <symbol id="sm-a55">
         <name>g_pfnRAMVectors</name>
         <value>0x20000000</value>
         <object_component_ref idref="oc-28a"/>
      </symbol>
      <symbol id="sm-a56">
         <name>IntMasterEnable</name>
         <value>0x5caf</value>
         <object_component_ref idref="oc-22f"/>
      </symbol>
      <symbol id="sm-a60">
         <name>CPUcpsie</name>
         <value>0x5ceb</value>
         <object_component_ref idref="oc-34f"/>
      </symbol>
      <symbol id="sm-a61">
         <name>__TI_static_base__</name>
         <value>0x0</value>
      </symbol>
      <symbol id="sm-a64">
         <name>__mpu_init</name>
         <value>0x0</value>
      </symbol>
      <symbol id="sm-a65">
         <name>_system_post_cinit</name>
         <value>0x0</value>
      </symbol>
   </symbol_table>
   <title>Link successful</title>
</link_info>
