******************************************************************************
                  TI ARM Linker PC v20.2.4                     
******************************************************************************
>> Linked Tue Jun 28 14:44:10 2022

OUTPUT FILE NAME:   <lab_6_7.out>
ENTRY POINT SYMBOL: "_c_int00_noargs"  address: 00006219


MEMORY CONFIGURATION

         name            origin    length      used     unused   attr    fill
----------------------  --------  ---------  --------  --------  ----  --------
  FLASH                 00000000   00040000  00006757  000398a9  R  X
  SRAM                  20000000   00008000  00001b81  0000647f  RW X


SEGMENT ALLOCATION MAP

run origin  load origin   length   init length attrs members
----------  ----------- ---------- ----------- ----- -------
00000000    00000000    00006760   00006760    r-x
  00000000    00000000    0000026c   0000026c    r-- .intvecs
  0000026c    0000026c    000061e0   000061e0    r-x .text
  00006450    00006450    000002a3   000002a3    r-- .const
  000066f8    000066f8    00000068   00000068    r-- .cinit
20000000    20000000    00001b84   00000000    rw-
  20000000    20000000    0000026c   00000000    rw- .vtable
  2000026c    2000026c    00000c71   00000000    rw- .bss
  20000ee0    20000ee0    00000800   00000000    rw- .stack
  200016e0    200016e0    00000400   00000000    rw- .sysmem
  20001ae0    20001ae0    000000a4   00000000    rw- .data


SECTION ALLOCATION MAP

 output                                  attributes/
section   page    origin      length       input sections
--------  ----  ----------  ----------   ----------------
.intvecs   0    00000000    0000026c     
                  00000000    0000026c     tm4c123gh6pm_startup_ccs.obj (.intvecs)

.text      0    0000026c    000061e0     
                  0000026c    00000c14     open_interface.obj (.text)
                  00000e80    00000a4e     rtsv7M4_T_le_v4SPD16_eabi.lib : _printfi.c.obj (.text:__TI_printfi)
                  000018ce    00000002                                   : _lock.c.obj (.text:_nop)
                  000018d0    000009c0                                   : e_pow.c.obj (.text:pow)
                  00002290    00000738                                   : k_rem_pio2.c.obj (.text:__kernel_rem_pio2)
                  000029c8    000006f0     Lab6_template_extra_help.obj (.text)
                  000030b8    000005dc     rtsv7M4_T_le_v4SPD16_eabi.lib : s_cos.c.obj (.text:cos)
                  00003694    00000328     lcd.obj (.text)
                  000039bc    000002b0     movement.obj (.text)
                  00003c6c    000002b0     ping.obj (.text)
                  00003f1c    00000270     rtsv7M4_T_le_v4SPD16_eabi.lib : _printfi.c.obj (.text:_pconv_a)
                  0000418c    00000248     Timer.obj (.text)
                  000043d4    00000218     uart_extra_help.obj (.text)
                  000045ec    000001d0     rtsv7M4_T_le_v4SPD16_eabi.lib : _printfi.c.obj (.text:_pconv_g)
                  000047bc    000001b6                                   : fd_add_t2.asm.obj (.text)
                  00004972    00000002                                   : div0.asm.obj (.text)
                  00004974    00000174                                   : k_sin.c.obj (.text:__kernel_sin)
                  00004ae8    0000016c                                   : k_cos.c.obj (.text:__kernel_cos)
                  00004c54    00000158                                   : e_sqrt.c.obj (.text:sqrt)
                  00004dac    0000013c                                   : _printfi.c.obj (.text:_pconv_e)
                  00004ee8    00000136                                   : fd_div_t2.asm.obj (.text)
                  0000501e    00000002     --HOLE-- [fill = 0]
                  00005020    00000134     servo.obj (.text)
                  00005154    00000124     rtsv7M4_T_le_v4SPD16_eabi.lib : _printfi.c.obj (.text:fcvt)
                  00005278    00000110                                   : s_scalbn.c.obj (.text:scalbn)
                  00005388    00000100                                   : memory.c.obj (.text:aligned_alloc)
                  00005488    00000100     button.obj (.text)
                  00005588    000000fc     adc.obj (.text)
                  00005684    000000fc     rtsv7M4_T_le_v4SPD16_eabi.lib : fd_mul_t2.asm.obj (.text)
                  00005780    000000f8                                   : s_floor.c.obj (.text:floor)
                  00005878    000000e4                                   : memory.c.obj (.text:free)
                  0000595c    000000b1                                   : _printfi.c.obj (.text:_ltostr)
                  00005a0d    00000001     --HOLE-- [fill = 0]
                  00005a0e    0000009c                                   : memcpy_t2.asm.obj (.text)
                  00005aaa    00000096                                   : ull_div_t2.asm.obj (.text)
                  00005b40    00000086                                   : fd_cmp_t2.asm.obj (.text:__aeabi_cdcmple)
                  00005bc6    00000086                                   : fd_cmp_t2.asm.obj (.text:__aeabi_cdrcmple)
                  00005c4c    0000007a                                   : memset_t2.asm.obj (.text)
                  00005cc6    00000002     --HOLE-- [fill = 0]
                  00005cc8    00000070                                   : memory.c.obj (.text:split)
                  00005d38    0000006e                                   : _printfi.c.obj (.text:_mcpy)
                  00005da6    0000006e                                   : fd_tos_t2.asm.obj (.text)
                  00005e14    00000068                                   : copy_decompress_lzss.c.obj (.text:decompress:lzss:__TI_decompress_lzss)
                  00005e7c    00000064                                   : s_frexp.c.obj (.text:frexp)
                  00005ee0    00000056                                   : _printfi.c.obj (.text:_pconv_f)
                  00005f36    00000054                                   : _ltoa.c.obj (.text:__TI_ltoa)
                  00005f8a    00000052                                   : _printfi.c.obj (.text:_ecpy)
                  00005fdc    0000004c                                   : atoi.c.obj (.text:atoi)
                  00006028    00000048                                   : fd_toi_t2.asm.obj (.text)
                  00006070    00000044                                   : autoinit.c.obj (.text:__TI_auto_init_nobinit_nopinit:__TI_auto_init_nobinit_nopinit)
                  000060b4    00000040                                   : sprintf.c.obj (.text:sprintf)
                  000060f4    00000040                                   : vsnprintf.c.obj (.text:vsnprintf)
                  00006134    0000003e                                   : _printfi.c.obj (.text:_fcpy)
                  00006172    00000002     --HOLE-- [fill = 0]
                  00006174    00000038                                   : memory.c.obj (.text:calloc)
                  000061ac    00000038                                   : fs_tod_t2.asm.obj (.text)
                  000061e4    00000034     driverlib.lib : interrupt.obj (.text:IntRegister)
                  00006218    00000034     rtsv7M4_T_le_v4SPD16_eabi.lib : boot_cortex_m.c.obj (.text:_c_int00_noargs:_c_int00_noargs)
                  0000624c    00000030                                   : vsnprintf.c.obj (.text:_outs)
                  0000627c    0000002e                                   : i_tofd_t2.asm.obj (.text)
                  000062aa    00000002     --HOLE-- [fill = 0]
                  000062ac    00000028                                   : memory.c.obj (.text:free_list_insert)
                  000062d4    0000001c                                   : memory.c.obj (.text:free_list_remove)
                  000062f0    0000001c                                   : memccpy.c.obj (.text:memccpy)
                  0000630c    0000001a                                   : s_copysign.c.obj (.text:copysign)
                  00006326    00000018                                   : vsnprintf.c.obj (.text:_outc)
                  0000633e    00000018                                   : sprintf.c.obj (.text:_outs)
                  00006356    00000018     open_interface.obj (.text:oi_parseInt)
                  0000636e    00000018     rtsv7M4_T_le_v4SPD16_eabi.lib : strcmp.c.obj (.text:strcmp)
                  00006386    00000016                                   : strchr.c.obj (.text:strchr)
                  0000639c    00000014                                   : strcpy.c.obj (.text:strcpy)
                  000063b0    00000014                                   : strlen.c.obj (.text:strlen)
                  000063c4    00000012                                   : wcslen.c.obj (.text:wcslen)
                  000063d6    00000010     driverlib.lib : interrupt.obj (.text:IntMasterEnable)
                  000063e6    00000010     lcd.obj (.text:lcd_clear)
                  000063f6    0000000e     rtsv7M4_T_le_v4SPD16_eabi.lib : copy_decompress_none.c.obj (.text:decompress:none:__TI_decompress_none)
                  00006404    0000000c     driverlib.lib : cpu.obj (.text:CPUcpsie)
                  00006410    0000000c     rtsv7M4_T_le_v4SPD16_eabi.lib : copy_zero_init.c.obj (.text:decompress:ZI:__TI_zero_init)
                  0000641c    0000000c     tm4c123gh6pm_startup_ccs.obj (.text)
                  00006428    0000000a     rtsv7M4_T_le_v4SPD16_eabi.lib : sprintf.c.obj (.text:_outc)
                  00006432    00000002     --HOLE-- [fill = 0]
                  00006434    00000008                                   : errno.c.obj (.text:__aeabi_errno_addr)
                  0000643c    00000008                                   : memory.c.obj (.text:malloc)
                  00006444    00000004                                   : pre_init.c.obj (.text:_system_pre_init)
                  00006448    00000004                                   : exit.c.obj (.text:abort:abort)

.const     0    00006450    000002a3     
                  00006450    00000158     rtsv7M4_T_le_v4SPD16_eabi.lib : k_rem_pio2.c.obj (.const:$O1$$)
                  000065a8    00000101                                   : ctype.c.obj (.const:.string:_ctypes_)
                  000066a9    00000004     lcd.obj (.const:.string:lineAddress$1)
                  000066ad    00000003     --HOLE-- [fill = 0]
                  000066b0    00000030     rtsv7M4_T_le_v4SPD16_eabi.lib : e_pow.c.obj (.const:$O1$$)
                  000066e0    0000000f     open_interface.obj (.const:.string:$P$T0$3)
                  000066ef    00000004     lcd.obj (.const:.string:lineAddresses$2)

.cinit     0    000066f8    00000068     
                  000066f8    0000002e     (.cinit..data.load) [load image, compression = lzss]
                  00006726    00000002     --HOLE-- [fill = 0]
                  00006728    0000000c     (__TI_handler_table)
                  00006734    00000004     --HOLE-- [fill = 0]
                  00006738    00000008     (.cinit..bss.load) [load image, compression = zero_init]
                  00006740    00000008     (.cinit..vtable.load) [load image, compression = zero_init]
                  00006748    00000018     (__TI_cinit_table)

.init_array 
*          0    00000000    00000000     UNINITIALIZED

.vtable    0    20000000    0000026c     UNINITIALIZED
                  20000000    0000026c     driverlib.lib : interrupt.obj (.vtable)

.bss       0    2000026c    00000c71     UNINITIALIZED
                  2000026c    000003e8     (.common:str)
                  20000654    000003e8     (.common:str1)
                  20000a3c    0000016c     (.common:data)
                  20000ba8    0000016c     (.common:dist)
                  20000d14    00000140     (.common:objects)
                  20000e54    00000054     lcd.obj (.bss:lastbuffer$3)
                  20000ea8    00000018     open_interface.obj (.bss:firmware$2)
                  20000ec0    00000004     (.common:_timeout_ticks)
                  20000ec4    00000004     (.common:c)
                  20000ec8    00000004     (.common:clockCyclePeriod)
                  20000ecc    00000004     (.common:i)
                  20000ed0    00000004     (.common:j)
                  20000ed4    00000004     (.common:left_calibration_value)
                  20000ed8    00000004     (.common:right_calibration_value)
                  20000edc    00000001     (.common:uart_data)

.stack     0    20000ee0    00000800     UNINITIALIZED
                  20000ee0    00000004     rtsv7M4_T_le_v4SPD16_eabi.lib : boot_cortex_m.c.obj (.stack)
                  20000ee4    000007fc     --HOLE--

.sysmem    0    200016e0    00000400     UNINITIALIZED
                  200016e0    00000010     rtsv7M4_T_le_v4SPD16_eabi.lib : memory.c.obj (.sysmem)
                  200016f0    000003f0     --HOLE--

.data      0    20001ae0    000000a4     UNINITIALIZED
                  20001ae0    00000048     Lab6_template_extra_help.obj (.data)
                  20001b28    00000020     open_interface.obj (.data)
                  20001b48    00000018     ping.obj (.data)
                  20001b60    00000009     button.obj (.data)
                  20001b69    00000001     Timer.obj (.data)
                  20001b6a    00000002     --HOLE--
                  20001b6c    00000008     rtsv7M4_T_le_v4SPD16_eabi.lib : _lock.c.obj (.data:$O1$$)
                  20001b74    00000008                                   : memory.c.obj (.data:$O1$$)
                  20001b7c    00000004                                   : errno.c.obj (.data)
                  20001b80    00000004     servo.obj (.data)

__llvm_prf_cnts 
*          0    20000000    00000000     UNINITIALIZED

MODULE SUMMARY

       Module                         code    ro data   rw data
       ------                         ----    -------   -------
    .\
       Lab6_template_extra_help.obj   1776    0         3141   
       open_interface.obj             3116    15        56     
       lcd.obj                        824     8         84     
       ping.obj                       688     0         28     
       movement.obj                   688     0         0      
       tm4c123gh6pm_startup_ccs.obj   12      620       0      
       Timer.obj                      584     0         5      
       uart_extra_help.obj            536     0         0      
       servo.obj                      308     0         4      
       button.obj                     256     0         9      
       adc.obj                        252     0         0      
    +--+------------------------------+-------+---------+---------+
       Total:                         9040    643       3327   
                                                               
    C:/ti/TivaWare_C_Series-2.1.4.178/driverlib/ccs/Debug/driverlib.lib
       interrupt.obj                  68      0         620    
       cpu.obj                        12      0         0      
    +--+------------------------------+-------+---------+---------+
       Total:                         80      0         620    
                                                               
    C:\ti\ccs1031\ccs\tools\compiler\ti-cgt-arm_20.2.4.LTS\lib\rtsv7M4_T_le_v4SPD16_eabi.lib
       _printfi.c.obj                 4851    0         0      
       e_pow.c.obj                    2496    48        0      
       k_rem_pio2.c.obj               1848    344       0      
       s_cos.c.obj                    1500    0         0      
       memory.c.obj                   728     0         8      
       fd_add_t2.asm.obj              438     0         0      
       k_sin.c.obj                    372     0         0      
       k_cos.c.obj                    364     0         0      
       e_sqrt.c.obj                   344     0         0      
       fd_div_t2.asm.obj              310     0         0      
       s_scalbn.c.obj                 272     0         0      
       fd_cmp_t2.asm.obj              268     0         0      
       ctype.c.obj                    0       257       0      
       fd_mul_t2.asm.obj              252     0         0      
       s_floor.c.obj                  248     0         0      
       memcpy_t2.asm.obj              156     0         0      
       ull_div_t2.asm.obj             150     0         0      
       vsnprintf.c.obj                136     0         0      
       memset_t2.asm.obj              122     0         0      
       fd_tos_t2.asm.obj              110     0         0      
       copy_decompress_lzss.c.obj     104     0         0      
       s_frexp.c.obj                  100     0         0      
       sprintf.c.obj                  98      0         0      
       _ltoa.c.obj                    84      0         0      
       atoi.c.obj                     76      0         0      
       fd_toi_t2.asm.obj              72      0         0      
       autoinit.c.obj                 68      0         0      
       fs_tod_t2.asm.obj              56      0         0      
       boot_cortex_m.c.obj            52      0         0      
       i_tofd_t2.asm.obj              46      0         0      
       memccpy.c.obj                  28      0         0      
       s_copysign.c.obj               26      0         0      
       strcmp.c.obj                   24      0         0      
       strchr.c.obj                   22      0         0      
       strcpy.c.obj                   20      0         0      
       strlen.c.obj                   20      0         0      
       wcslen.c.obj                   18      0         0      
       copy_decompress_none.c.obj     14      0         0      
       copy_zero_init.c.obj           12      0         0      
       errno.c.obj                    8       0         4      
       _lock.c.obj                    2       0         8      
       exit.c.obj                     4       0         0      
       pre_init.c.obj                 4       0         0      
       div0.asm.obj                   2       0         0      
    +--+------------------------------+-------+---------+---------+
       Total:                         15925   649       20     
                                                               
       Heap:                          0       0         1024   
       Stack:                         0       0         2048   
       Linker Generated:              0       98        0      
    +--+------------------------------+-------+---------+---------+
       Grand Total:                   25045   1390      7039   


LINKER GENERATED COPY TABLES

__TI_cinit_table @ 00006748 records: 3, size/record: 8, table size: 24
	.data: load addr=000066f8, load size=0000002e bytes, run addr=20001ae0, run size=000000a4 bytes, compression=lzss
	.bss: load addr=00006738, load size=00000008 bytes, run addr=2000026c, run size=00000c71 bytes, compression=zero_init
	.vtable: load addr=00006740, load size=00000008 bytes, run addr=20000000, run size=0000026c bytes, compression=zero_init


LINKER GENERATED HANDLER TABLE

__TI_handler_table @ 00006728 records: 3, size/record: 4, table size: 12
	index: 0, handler: __TI_zero_init
	index: 1, handler: __TI_decompress_lzss
	index: 2, handler: __TI_decompress_none


GLOBAL SYMBOLS: SORTED ALPHABETICALLY BY Name 

address   name                          
-------   ----                          
00006449  C$$EXIT                       
00006405  CPUcpsie                      
00000bb5  GPIOF_Handler                 
00003afd  GradualturnLeft               
00003a99  GradualturnRight              
20001ae0  IR_dist                       
000063d7  IntMasterEnable               
000061e5  IntRegister                   
0000641d  ResetISR                      
200016e0  __STACK_END                   
00000800  __STACK_SIZE                  
200010e0  __STACK_TOP                   
00000400  __SYSMEM_SIZE                 
00006748  __TI_CINIT_Base               
00006760  __TI_CINIT_Limit              
00006728  __TI_Handler_Table_Base       
00006734  __TI_Handler_Table_Limit      
00006071  __TI_auto_init_nobinit_nopinit
00005e15  __TI_decompress_lzss          
000063f7  __TI_decompress_none          
00005f37  __TI_ltoa                     
ffffffff  __TI_pprof_out_hndl           
00000e81  __TI_printfi                  
ffffffff  __TI_prof_data_size           
ffffffff  __TI_prof_data_start          
00000000  __TI_static_base__            
00006411  __TI_zero_init                
00005b41  __aeabi_cdcmpeq               
00005b41  __aeabi_cdcmple               
00005bc7  __aeabi_cdrcmple              
00005da7  __aeabi_d2f                   
00006029  __aeabi_d2iz                  
000047c7  __aeabi_dadd                  
00004ee9  __aeabi_ddiv                  
00005685  __aeabi_dmul                  
000047bd  __aeabi_dsub                  
00006435  __aeabi_errno_addr            
000061ad  __aeabi_f2d                   
0000627d  __aeabi_i2d                   
00004973  __aeabi_idiv0                 
00004973  __aeabi_ldiv0                 
00005c4d  __aeabi_memclr                
00005c4d  __aeabi_memclr4               
00005c4d  __aeabi_memclr8               
00005a0f  __aeabi_memcpy                
00005a0f  __aeabi_memcpy4               
00005a0f  __aeabi_memcpy8               
00005c4f  __aeabi_memset                
00005c4f  __aeabi_memset4               
00005c4f  __aeabi_memset8               
00005aab  __aeabi_uldivmod              
ffffffff  __binit__                     
ffffffff  __c_args__                    
00004ae9  __kernel_cos                  
00002291  __kernel_rem_pio2             
00004975  __kernel_sin                  
UNDEFED   __mpu_init                    
20000ee0  __stack                       
20000000  __start___llvm_prf_cnts       
20000000  __stop___llvm_prf_cnts        
00006219  _c_int00_noargs               
000065a8  _ctypes_                      
20001b6c  _lock                         
000018cf  _nop                          
20001b69  _running                      
200016e0  _sys_memory                   
UNDEFED   _system_post_cinit            
00006445  _system_pre_init              
20000ec0  _timeout_ticks                
20001b70  _unlock                       
00006449  abort                         
00005589  adc_init                      
0000560d  adc_read                      
00005389  aligned_alloc                 
00005fdd  atoi                          
ffffffff  binit                         
20001b24  button                        
20001b60  button_event                  
0000551f  button_getButton              
00005489  button_init                   
20001b64  button_num                    
20000ec4  c                             
00006175  calloc                        
20001b1c  ch                            
20001b50  clockCycleCount               
20000ec8  clockCyclePeriod              
00003c3d  collision_detection           
0000630d  copysign                      
0000630d  copysignl                     
000030b9  cos                           
000030b9  cosl                          
20001b20  count                         
20001aec  currentRadialSize             
20000a3c  data                          
000029c9  detect                        
20000ba8  dist                          
20001b54  edge                          
20001ae8  endIndex                      
20001b4c  endPeriod                     
20001b7c  errno                         
00005781  floor                         
00005781  floorl                        
20001b0c  found                         
00005879  free                          
00005e7d  frexp                         
00005e7d  frexpl                        
20000000  g_pfnRAMVectors               
00000000  g_pfnVectors                  
00005507  gpioe_handler                 
20000ecc  i                             
20001b08  index                         
000054c3  init_button_interrupts        
20001b58  interrupt_control             
20000ed0  j                             
000063e7  lcd_clear                     
00003869  lcd_gotoLine                  
000036d1  lcd_init                      
000038cf  lcd_printf                    
00003791  lcd_putc                      
000037c9  lcd_puts                      
00003695  lcd_reverseNibble             
000037e7  lcd_sendCommand               
00003825  lcd_sendNibble                
00003891  lcd_setCursorPos              
00005279  ldexp                         
00005279  ldexpl                        
20000ed4  left_calibration_value        
00002f29  main                          
0000643d  malloc                        
20001b18  measure                       
00005389  memalign                      
000062f1  memccpy                       
00005a0f  memcpy                        
00005c55  memset                        
20001b04  minIndex                      
20001b00  minSize                       
20001b28  motor_cal_factor_L            
20001b2c  motor_cal_factor_R            
00003a21  moveBackward                  
000039bd  moveForward                   
20001b10  notFound                      
20000d14  objects                       
0000026d  oi_alloc                      
00000a9b  oi_checkFirmware              
000002c7  oi_close                      
00000279  oi_free                       
00000de1  oi_getMotorCalibrationLeft    
00000df5  oi_getMotorCalibrationRight   
000002b1  oi_init                       
00000289  oi_init_noupdate              
00000915  oi_loadSong                   
00006357  oi_parseInt                   
0000032b  oi_parsePacket                
0000096b  oi_play_song                  
0000084b  oi_setLeds                    
00000da5  oi_setMotorCalibration        
0000088f  oi_setWheels                  
00000b43  oi_shutoff_init               
0000097f  oi_uartInit                   
00000a23  oi_uartReceive                
00000a69  oi_uartSendBuff               
00000a07  oi_uartSendChar               
00000a4b  oi_uartSendStr                
000002d9  oi_update                     
20001af8  otherAngle                    
20001b5c  overflow                      
20001b80  period                        
00003d51  ping_activate                 
00003c6d  ping_initialize               
00003e05  ping_read                     
000018d1  pow                           
000018d1  powl                          
20001af0  radialAngle                   
20000ed8  right_calibration_value       
00005279  scalbn                        
00005279  scalbnl                       
00005111  servo_calibrate               
00005021  servo_init                    
000050c5  servo_move                    
000060b5  sprintf                       
00004c55  sqrt                          
00004c55  sqrtl                         
20001ae4  startIndex                    
20001b48  startPeriod                   
2000026c  str                           
20000654  str1                          
00006387  strchr                        
0000636f  strcmp                        
0000639d  strcpy                        
000063b1  strlen                        
20001b1d  swap                          
000042ab  timer_getMicros               
00004253  timer_getMillis               
00003dc9  timer_handler                 
0000418d  timer_init                    
0000422f  timer_pause                   
00004241  timer_resume                  
00004205  timer_stop                    
00004305  timer_waitMicros              
00004337  timer_waitMillis              
20001b14  total                         
00003bd7  turnLeft                      
00003b61  turnRight                     
20000edc  uart_data                     
000043d5  uart_init                     
0000451f  uart_interrupt_handler        
000044ff  uart_interrupt_init           
000044af  uart_receive                  
00004493  uart_sendChar                 
000044d5  uart_sendStr                  
000060f5  vsnprintf                     
000063c5  wcslen                        


GLOBAL SYMBOLS: SORTED BY Symbol Address 

address   name                          
-------   ----                          
00000000  __TI_static_base__            
00000000  g_pfnVectors                  
0000026d  oi_alloc                      
00000279  oi_free                       
00000289  oi_init_noupdate              
000002b1  oi_init                       
000002c7  oi_close                      
000002d9  oi_update                     
0000032b  oi_parsePacket                
00000400  __SYSMEM_SIZE                 
00000800  __STACK_SIZE                  
0000084b  oi_setLeds                    
0000088f  oi_setWheels                  
00000915  oi_loadSong                   
0000096b  oi_play_song                  
0000097f  oi_uartInit                   
00000a07  oi_uartSendChar               
00000a23  oi_uartReceive                
00000a4b  oi_uartSendStr                
00000a69  oi_uartSendBuff               
00000a9b  oi_checkFirmware              
00000b43  oi_shutoff_init               
00000bb5  GPIOF_Handler                 
00000da5  oi_setMotorCalibration        
00000de1  oi_getMotorCalibrationLeft    
00000df5  oi_getMotorCalibrationRight   
00000e81  __TI_printfi                  
000018cf  _nop                          
000018d1  pow                           
000018d1  powl                          
00002291  __kernel_rem_pio2             
000029c9  detect                        
00002f29  main                          
000030b9  cos                           
000030b9  cosl                          
00003695  lcd_reverseNibble             
000036d1  lcd_init                      
00003791  lcd_putc                      
000037c9  lcd_puts                      
000037e7  lcd_sendCommand               
00003825  lcd_sendNibble                
00003869  lcd_gotoLine                  
00003891  lcd_setCursorPos              
000038cf  lcd_printf                    
000039bd  moveForward                   
00003a21  moveBackward                  
00003a99  GradualturnRight              
00003afd  GradualturnLeft               
00003b61  turnRight                     
00003bd7  turnLeft                      
00003c3d  collision_detection           
00003c6d  ping_initialize               
00003d51  ping_activate                 
00003dc9  timer_handler                 
00003e05  ping_read                     
0000418d  timer_init                    
00004205  timer_stop                    
0000422f  timer_pause                   
00004241  timer_resume                  
00004253  timer_getMillis               
000042ab  timer_getMicros               
00004305  timer_waitMicros              
00004337  timer_waitMillis              
000043d5  uart_init                     
00004493  uart_sendChar                 
000044af  uart_receive                  
000044d5  uart_sendStr                  
000044ff  uart_interrupt_init           
0000451f  uart_interrupt_handler        
000047bd  __aeabi_dsub                  
000047c7  __aeabi_dadd                  
00004973  __aeabi_idiv0                 
00004973  __aeabi_ldiv0                 
00004975  __kernel_sin                  
00004ae9  __kernel_cos                  
00004c55  sqrt                          
00004c55  sqrtl                         
00004ee9  __aeabi_ddiv                  
00005021  servo_init                    
000050c5  servo_move                    
00005111  servo_calibrate               
00005279  ldexp                         
00005279  ldexpl                        
00005279  scalbn                        
00005279  scalbnl                       
00005389  aligned_alloc                 
00005389  memalign                      
00005489  button_init                   
000054c3  init_button_interrupts        
00005507  gpioe_handler                 
0000551f  button_getButton              
00005589  adc_init                      
0000560d  adc_read                      
00005685  __aeabi_dmul                  
00005781  floor                         
00005781  floorl                        
00005879  free                          
00005a0f  __aeabi_memcpy                
00005a0f  __aeabi_memcpy4               
00005a0f  __aeabi_memcpy8               
00005a0f  memcpy                        
00005aab  __aeabi_uldivmod              
00005b41  __aeabi_cdcmpeq               
00005b41  __aeabi_cdcmple               
00005bc7  __aeabi_cdrcmple              
00005c4d  __aeabi_memclr                
00005c4d  __aeabi_memclr4               
00005c4d  __aeabi_memclr8               
00005c4f  __aeabi_memset                
00005c4f  __aeabi_memset4               
00005c4f  __aeabi_memset8               
00005c55  memset                        
00005da7  __aeabi_d2f                   
00005e15  __TI_decompress_lzss          
00005e7d  frexp                         
00005e7d  frexpl                        
00005f37  __TI_ltoa                     
00005fdd  atoi                          
00006029  __aeabi_d2iz                  
00006071  __TI_auto_init_nobinit_nopinit
000060b5  sprintf                       
000060f5  vsnprintf                     
00006175  calloc                        
000061ad  __aeabi_f2d                   
000061e5  IntRegister                   
00006219  _c_int00_noargs               
0000627d  __aeabi_i2d                   
000062f1  memccpy                       
0000630d  copysign                      
0000630d  copysignl                     
00006357  oi_parseInt                   
0000636f  strcmp                        
00006387  strchr                        
0000639d  strcpy                        
000063b1  strlen                        
000063c5  wcslen                        
000063d7  IntMasterEnable               
000063e7  lcd_clear                     
000063f7  __TI_decompress_none          
00006405  CPUcpsie                      
00006411  __TI_zero_init                
0000641d  ResetISR                      
00006435  __aeabi_errno_addr            
0000643d  malloc                        
00006445  _system_pre_init              
00006449  C$$EXIT                       
00006449  abort                         
000065a8  _ctypes_                      
00006728  __TI_Handler_Table_Base       
00006734  __TI_Handler_Table_Limit      
00006748  __TI_CINIT_Base               
00006760  __TI_CINIT_Limit              
20000000  __start___llvm_prf_cnts       
20000000  __stop___llvm_prf_cnts        
20000000  g_pfnRAMVectors               
2000026c  str                           
20000654  str1                          
20000a3c  data                          
20000ba8  dist                          
20000d14  objects                       
20000ec0  _timeout_ticks                
20000ec4  c                             
20000ec8  clockCyclePeriod              
20000ecc  i                             
20000ed0  j                             
20000ed4  left_calibration_value        
20000ed8  right_calibration_value       
20000edc  uart_data                     
20000ee0  __stack                       
200010e0  __STACK_TOP                   
200016e0  __STACK_END                   
200016e0  _sys_memory                   
20001ae0  IR_dist                       
20001ae4  startIndex                    
20001ae8  endIndex                      
20001aec  currentRadialSize             
20001af0  radialAngle                   
20001af8  otherAngle                    
20001b00  minSize                       
20001b04  minIndex                      
20001b08  index                         
20001b0c  found                         
20001b10  notFound                      
20001b14  total                         
20001b18  measure                       
20001b1c  ch                            
20001b1d  swap                          
20001b20  count                         
20001b24  button                        
20001b28  motor_cal_factor_L            
20001b2c  motor_cal_factor_R            
20001b48  startPeriod                   
20001b4c  endPeriod                     
20001b50  clockCycleCount               
20001b54  edge                          
20001b58  interrupt_control             
20001b5c  overflow                      
20001b60  button_event                  
20001b64  button_num                    
20001b69  _running                      
20001b6c  _lock                         
20001b70  _unlock                       
20001b7c  errno                         
20001b80  period                        
ffffffff  __TI_pprof_out_hndl           
ffffffff  __TI_prof_data_size           
ffffffff  __TI_prof_data_start          
ffffffff  __binit__                     
ffffffff  __c_args__                    
ffffffff  binit                         
UNDEFED   __mpu_init                    
UNDEFED   _system_post_cinit            

[212 symbols]
