******************************************************************************
                  TI ARM Linker PC v20.2.4                     
******************************************************************************
>> Linked Fri Jun 10 13:06:52 2022

OUTPUT FILE NAME:   <lab_6.out>
ENTRY POINT SYMBOL: "_c_int00_noargs"  address: 00005a99


MEMORY CONFIGURATION

         name            origin    length      used     unused   attr    fill
----------------------  --------  ---------  --------  --------  ----  --------
  FLASH                 00000000   00040000  00006000  0003a000  R  X
  SRAM                  20000000   00008000  000018ab  00006755  RW X


SEGMENT ALLOCATION MAP

run origin  load origin   length   init length attrs members
----------  ----------- ---------- ----------- ----- -------
00000000    00000000    00006000   00006000    r-x
  00000000    00000000    0000026c   0000026c    r-- .intvecs
  0000026c    0000026c    00005ac4   00005ac4    r-x .text
  00005d30    00005d30    00000270   00000270    r-- .const
  00005fa0    00005fa0    00000060   00000060    r-- .cinit
20000000    20000000    000018b1   00000000    rw-
  20000000    20000000    0000026c   00000000    rw- .vtable
  2000026c    2000026c    000009be   00000000    rw- .bss
  20000c30    20000c30    00000800   00000000    rw- .stack
  20001430    20001430    00000400   00000000    rw- .sysmem
  20001830    20001830    00000081   00000000    rw- .data


SECTION ALLOCATION MAP

 output                                  attributes/
section   page    origin      length       input sections
--------  ----  ----------  ----------   ----------------
.intvecs   0    00000000    0000026c     
                  00000000    0000026c     tm4c123gh6pm_startup_ccs.obj (.intvecs)

.text      0    0000026c    00005ac4     
                  0000026c    00000c20     open_interface.obj (.text)
                  00000e8c    00000a4e     rtsv7M4_T_le_v4SPD16_eabi.lib : _printfi.c.obj (.text:__TI_printfi)
                  000018da    00000002                                   : _lock.c.obj (.text:_nop)
                  000018dc    00000738                                   : k_rem_pio2.c.obj (.text:__kernel_rem_pio2)
                  00002014    00000668     Lab6_template_extra_help.obj (.text)
                  0000267c    000005dc     rtsv7M4_T_le_v4SPD16_eabi.lib : s_cos.c.obj (.text:cos)
                  00002c58    000003dc     movement.obj (.text)
                  00003034    00000328     lcd.obj (.text)
                  0000335c    00000270     rtsv7M4_T_le_v4SPD16_eabi.lib : _printfi.c.obj (.text:_pconv_a)
                  000035cc    00000260     libcybotScan.lib : cyBot_Scan.obj (.text)
                  0000382c    00000248     Timer.obj (.text)
                  00003a74    00000218     uart_extra_help.obj (.text)
                  00003c8c    000001ec     libcybotScan.lib : ping.obj (.text)
                  00003e78    000001d0     rtsv7M4_T_le_v4SPD16_eabi.lib : _printfi.c.obj (.text:_pconv_g)
                  00004048    000001b6                                   : fd_add_t2.asm.obj (.text)
                  000041fe    00000002                                   : div0.asm.obj (.text)
                  00004200    00000174                                   : k_sin.c.obj (.text:__kernel_sin)
                  00004374    0000016c                                   : k_cos.c.obj (.text:__kernel_cos)
                  000044e0    00000158     libcybotScan.lib : servo.obj (.text)
                  00004638    00000158     rtsv7M4_T_le_v4SPD16_eabi.lib : e_sqrt.c.obj (.text:sqrt)
                  00004790    0000013c                                   : _printfi.c.obj (.text:_pconv_e)
                  000048cc    00000136                                   : fd_div_t2.asm.obj (.text)
                  00004a02    00000002     --HOLE-- [fill = 0]
                  00004a04    00000124                                   : _printfi.c.obj (.text:fcvt)
                  00004b28    00000118     libcybotScan.lib : ir.obj (.text)
                  00004c40    00000110     rtsv7M4_T_le_v4SPD16_eabi.lib : s_scalbn.c.obj (.text:scalbn)
                  00004d50    00000100                                   : memory.c.obj (.text:aligned_alloc)
                  00004e50    000000fc                                   : fd_mul_t2.asm.obj (.text)
                  00004f4c    000000f8                                   : s_floor.c.obj (.text:floor)
                  00005044    000000e4                                   : memory.c.obj (.text:free)
                  00005128    000000b1                                   : _printfi.c.obj (.text:_ltostr)
                  000051d9    00000001     --HOLE-- [fill = 0]
                  000051da    0000009c                                   : memcpy_t2.asm.obj (.text)
                  00005276    00000096                                   : ull_div_t2.asm.obj (.text)
                  0000530c    00000086                                   : fd_cmp_t2.asm.obj (.text:__aeabi_cdcmple)
                  00005392    00000086                                   : fd_cmp_t2.asm.obj (.text:__aeabi_cdrcmple)
                  00005418    0000007a                                   : memset_t2.asm.obj (.text)
                  00005492    00000002     --HOLE-- [fill = 0]
                  00005494    00000070                                   : memory.c.obj (.text:split)
                  00005504    0000006e                                   : _printfi.c.obj (.text:_mcpy)
                  00005572    0000006e                                   : fd_tos_t2.asm.obj (.text)
                  000055e0    00000068                                   : copy_decompress_lzss.c.obj (.text:decompress:lzss:__TI_decompress_lzss)
                  00005648    00000064                                   : s_frexp.c.obj (.text:frexp)
                  000056ac    00000056                                   : _printfi.c.obj (.text:_pconv_f)
                  00005702    00000054                                   : _ltoa.c.obj (.text:__TI_ltoa)
                  00005756    00000052                                   : _printfi.c.obj (.text:_ecpy)
                  000057a8    0000004c                                   : atoi.c.obj (.text:atoi)
                  000057f4    00000048                                   : hosttime.c.obj (.text:HOSTtime)
                  0000583c    00000048                                   : fd_toi_t2.asm.obj (.text)
                  00005884    00000044                                   : autoinit.c.obj (.text:__TI_auto_init_nobinit_nopinit:__TI_auto_init_nobinit_nopinit)
                  000058c8    00000040                                   : sprintf.c.obj (.text:sprintf)
                  00005908    00000040                                   : vsnprintf.c.obj (.text:vsnprintf)
                  00005948    0000003e                                   : _printfi.c.obj (.text:_fcpy)
                  00005986    00000002     --HOLE-- [fill = 0]
                  00005988    00000038                                   : trgmsg.c.obj (.text:__TI_writemsg)
                  000059c0    00000038                                   : memory.c.obj (.text:calloc)
                  000059f8    00000038                                   : fs_tod_t2.asm.obj (.text)
                  00005a30    00000034     driverlib.lib : interrupt.obj (.text:IntRegister)
                  00005a64    00000034     rtsv7M4_T_le_v4SPD16_eabi.lib : trgmsg.c.obj (.text:__TI_readmsg)
                  00005a98    00000034                                   : boot_cortex_m.c.obj (.text:_c_int00_noargs:_c_int00_noargs)
                  00005acc    00000034                                   : rand.c.obj (.text:rand)
                  00005b00    00000030                                   : vsnprintf.c.obj (.text:_outs)
                  00005b30    0000002e                                   : i_tofd_t2.asm.obj (.text)
                  00005b5e    00000002     --HOLE-- [fill = 0]
                  00005b60    00000028                                   : memory.c.obj (.text:free_list_insert)
                  00005b88    00000024                                   : rand.c.obj (.text:srand)
                  00005bac    0000001c                                   : memory.c.obj (.text:free_list_remove)
                  00005bc8    0000001c                                   : memccpy.c.obj (.text:memccpy)
                  00005be4    0000001a                                   : s_copysign.c.obj (.text:copysign)
                  00005bfe    00000018                                   : vsnprintf.c.obj (.text:_outc)
                  00005c16    00000018                                   : sprintf.c.obj (.text:_outs)
                  00005c2e    00000018     open_interface.obj (.text:oi_parseInt)
                  00005c46    00000018     rtsv7M4_T_le_v4SPD16_eabi.lib : strcmp.c.obj (.text:strcmp)
                  00005c5e    00000016                                   : strchr.c.obj (.text:strchr)
                  00005c74    00000014                                   : strcpy.c.obj (.text:strcpy)
                  00005c88    00000014                                   : strlen.c.obj (.text:strlen)
                  00005c9c    00000012                                   : wcslen.c.obj (.text:wcslen)
                  00005cae    00000010     driverlib.lib : interrupt.obj (.text:IntMasterEnable)
                  00005cbe    00000010     lcd.obj (.text:lcd_clear)
                  00005cce    0000000e     rtsv7M4_T_le_v4SPD16_eabi.lib : time.c.obj (.text:__time32)
                  00005cdc    0000000e                                   : copy_decompress_none.c.obj (.text:decompress:none:__TI_decompress_none)
                  00005cea    0000000c     driverlib.lib : cpu.obj (.text:CPUcpsie)
                  00005cf6    0000000c     rtsv7M4_T_le_v4SPD16_eabi.lib : copy_zero_init.c.obj (.text:decompress:ZI:__TI_zero_init)
                  00005d02    0000000c     tm4c123gh6pm_startup_ccs.obj (.text)
                  00005d0e    0000000a     rtsv7M4_T_le_v4SPD16_eabi.lib : sprintf.c.obj (.text:_outc)
                  00005d18    00000008                                   : errno.c.obj (.text:__aeabi_errno_addr)
                  00005d20    00000008                                   : memory.c.obj (.text:malloc)
                  00005d28    00000004                                   : pre_init.c.obj (.text:_system_pre_init)
                  00005d2c    00000004                                   : exit.c.obj (.text:abort:abort)

.const     0    00005d30    00000270     
                  00005d30    00000158     rtsv7M4_T_le_v4SPD16_eabi.lib : k_rem_pio2.c.obj (.const:$O1$$)
                  00005e88    00000101                                   : ctype.c.obj (.const:.string:_ctypes_)
                  00005f89    0000000f     open_interface.obj (.const:.string:$P$T0$3)
                  00005f98    00000004     lcd.obj (.const:.string:lineAddress$1)
                  00005f9c    00000004     lcd.obj (.const:.string:lineAddresses$2)

.cinit     0    00005fa0    00000060     
                  00005fa0    0000002a     (.cinit..data.load) [load image, compression = lzss]
                  00005fca    00000002     --HOLE-- [fill = 0]
                  00005fcc    0000000c     (__TI_handler_table)
                  00005fd8    00000008     (.cinit..bss.load) [load image, compression = zero_init]
                  00005fe0    00000008     (.cinit..vtable.load) [load image, compression = zero_init]
                  00005fe8    00000018     (__TI_cinit_table)

.init_array 
*          0    00000000    00000000     UNINITIALIZED

.vtable    0    20000000    0000026c     UNINITIALIZED
                  20000000    0000026c     driverlib.lib : interrupt.obj (.vtable)

.bss       0    2000026c    000009be     UNINITIALIZED
                  2000026c    000003e8     (.common:str)
                  20000654    0000016c     (.common:data)
                  200007c0    0000016c     (.common:dist)
                  2000092c    00000140     (.common:objects)
                  20000a6c    00000120     rtsv7M4_T_le_v4SPD16_eabi.lib : trgmsg.c.obj (.bss:_CIOBUF_)
                  20000b8c    00000054     lcd.obj (.bss:lastbuffer$3)
                  20000be0    00000018     open_interface.obj (.bss:firmware$2)
                  20000bf8    00000008     (.common:parmbuf)
                  20000c00    00000004     (.common:_timeout_ticks)
                  20000c04    00000004     (.common:c)
                  20000c08    00000004     (.common:fallingEdge)
                  20000c0c    00000004     (.common:i)
                  20000c10    00000004     (.common:isr_int_value)
                  20000c14    00000004     (.common:j)
                  20000c18    00000004     (.common:left_calibration_value)
                  20000c1c    00000004     (.common:pulseLength)
                  20000c20    00000004     (.common:right_calibration_value)
                  20000c24    00000004     (.common:risingEdge)
                  20000c28    00000001     (.common:isRisingEdge)
                  20000c29    00000001     (.common:uart_data)

.stack     0    20000c30    00000800     UNINITIALIZED
                  20000c30    00000004     rtsv7M4_T_le_v4SPD16_eabi.lib : boot_cortex_m.c.obj (.stack)
                  20000c34    000007fc     --HOLE--

.sysmem    0    20001430    00000400     UNINITIALIZED
                  20001430    00000010     rtsv7M4_T_le_v4SPD16_eabi.lib : memory.c.obj (.sysmem)
                  20001440    000003f0     --HOLE--

.data      0    20001830    00000081     UNINITIALIZED
                  20001830    00000044     Lab6_template_extra_help.obj (.data)
                  20001874    00000020     open_interface.obj (.data)
                  20001894    00000008     rtsv7M4_T_le_v4SPD16_eabi.lib : _lock.c.obj (.data:$O1$$)
                  2000189c    00000008                                   : memory.c.obj (.data:$O1$$)
                  200018a4    00000004     libcybotScan.lib : cyBot_Scan.obj (.data)
                  200018a8    00000004     rtsv7M4_T_le_v4SPD16_eabi.lib : errno.c.obj (.data)
                  200018ac    00000004                                   : rand.c.obj (.data)
                  200018b0    00000001     Timer.obj (.data)

__llvm_prf_cnts 
*          0    20000000    00000000     UNINITIALIZED

MODULE SUMMARY

       Module                         code    ro data   rw data
       ------                         ----    -------   -------
    .\
       Lab6_template_extra_help.obj   1640    0         2137   
       open_interface.obj             3128    15        56     
       movement.obj                   988     0         0      
       lcd.obj                        824     8         84     
       tm4c123gh6pm_startup_ccs.obj   12      620       0      
       Timer.obj                      584     0         5      
       uart_extra_help.obj            536     0         0      
    +--+------------------------------+-------+---------+---------+
       Total:                         7712    643       2282   
                                                               
    ../libcybotScan.lib
       cyBot_Scan.obj                 608     0         4      
       ping.obj                       492     0         13     
       servo.obj                      344     0         0      
       ir.obj                         280     0         4      
    +--+------------------------------+-------+---------+---------+
       Total:                         1724    0         21     
                                                               
    C:/ti/TivaWare_C_Series-2.1.4.178/driverlib/ccs/Debug/driverlib.lib
       interrupt.obj                  68      0         620    
       cpu.obj                        12      0         0      
    +--+------------------------------+-------+---------+---------+
       Total:                         80      0         620    
                                                               
    C:\ti\ccs1031\ccs\tools\compiler\ti-cgt-arm_20.2.4.LTS\lib\rtsv7M4_T_le_v4SPD16_eabi.lib
       _printfi.c.obj                 4851    0         0      
       k_rem_pio2.c.obj               1848    344       0      
       s_cos.c.obj                    1500    0         0      
       memory.c.obj                   728     0         8      
       fd_add_t2.asm.obj              438     0         0      
       trgmsg.c.obj                   108     0         288    
       k_sin.c.obj                    372     0         0      
       k_cos.c.obj                    364     0         0      
       e_sqrt.c.obj                   344     0         0      
       fd_div_t2.asm.obj              310     0         0      
       s_scalbn.c.obj                 272     0         0      
       fd_cmp_t2.asm.obj              268     0         0      
       ctype.c.obj                    0       257       0      
       fd_mul_t2.asm.obj              252     0         0      
       s_floor.c.obj                  248     0         0      
       memcpy_t2.asm.obj              156     0         0      
       ull_div_t2.asm.obj             150     0         0      
       vsnprintf.c.obj                136     0         0      
       memset_t2.asm.obj              122     0         0      
       fd_tos_t2.asm.obj              110     0         0      
       copy_decompress_lzss.c.obj     104     0         0      
       s_frexp.c.obj                  100     0         0      
       sprintf.c.obj                  98      0         0      
       rand.c.obj                     88      0         4      
       _ltoa.c.obj                    84      0         0      
       atoi.c.obj                     76      0         0      
       fd_toi_t2.asm.obj              72      0         0      
       hosttime.c.obj                 72      0         0      
       autoinit.c.obj                 68      0         0      
       fs_tod_t2.asm.obj              56      0         0      
       boot_cortex_m.c.obj            52      0         0      
       i_tofd_t2.asm.obj              46      0         0      
       memccpy.c.obj                  28      0         0      
       s_copysign.c.obj               26      0         0      
       strcmp.c.obj                   24      0         0      
       strchr.c.obj                   22      0         0      
       strcpy.c.obj                   20      0         0      
       strlen.c.obj                   20      0         0      
       wcslen.c.obj                   18      0         0      
       copy_decompress_none.c.obj     14      0         0      
       time.c.obj                     14      0         0      
       copy_zero_init.c.obj           12      0         0      
       errno.c.obj                    8       0         4      
       _lock.c.obj                    2       0         8      
       hostopen.c.obj                 0       0         8      
       exit.c.obj                     4       0         0      
       pre_init.c.obj                 4       0         0      
       div0.asm.obj                   2       0         0      
    +--+------------------------------+-------+---------+---------+
       Total:                         13711   601       320    
                                                               
       Heap:                          0       0         1024   
       Stack:                         0       0         2048   
       Linker Generated:              0       94        0      
    +--+------------------------------+-------+---------+---------+
       Grand Total:                   23227   1338      6315   


LINKER GENERATED COPY TABLES

__TI_cinit_table @ 00005fe8 records: 3, size/record: 8, table size: 24
	.data: load addr=00005fa0, load size=0000002a bytes, run addr=20001830, run size=00000081 bytes, compression=lzss
	.bss: load addr=00005fd8, load size=00000008 bytes, run addr=2000026c, run size=000009be bytes, compression=zero_init
	.vtable: load addr=00005fe0, load size=00000008 bytes, run addr=20000000, run size=0000026c bytes, compression=zero_init


LINKER GENERATED HANDLER TABLE

__TI_handler_table @ 00005fcc records: 3, size/record: 4, table size: 12
	index: 0, handler: __TI_zero_init
	index: 1, handler: __TI_decompress_lzss
	index: 2, handler: __TI_decompress_none


GLOBAL SYMBOLS: SORTED ALPHABETICALLY BY Name 

address   name                          
-------   ----                          
00004bc1  ADC0SS0_Handler               
00005d2d  C$$EXIT                       
000059b7  C$$IO$$                       
00005ceb  CPUcpsie                      
00000bc3  GPIOF_Handler                 
000057f5  HOSTtime                      
20001830  IR_dist                       
00005caf  IntMasterEnable               
00005a31  IntRegister                   
00005d03  ResetISR                      
00003d7d  TIMER3B_Handler               
20000a6c  __CIOBUF_                     
20001430  __STACK_END                   
00000800  __STACK_SIZE                  
20000e30  __STACK_TOP                   
00000400  __SYSMEM_SIZE                 
00005fe8  __TI_CINIT_Base               
00006000  __TI_CINIT_Limit              
00005fcc  __TI_Handler_Table_Base       
00005fd8  __TI_Handler_Table_Limit      
00005885  __TI_auto_init_nobinit_nopinit
000055e1  __TI_decompress_lzss          
00005cdd  __TI_decompress_none          
00005703  __TI_ltoa                     
ffffffff  __TI_pprof_out_hndl           
00000e8d  __TI_printfi                  
ffffffff  __TI_prof_data_size           
ffffffff  __TI_prof_data_start          
00005a65  __TI_readmsg                  
00000000  __TI_static_base__            
00005989  __TI_writemsg                 
00005cf7  __TI_zero_init                
0000530d  __aeabi_cdcmpeq               
0000530d  __aeabi_cdcmple               
00005393  __aeabi_cdrcmple              
00005573  __aeabi_d2f                   
0000583d  __aeabi_d2iz                  
00004053  __aeabi_dadd                  
000048cd  __aeabi_ddiv                  
00004e51  __aeabi_dmul                  
00004049  __aeabi_dsub                  
00005d19  __aeabi_errno_addr            
000059f9  __aeabi_f2d                   
00005b31  __aeabi_i2d                   
000041ff  __aeabi_idiv0                 
000041ff  __aeabi_ldiv0                 
00005419  __aeabi_memclr                
00005419  __aeabi_memclr4               
00005419  __aeabi_memclr8               
000051db  __aeabi_memcpy                
000051db  __aeabi_memcpy4               
000051db  __aeabi_memcpy8               
0000541b  __aeabi_memset                
0000541b  __aeabi_memset4               
0000541b  __aeabi_memset8               
00005277  __aeabi_uldivmod              
ffffffff  __binit__                     
ffffffff  __c_args__                    
00004375  __kernel_cos                  
000018dd  __kernel_rem_pio2             
00004201  __kernel_sin                  
UNDEFED   __mpu_init                    
20000c30  __stack                       
20000000  __start___llvm_prf_cnts       
20000000  __stop___llvm_prf_cnts        
00005ccf  __time32                      
00005a99  _c_int00_noargs               
00005e88  _ctypes_                      
20001894  _lock                         
000018db  _nop                          
200018b0  _running                      
20001430  _sys_memory                   
UNDEFED   _system_post_cinit            
00005d29  _system_pre_init              
20000c00  _timeout_ticks                
20001898  _unlock                       
00005d2d  abort                         
00004d51  aligned_alloc                 
000057a9  atoi                          
ffffffff  binit                         
20000c04  c                             
000059c1  calloc                        
2000186c  ch                            
00002e19  collision_detection           
00005be5  copysign                      
00005be5  copysignl                     
0000267d  cos                           
0000267d  cosl                          
20001870  count                         
2000183c  currentRadialSize             
000036a5  cyBOT_SERVO_cal               
00003633  cyBOT_Scan                    
000035db  cyBOT_init_Scan               
200018a4  cyBOT_scan_features           
000035cd  cyBOT_scan_version            
20000654  data                          
00002015  detect                        
200007c0  dist                          
20001838  endIndex                      
200018a8  errno                         
20000c08  fallingEdge                   
00004f4d  floor                         
00004f4d  floorl                        
2000185c  found                         
00005045  free                          
00005649  frexp                         
00005649  frexpl                        
20000000  g_pfnRAMVectors               
00000000  g_pfnVectors                  
0000097f  go_charge                     
20000c0c  i                             
20001858  index                         
00004bd7  ir_enableInterrupt            
00004bb9  ir_getDistance                
00004b91  ir_getValue                   
00004b29  ir_init                       
20000c28  isRisingEdge                  
20000c10  isr_int_value                 
20000c14  j                             
00005cbf  lcd_clear                     
00003209  lcd_gotoLine                  
00003071  lcd_init                      
0000326f  lcd_printf                    
00003131  lcd_putc                      
00003169  lcd_puts                      
00003035  lcd_reverseNibble             
00003187  lcd_sendCommand               
000031c5  lcd_sendNibble                
00003231  lcd_setCursorPos              
00004c41  ldexp                         
00004c41  ldexpl                        
20000c18  left_calibration_value        
000023f9  main                          
00005d21  malloc                        
20001868  measure                       
00004d51  memalign                      
00005bc9  memccpy                       
000051db  memcpy                        
00005421  memset                        
20001854  minIndex                      
20001850  minSize                       
20001874  motor_cal_factor_L            
20001878  motor_cal_factor_R            
00002cbd  moveBackward                  
00002c59  moveForward                   
20001860  notFound                      
2000092c  objects                       
0000026d  oi_alloc                      
00000aa9  oi_checkFirmware              
000002c7  oi_close                      
00000279  oi_free                       
00000ded  oi_getMotorCalibrationLeft    
00000e01  oi_getMotorCalibrationRight   
000002b1  oi_init                       
00000289  oi_init_noupdate              
00000915  oi_loadSong                   
00005c2f  oi_parseInt                   
0000032b  oi_parsePacket                
0000096b  oi_play_song                  
0000084b  oi_setLeds                    
00000db1  oi_setMotorCalibration        
0000088f  oi_setWheels                  
00000b51  oi_shutoff_init               
0000098d  oi_uartInit                   
00000a31  oi_uartReceive                
00000a77  oi_uartSendBuff               
00000a15  oi_uartSendChar               
00000a59  oi_uartSendStr                
000002d9  oi_update                     
20001848  otherAngle                    
20000bf8  parmbuf                       
00003dcf  ping_getDistance              
00003c8d  ping_init                     
00003d13  ping_trigger                  
20000c1c  pulseLength                   
20001840  radialAngle                   
00005acd  rand                          
20000c20  right_calibration_value       
20000c24  risingEdge                    
00004c41  scalbn                        
00004c41  scalbnl                       
000044e1  servo_init                    
00004571  servo_move                    
000045d1  servo_setPWM                  
00004565  servo_stop                    
000058c9  sprintf                       
00004639  sqrt                          
00004639  sqrtl                         
00005b89  srand                         
20001834  startIndex                    
2000026c  str                           
00005c5f  strchr                        
00005c47  strcmp                        
00005c75  strcpy                        
00005c89  strlen                        
2000186d  swap                          
00005ccf  time                          
0000394b  timer_getMicros               
000038f3  timer_getMillis               
0000382d  timer_init                    
000038cf  timer_pause                   
000038e1  timer_resume                  
000038a5  timer_stop                    
000039a5  timer_waitMicros              
000039d7  timer_waitMillis              
20001864  total                         
00002dab  turnLeft                      
00002d35  turnRight                     
20000c29  uart_data                     
00003a75  uart_init                     
00003bbf  uart_interrupt_handler        
00003b9f  uart_interrupt_init           
00003b4f  uart_receive                  
00003b33  uart_sendChar                 
00003b75  uart_sendStr                  
00005909  vsnprintf                     
00005c9d  wcslen                        


GLOBAL SYMBOLS: SORTED BY Symbol Address 

address   name                          
-------   ----                          
00000000  __TI_static_base__            
00000000  g_pfnVectors                  
0000026d  oi_alloc                      
00000279  oi_free                       
00000289  oi_init_noupdate              
000002b1  oi_init                       
000002c7  oi_close                      
000002d9  oi_update                     
0000032b  oi_parsePacket                
00000400  __SYSMEM_SIZE                 
00000800  __STACK_SIZE                  
0000084b  oi_setLeds                    
0000088f  oi_setWheels                  
00000915  oi_loadSong                   
0000096b  oi_play_song                  
0000097f  go_charge                     
0000098d  oi_uartInit                   
00000a15  oi_uartSendChar               
00000a31  oi_uartReceive                
00000a59  oi_uartSendStr                
00000a77  oi_uartSendBuff               
00000aa9  oi_checkFirmware              
00000b51  oi_shutoff_init               
00000bc3  GPIOF_Handler                 
00000db1  oi_setMotorCalibration        
00000ded  oi_getMotorCalibrationLeft    
00000e01  oi_getMotorCalibrationRight   
00000e8d  __TI_printfi                  
000018db  _nop                          
000018dd  __kernel_rem_pio2             
00002015  detect                        
000023f9  main                          
0000267d  cos                           
0000267d  cosl                          
00002c59  moveForward                   
00002cbd  moveBackward                  
00002d35  turnRight                     
00002dab  turnLeft                      
00002e19  collision_detection           
00003035  lcd_reverseNibble             
00003071  lcd_init                      
00003131  lcd_putc                      
00003169  lcd_puts                      
00003187  lcd_sendCommand               
000031c5  lcd_sendNibble                
00003209  lcd_gotoLine                  
00003231  lcd_setCursorPos              
0000326f  lcd_printf                    
000035cd  cyBOT_scan_version            
000035db  cyBOT_init_Scan               
00003633  cyBOT_Scan                    
000036a5  cyBOT_SERVO_cal               
0000382d  timer_init                    
000038a5  timer_stop                    
000038cf  timer_pause                   
000038e1  timer_resume                  
000038f3  timer_getMillis               
0000394b  timer_getMicros               
000039a5  timer_waitMicros              
000039d7  timer_waitMillis              
00003a75  uart_init                     
00003b33  uart_sendChar                 
00003b4f  uart_receive                  
00003b75  uart_sendStr                  
00003b9f  uart_interrupt_init           
00003bbf  uart_interrupt_handler        
00003c8d  ping_init                     
00003d13  ping_trigger                  
00003d7d  TIMER3B_Handler               
00003dcf  ping_getDistance              
00004049  __aeabi_dsub                  
00004053  __aeabi_dadd                  
000041ff  __aeabi_idiv0                 
000041ff  __aeabi_ldiv0                 
00004201  __kernel_sin                  
00004375  __kernel_cos                  
000044e1  servo_init                    
00004565  servo_stop                    
00004571  servo_move                    
000045d1  servo_setPWM                  
00004639  sqrt                          
00004639  sqrtl                         
000048cd  __aeabi_ddiv                  
00004b29  ir_init                       
00004b91  ir_getValue                   
00004bb9  ir_getDistance                
00004bc1  ADC0SS0_Handler               
00004bd7  ir_enableInterrupt            
00004c41  ldexp                         
00004c41  ldexpl                        
00004c41  scalbn                        
00004c41  scalbnl                       
00004d51  aligned_alloc                 
00004d51  memalign                      
00004e51  __aeabi_dmul                  
00004f4d  floor                         
00004f4d  floorl                        
00005045  free                          
000051db  __aeabi_memcpy                
000051db  __aeabi_memcpy4               
000051db  __aeabi_memcpy8               
000051db  memcpy                        
00005277  __aeabi_uldivmod              
0000530d  __aeabi_cdcmpeq               
0000530d  __aeabi_cdcmple               
00005393  __aeabi_cdrcmple              
00005419  __aeabi_memclr                
00005419  __aeabi_memclr4               
00005419  __aeabi_memclr8               
0000541b  __aeabi_memset                
0000541b  __aeabi_memset4               
0000541b  __aeabi_memset8               
00005421  memset                        
00005573  __aeabi_d2f                   
000055e1  __TI_decompress_lzss          
00005649  frexp                         
00005649  frexpl                        
00005703  __TI_ltoa                     
000057a9  atoi                          
000057f5  HOSTtime                      
0000583d  __aeabi_d2iz                  
00005885  __TI_auto_init_nobinit_nopinit
000058c9  sprintf                       
00005909  vsnprintf                     
00005989  __TI_writemsg                 
000059b7  C$$IO$$                       
000059c1  calloc                        
000059f9  __aeabi_f2d                   
00005a31  IntRegister                   
00005a65  __TI_readmsg                  
00005a99  _c_int00_noargs               
00005acd  rand                          
00005b31  __aeabi_i2d                   
00005b89  srand                         
00005bc9  memccpy                       
00005be5  copysign                      
00005be5  copysignl                     
00005c2f  oi_parseInt                   
00005c47  strcmp                        
00005c5f  strchr                        
00005c75  strcpy                        
00005c89  strlen                        
00005c9d  wcslen                        
00005caf  IntMasterEnable               
00005cbf  lcd_clear                     
00005ccf  __time32                      
00005ccf  time                          
00005cdd  __TI_decompress_none          
00005ceb  CPUcpsie                      
00005cf7  __TI_zero_init                
00005d03  ResetISR                      
00005d19  __aeabi_errno_addr            
00005d21  malloc                        
00005d29  _system_pre_init              
00005d2d  C$$EXIT                       
00005d2d  abort                         
00005e88  _ctypes_                      
00005fcc  __TI_Handler_Table_Base       
00005fd8  __TI_Handler_Table_Limit      
00005fe8  __TI_CINIT_Base               
00006000  __TI_CINIT_Limit              
20000000  __start___llvm_prf_cnts       
20000000  __stop___llvm_prf_cnts        
20000000  g_pfnRAMVectors               
2000026c  str                           
20000654  data                          
200007c0  dist                          
2000092c  objects                       
20000a6c  __CIOBUF_                     
20000bf8  parmbuf                       
20000c00  _timeout_ticks                
20000c04  c                             
20000c08  fallingEdge                   
20000c0c  i                             
20000c10  isr_int_value                 
20000c14  j                             
20000c18  left_calibration_value        
20000c1c  pulseLength                   
20000c20  right_calibration_value       
20000c24  risingEdge                    
20000c28  isRisingEdge                  
20000c29  uart_data                     
20000c30  __stack                       
20000e30  __STACK_TOP                   
20001430  __STACK_END                   
20001430  _sys_memory                   
20001830  IR_dist                       
20001834  startIndex                    
20001838  endIndex                      
2000183c  currentRadialSize             
20001840  radialAngle                   
20001848  otherAngle                    
20001850  minSize                       
20001854  minIndex                      
20001858  index                         
2000185c  found                         
20001860  notFound                      
20001864  total                         
20001868  measure                       
2000186c  ch                            
2000186d  swap                          
20001870  count                         
20001874  motor_cal_factor_L            
20001878  motor_cal_factor_R            
20001894  _lock                         
20001898  _unlock                       
200018a4  cyBOT_scan_features           
200018a8  errno                         
200018b0  _running                      
ffffffff  __TI_pprof_out_hndl           
ffffffff  __TI_prof_data_size           
ffffffff  __TI_prof_data_start          
ffffffff  __binit__                     
ffffffff  __c_args__                    
ffffffff  binit                         
UNDEFED   __mpu_init                    
UNDEFED   _system_post_cinit            

[217 symbols]
