******************************************************************************
                  TI ARM Linker PC v20.2.4                     
******************************************************************************
>> Linked Mon Jul  4 15:39:15 2022

OUTPUT FILE NAME:   <lab_6_7.out>
ENTRY POINT SYMBOL: "_c_int00_noargs"  address: 00005775


MEMORY CONFIGURATION

         name            origin    length      used     unused   attr    fill
----------------------  --------  ---------  --------  --------  ----  --------
  FLASH                 00000000   00040000  00005b5c  0003a4a4  R  X
  SRAM                  20000000   00008000  0000138e  00006c72  RW X


SEGMENT ALLOCATION MAP

run origin  load origin   length   init length attrs members
----------  ----------- ---------- ----------- ----- -------
00000000    00000000    00005b60   00005b60    r-x
  00000000    00000000    0000026c   0000026c    r-- .intvecs
  0000026c    0000026c    0000573c   0000573c    r-x .text
  000059a8    000059a8    0000014c   0000014c    r-- .const
  00005af8    00005af8    00000068   00000068    r-- .cinit
20000000    20000000    00001398   00000000    rw-
  20000000    20000000    0000026c   00000000    rw- .vtable
  20000270    20000270    00000800   00000000    rw- .stack
  20000a70    20000a70    0000046a   00000000    rw- .bss
  20000ee0    20000ee0    00000400   00000000    rw- .sysmem
  200012e0    200012e0    000000b8   00000000    rw- .data


SECTION ALLOCATION MAP

 output                                  attributes/
section   page    origin      length       input sections
--------  ----  ----------  ----------   ----------------
.intvecs   0    00000000    0000026c     
                  00000000    0000026c     tm4c123gh6pm_startup_ccs.obj (.intvecs)

.text      0    0000026c    0000573c     
                  0000026c    00000c14     open_interface.obj (.text)
                  00000e80    00000a4e     rtsv7M4_T_le_v4SPD16_eabi.lib : _printfi.c.obj (.text:__TI_printfi)
                  000018ce    00000002                                   : _lock.c.obj (.text:_nop)
                  000018d0    00000a04     Lab6_template_extra_help.obj (.text)
                  000022d4    000009c0     rtsv7M4_T_le_v4SPD16_eabi.lib : e_pow.c.obj (.text:pow)
                  00002c94    000005e4     movement.obj (.text)
                  00003278    00000328     lcd.obj (.text)
                  000035a0    000002b0     ping.obj (.text)
                  00003850    00000270     rtsv7M4_T_le_v4SPD16_eabi.lib : _printfi.c.obj (.text:_pconv_a)
                  00003ac0    00000248     Timer.obj (.text)
                  00003d08    00000218     uart_extra_help.obj (.text)
                  00003f20    000001d0     rtsv7M4_T_le_v4SPD16_eabi.lib : _printfi.c.obj (.text:_pconv_g)
                  000040f0    000001b6                                   : fd_add_t2.asm.obj (.text)
                  000042a6    00000002                                   : div0.asm.obj (.text)
                  000042a8    00000158                                   : e_sqrt.c.obj (.text:sqrt)
                  00004400    0000013c                                   : _printfi.c.obj (.text:_pconv_e)
                  0000453c    00000136                                   : fd_div_t2.asm.obj (.text)
                  00004672    00000002     --HOLE-- [fill = 0]
                  00004674    00000134     servo.obj (.text)
                  000047a8    00000124     rtsv7M4_T_le_v4SPD16_eabi.lib : _printfi.c.obj (.text:fcvt)
                  000048cc    00000110                                   : s_scalbn.c.obj (.text:scalbn)
                  000049dc    00000100                                   : memory.c.obj (.text:aligned_alloc)
                  00004adc    00000100     button.obj (.text)
                  00004bdc    000000fc     adc.obj (.text)
                  00004cd8    000000fc     rtsv7M4_T_le_v4SPD16_eabi.lib : fd_mul_t2.asm.obj (.text)
                  00004dd4    000000e4                                   : memory.c.obj (.text:free)
                  00004eb8    000000b1                                   : _printfi.c.obj (.text:_ltostr)
                  00004f69    00000001     --HOLE-- [fill = 0]
                  00004f6a    0000009c                                   : memcpy_t2.asm.obj (.text)
                  00005006    00000096                                   : ull_div_t2.asm.obj (.text)
                  0000509c    00000086                                   : fd_cmp_t2.asm.obj (.text:__aeabi_cdcmple)
                  00005122    00000086                                   : fd_cmp_t2.asm.obj (.text:__aeabi_cdrcmple)
                  000051a8    0000007a                                   : memset_t2.asm.obj (.text)
                  00005222    00000002     --HOLE-- [fill = 0]
                  00005224    00000070                                   : memory.c.obj (.text:split)
                  00005294    0000006e                                   : _printfi.c.obj (.text:_mcpy)
                  00005302    0000006e                                   : fd_tos_t2.asm.obj (.text)
                  00005370    00000068                                   : copy_decompress_lzss.c.obj (.text:decompress:lzss:__TI_decompress_lzss)
                  000053d8    00000064                                   : s_frexp.c.obj (.text:frexp)
                  0000543c    00000056                                   : _printfi.c.obj (.text:_pconv_f)
                  00005492    00000054                                   : _ltoa.c.obj (.text:__TI_ltoa)
                  000054e6    00000052                                   : _printfi.c.obj (.text:_ecpy)
                  00005538    0000004c                                   : atoi.c.obj (.text:atoi)
                  00005584    00000048                                   : fd_toi_t2.asm.obj (.text)
                  000055cc    00000044                                   : autoinit.c.obj (.text:__TI_auto_init_nobinit_nopinit:__TI_auto_init_nobinit_nopinit)
                  00005610    00000040                                   : sprintf.c.obj (.text:sprintf)
                  00005650    00000040                                   : vsnprintf.c.obj (.text:vsnprintf)
                  00005690    0000003e                                   : _printfi.c.obj (.text:_fcpy)
                  000056ce    00000002     --HOLE-- [fill = 0]
                  000056d0    00000038                                   : memory.c.obj (.text:calloc)
                  00005708    00000038                                   : fs_tod_t2.asm.obj (.text)
                  00005740    00000034     driverlib.lib : interrupt.obj (.text:IntRegister)
                  00005774    00000034     rtsv7M4_T_le_v4SPD16_eabi.lib : boot_cortex_m.c.obj (.text:_c_int00_noargs:_c_int00_noargs)
                  000057a8    00000030                                   : vsnprintf.c.obj (.text:_outs)
                  000057d8    0000002e                                   : i_tofd_t2.asm.obj (.text)
                  00005806    00000002     --HOLE-- [fill = 0]
                  00005808    00000028                                   : memory.c.obj (.text:free_list_insert)
                  00005830    0000001c                                   : memory.c.obj (.text:free_list_remove)
                  0000584c    0000001c                                   : memccpy.c.obj (.text:memccpy)
                  00005868    0000001a                                   : s_copysign.c.obj (.text:copysign)
                  00005882    00000018                                   : vsnprintf.c.obj (.text:_outc)
                  0000589a    00000018                                   : sprintf.c.obj (.text:_outs)
                  000058b2    00000018     open_interface.obj (.text:oi_parseInt)
                  000058ca    00000018     rtsv7M4_T_le_v4SPD16_eabi.lib : strcmp.c.obj (.text:strcmp)
                  000058e2    00000016                                   : strchr.c.obj (.text:strchr)
                  000058f8    00000014                                   : strcpy.c.obj (.text:strcpy)
                  0000590c    00000014                                   : strlen.c.obj (.text:strlen)
                  00005920    00000012                                   : wcslen.c.obj (.text:wcslen)
                  00005932    00000010     driverlib.lib : interrupt.obj (.text:IntMasterEnable)
                  00005942    00000010     lcd.obj (.text:lcd_clear)
                  00005952    0000000e     rtsv7M4_T_le_v4SPD16_eabi.lib : copy_decompress_none.c.obj (.text:decompress:none:__TI_decompress_none)
                  00005960    0000000c     driverlib.lib : cpu.obj (.text:CPUcpsie)
                  0000596c    0000000c     rtsv7M4_T_le_v4SPD16_eabi.lib : copy_zero_init.c.obj (.text:decompress:ZI:__TI_zero_init)
                  00005978    0000000c     tm4c123gh6pm_startup_ccs.obj (.text)
                  00005984    0000000a     rtsv7M4_T_le_v4SPD16_eabi.lib : sprintf.c.obj (.text:_outc)
                  0000598e    00000002     --HOLE-- [fill = 0]
                  00005990    00000008                                   : errno.c.obj (.text:__aeabi_errno_addr)
                  00005998    00000008                                   : memory.c.obj (.text:malloc)
                  000059a0    00000004                                   : pre_init.c.obj (.text:_system_pre_init)
                  000059a4    00000004                                   : exit.c.obj (.text:abort:abort)

.const     0    000059a8    0000014c     
                  000059a8    00000101     rtsv7M4_T_le_v4SPD16_eabi.lib : ctype.c.obj (.const:.string:_ctypes_)
                  00005aa9    00000004     lcd.obj (.const:.string:lineAddress$1)
                  00005aad    00000001     movement.obj (.const:.string:$P$T0$1)
                  00005aae    00000001     movement.obj (.const:.string:$P$T1$2)
                  00005aaf    00000001     movement.obj (.const:.string:$P$T2$3)
                  00005ab0    00000030     rtsv7M4_T_le_v4SPD16_eabi.lib : e_pow.c.obj (.const:$O1$$)
                  00005ae0    0000000f     open_interface.obj (.const:.string:$P$T0$3)
                  00005aef    00000004     lcd.obj (.const:.string:lineAddresses$2)
                  00005af3    00000001     movement.obj (.const:.string:$P$T3$4)

.cinit     0    00005af8    00000068     
                  00005af8    00000030     (.cinit..data.load) [load image, compression = lzss]
                  00005b28    0000000c     (__TI_handler_table)
                  00005b34    00000004     --HOLE-- [fill = 0]
                  00005b38    00000008     (.cinit..bss.load) [load image, compression = zero_init]
                  00005b40    00000008     (.cinit..vtable.load) [load image, compression = zero_init]
                  00005b48    00000018     (__TI_cinit_table)

.init_array 
*          0    00000000    00000000     UNINITIALIZED

.vtable    0    20000000    0000026c     UNINITIALIZED
                  20000000    0000026c     driverlib.lib : interrupt.obj (.vtable)

.stack     0    20000270    00000800     UNINITIALIZED
                  20000270    00000004     rtsv7M4_T_le_v4SPD16_eabi.lib : boot_cortex_m.c.obj (.stack)
                  20000274    000007fc     --HOLE--

.bss       0    20000a70    0000046a     UNINITIALIZED
                  20000a70    000003e8     (.common:str4)
                  20000e58    00000054     lcd.obj (.bss:lastbuffer$3)
                  20000eac    00000018     open_interface.obj (.bss:firmware$2)
                  20000ec4    00000004     (.common:_timeout_ticks)
                  20000ec8    00000004     (.common:clockCyclePeriod)
                  20000ecc    00000004     (.common:i)
                  20000ed0    00000004     (.common:min)
                  20000ed4    00000004     (.common:q)
                  20000ed8    00000001     (.common:select)
                  20000ed9    00000001     (.common:uart_data)

.sysmem    0    20000ee0    00000400     UNINITIALIZED
                  20000ee0    00000010     rtsv7M4_T_le_v4SPD16_eabi.lib : memory.c.obj (.sysmem)
                  20000ef0    000003f0     --HOLE--

.data      0    200012e0    000000b8     UNINITIALIZED
                  200012e0    00000054     Lab6_template_extra_help.obj (.data)
                  20001334    00000020     open_interface.obj (.data)
                  20001354    00000018     ping.obj (.data)
                  2000136c    00000009     button.obj (.data)
                  20001375    00000001     Timer.obj (.data)
                  20001376    00000002     --HOLE--
                  20001378    00000008     rtsv7M4_T_le_v4SPD16_eabi.lib : _lock.c.obj (.data:$O1$$)
                  20001380    00000008                                   : memory.c.obj (.data:$O1$$)
                  20001388    00000008     movement.obj (.data)
                  20001390    00000004     rtsv7M4_T_le_v4SPD16_eabi.lib : errno.c.obj (.data)
                  20001394    00000004     servo.obj (.data)

__llvm_prf_cnts 
*          0    20000000    00000000     UNINITIALIZED

MODULE SUMMARY

       Module                         code    ro data   rw data
       ------                         ----    -------   -------
    .\
       Lab6_template_extra_help.obj   2564    0         1098   
       open_interface.obj             3116    15        56     
       movement.obj                   1508    4         8      
       lcd.obj                        824     8         84     
       ping.obj                       688     0         28     
       tm4c123gh6pm_startup_ccs.obj   12      620       0      
       Timer.obj                      584     0         5      
       uart_extra_help.obj            536     0         0      
       servo.obj                      308     0         4      
       button.obj                     256     0         9      
       adc.obj                        252     0         0      
    +--+------------------------------+-------+---------+---------+
       Total:                         10648   647       1292   
                                                               
    C:/ti/TivaWare_C_Series-2.1.4.178/driverlib/ccs/Debug/driverlib.lib
       interrupt.obj                  68      0         620    
       cpu.obj                        12      0         0      
    +--+------------------------------+-------+---------+---------+
       Total:                         80      0         620    
                                                               
    C:\ti\ccs1031\ccs\tools\compiler\ti-cgt-arm_20.2.4.LTS\lib\rtsv7M4_T_le_v4SPD16_eabi.lib
       _printfi.c.obj                 4851    0         0      
       e_pow.c.obj                    2496    48        0      
       memory.c.obj                   728     0         8      
       fd_add_t2.asm.obj              438     0         0      
       e_sqrt.c.obj                   344     0         0      
       fd_div_t2.asm.obj              310     0         0      
       s_scalbn.c.obj                 272     0         0      
       fd_cmp_t2.asm.obj              268     0         0      
       ctype.c.obj                    0       257       0      
       fd_mul_t2.asm.obj              252     0         0      
       memcpy_t2.asm.obj              156     0         0      
       ull_div_t2.asm.obj             150     0         0      
       vsnprintf.c.obj                136     0         0      
       memset_t2.asm.obj              122     0         0      
       fd_tos_t2.asm.obj              110     0         0      
       copy_decompress_lzss.c.obj     104     0         0      
       s_frexp.c.obj                  100     0         0      
       sprintf.c.obj                  98      0         0      
       _ltoa.c.obj                    84      0         0      
       atoi.c.obj                     76      0         0      
       fd_toi_t2.asm.obj              72      0         0      
       autoinit.c.obj                 68      0         0      
       fs_tod_t2.asm.obj              56      0         0      
       boot_cortex_m.c.obj            52      0         0      
       i_tofd_t2.asm.obj              46      0         0      
       memccpy.c.obj                  28      0         0      
       s_copysign.c.obj               26      0         0      
       strcmp.c.obj                   24      0         0      
       strchr.c.obj                   22      0         0      
       strcpy.c.obj                   20      0         0      
       strlen.c.obj                   20      0         0      
       wcslen.c.obj                   18      0         0      
       copy_decompress_none.c.obj     14      0         0      
       copy_zero_init.c.obj           12      0         0      
       errno.c.obj                    8       0         4      
       _lock.c.obj                    2       0         8      
       exit.c.obj                     4       0         0      
       pre_init.c.obj                 4       0         0      
       div0.asm.obj                   2       0         0      
    +--+------------------------------+-------+---------+---------+
       Total:                         11593   305       20     
                                                               
       Heap:                          0       0         1024   
       Stack:                         0       0         2048   
       Linker Generated:              0       100       0      
    +--+------------------------------+-------+---------+---------+
       Grand Total:                   22321   1052      5004   


LINKER GENERATED COPY TABLES

__TI_cinit_table @ 00005b48 records: 3, size/record: 8, table size: 24
	.data: load addr=00005af8, load size=00000030 bytes, run addr=200012e0, run size=000000b8 bytes, compression=lzss
	.bss: load addr=00005b38, load size=00000008 bytes, run addr=20000a70, run size=0000046a bytes, compression=zero_init
	.vtable: load addr=00005b40, load size=00000008 bytes, run addr=20000000, run size=0000026c bytes, compression=zero_init


LINKER GENERATED HANDLER TABLE

__TI_handler_table @ 00005b28 records: 3, size/record: 4, table size: 12
	index: 0, handler: __TI_zero_init
	index: 1, handler: __TI_decompress_lzss
	index: 2, handler: __TI_decompress_none


GLOBAL SYMBOLS: SORTED ALPHABETICALLY BY Name 

address   name                          
-------   ----                          
000059a5  C$$EXIT                       
00005961  CPUcpsie                      
00000bb5  GPIOF_Handler                 
00002e5b  GradualturnLeft               
00002d71  GradualturnRight              
200012e0  IR_dist                       
00005933  IntMasterEnable               
00005741  IntRegister                   
00005979  ResetISR                      
20000a70  __STACK_END                   
00000800  __STACK_SIZE                  
20000470  __STACK_TOP                   
00000400  __SYSMEM_SIZE                 
00005b48  __TI_CINIT_Base               
00005b60  __TI_CINIT_Limit              
00005b28  __TI_Handler_Table_Base       
00005b34  __TI_Handler_Table_Limit      
000055cd  __TI_auto_init_nobinit_nopinit
00005371  __TI_decompress_lzss          
00005953  __TI_decompress_none          
00005493  __TI_ltoa                     
ffffffff  __TI_pprof_out_hndl           
00000e81  __TI_printfi                  
ffffffff  __TI_prof_data_size           
ffffffff  __TI_prof_data_start          
00000000  __TI_static_base__            
0000596d  __TI_zero_init                
0000509d  __aeabi_cdcmpeq               
0000509d  __aeabi_cdcmple               
00005123  __aeabi_cdrcmple              
00005303  __aeabi_d2f                   
00005585  __aeabi_d2iz                  
000040fb  __aeabi_dadd                  
0000453d  __aeabi_ddiv                  
00004cd9  __aeabi_dmul                  
000040f1  __aeabi_dsub                  
00005991  __aeabi_errno_addr            
00005709  __aeabi_f2d                   
000057d9  __aeabi_i2d                   
000042a7  __aeabi_idiv0                 
000042a7  __aeabi_ldiv0                 
000051a9  __aeabi_memclr                
000051a9  __aeabi_memclr4               
000051a9  __aeabi_memclr8               
00004f6b  __aeabi_memcpy                
00004f6b  __aeabi_memcpy4               
00004f6b  __aeabi_memcpy8               
000051ab  __aeabi_memset                
000051ab  __aeabi_memset4               
000051ab  __aeabi_memset8               
00005007  __aeabi_uldivmod              
ffffffff  __binit__                     
ffffffff  __c_args__                    
UNDEFED   __mpu_init                    
20000270  __stack                       
20000000  __start___llvm_prf_cnts       
20000000  __stop___llvm_prf_cnts        
00005775  _c_int00_noargs               
000059a8  _ctypes_                      
20001378  _lock                         
000018cf  _nop                          
20001375  _running                      
20000ee0  _sys_memory                   
UNDEFED   _system_post_cinit            
000059a1  _system_pre_init              
20000ec4  _timeout_ticks                
2000137c  _unlock                       
000059a5  abort                         
00004bdd  adc_init                      
00004c61  adc_read                      
000049dd  aligned_alloc                 
00005539  atoi                          
ffffffff  binit                         
20001328  button                        
2000136c  button_event                  
00004b73  button_getButton              
00004add  button_init                   
20001370  button_num                    
2000138c  button_number                 
000056d1  calloc                        
2000131c  ch                            
2000135c  clockCycleCount               
20000ec8  clockCyclePeriod              
0000312b  collision_detection           
00005869  copysign                      
00005869  copysignl                     
20001320  count                         
200012ec  currentRadialSize             
000018d1  detect                        
20001360  edge                          
200012e8  endIndex                      
20001358  endPeriod                     
20001390  errno                         
2000130c  found                         
00004dd5  free                          
000053d9  frexp                         
000053d9  frexpl                        
20000000  g_pfnRAMVectors               
00000000  g_pfnVectors                  
00004b5b  gpioe_handler                 
20000ecc  i                             
20001308  index                         
00004b17  init_button_interrupts        
20001364  interrupt_control             
00005943  lcd_clear                     
0000344d  lcd_gotoLine                  
000032b5  lcd_init                      
000034b3  lcd_printf                    
00003375  lcd_putc                      
000033ad  lcd_puts                      
00003279  lcd_reverseNibble             
000033cb  lcd_sendCommand               
00003409  lcd_sendNibble                
00003475  lcd_setCursorPos              
000048cd  ldexp                         
000048cd  ldexpl                        
0000303d  load_songs                    
000021d5  main                          
00005999  malloc                        
20001318  measure                       
000049dd  memalign                      
0000584d  memccpy                       
00004f6b  memcpy                        
000051b1  memset                        
20000ed0  min                           
20001304  minIndex                      
20001300  minSize                       
20001334  motor_cal_factor_L            
20001338  motor_cal_factor_R            
00002cf9  moveBackward                  
00002c95  moveForward                   
20001310  notFound                      
0000026d  oi_alloc                      
00000a9b  oi_checkFirmware              
000002c7  oi_close                      
00000279  oi_free                       
00000de1  oi_getMotorCalibrationLeft    
00000df5  oi_getMotorCalibrationRight   
000002b1  oi_init                       
00000289  oi_init_noupdate              
00000915  oi_loadSong                   
000058b3  oi_parseInt                   
0000032b  oi_parsePacket                
0000096b  oi_play_song                  
0000084b  oi_setLeds                    
00000da5  oi_setMotorCalibration        
0000088f  oi_setWheels                  
00000b43  oi_shutoff_init               
0000097f  oi_uartInit                   
00000a23  oi_uartReceive                
00000a69  oi_uartSendBuff               
00000a07  oi_uartSendChar               
00000a4b  oi_uartSendStr                
000002d9  oi_update                     
200012f8  otherAngle                    
20001368  overflow                      
00001c8d  park                          
2000132c  parked                        
20001324  parkingCount                  
20001394  period                        
00003685  ping_activate                 
000035a1  ping_initialize               
00003739  ping_read                     
000022d5  pow                           
000022d5  powl                          
20000ed4  q                             
200012f0  radialAngle                   
0000194d  recall                        
000048cd  scalbn                        
000048cd  scalbnl                       
20001330  scan                          
20000ed8  select                        
00004765  servo_calibrate               
00004675  servo_init                    
00004719  servo_move                    
00005611  sprintf                       
000042a9  sqrt                          
000042a9  sqrtl                         
200012e4  startIndex                    
20001354  startPeriod                   
20001388  stop                          
20000a70  str4                          
000058e3  strchr                        
000058cb  strcmp                        
000058f9  strcpy                        
0000590d  strlen                        
2000131d  swap                          
00003bdf  timer_getMicros               
00003b87  timer_getMillis               
000036fd  timer_handler                 
00003ac1  timer_init                    
00003b63  timer_pause                   
00003b75  timer_resume                  
00003b39  timer_stop                    
00003c39  timer_waitMicros              
00003c6b  timer_waitMillis              
20001314  total                         
00002fcb  turnLeft                      
00002f55  turnRight                     
20000ed9  uart_data                     
00003d09  uart_init                     
00003e53  uart_interrupt_handler        
00003e33  uart_interrupt_init           
00003de3  uart_receive                  
00003dc7  uart_sendChar                 
00003e09  uart_sendStr                  
00005651  vsnprintf                     
00005921  wcslen                        


GLOBAL SYMBOLS: SORTED BY Symbol Address 

address   name                          
-------   ----                          
00000000  __TI_static_base__            
00000000  g_pfnVectors                  
0000026d  oi_alloc                      
00000279  oi_free                       
00000289  oi_init_noupdate              
000002b1  oi_init                       
000002c7  oi_close                      
000002d9  oi_update                     
0000032b  oi_parsePacket                
00000400  __SYSMEM_SIZE                 
00000800  __STACK_SIZE                  
0000084b  oi_setLeds                    
0000088f  oi_setWheels                  
00000915  oi_loadSong                   
0000096b  oi_play_song                  
0000097f  oi_uartInit                   
00000a07  oi_uartSendChar               
00000a23  oi_uartReceive                
00000a4b  oi_uartSendStr                
00000a69  oi_uartSendBuff               
00000a9b  oi_checkFirmware              
00000b43  oi_shutoff_init               
00000bb5  GPIOF_Handler                 
00000da5  oi_setMotorCalibration        
00000de1  oi_getMotorCalibrationLeft    
00000df5  oi_getMotorCalibrationRight   
00000e81  __TI_printfi                  
000018cf  _nop                          
000018d1  detect                        
0000194d  recall                        
00001c8d  park                          
000021d5  main                          
000022d5  pow                           
000022d5  powl                          
00002c95  moveForward                   
00002cf9  moveBackward                  
00002d71  GradualturnRight              
00002e5b  GradualturnLeft               
00002f55  turnRight                     
00002fcb  turnLeft                      
0000303d  load_songs                    
0000312b  collision_detection           
00003279  lcd_reverseNibble             
000032b5  lcd_init                      
00003375  lcd_putc                      
000033ad  lcd_puts                      
000033cb  lcd_sendCommand               
00003409  lcd_sendNibble                
0000344d  lcd_gotoLine                  
00003475  lcd_setCursorPos              
000034b3  lcd_printf                    
000035a1  ping_initialize               
00003685  ping_activate                 
000036fd  timer_handler                 
00003739  ping_read                     
00003ac1  timer_init                    
00003b39  timer_stop                    
00003b63  timer_pause                   
00003b75  timer_resume                  
00003b87  timer_getMillis               
00003bdf  timer_getMicros               
00003c39  timer_waitMicros              
00003c6b  timer_waitMillis              
00003d09  uart_init                     
00003dc7  uart_sendChar                 
00003de3  uart_receive                  
00003e09  uart_sendStr                  
00003e33  uart_interrupt_init           
00003e53  uart_interrupt_handler        
000040f1  __aeabi_dsub                  
000040fb  __aeabi_dadd                  
000042a7  __aeabi_idiv0                 
000042a7  __aeabi_ldiv0                 
000042a9  sqrt                          
000042a9  sqrtl                         
0000453d  __aeabi_ddiv                  
00004675  servo_init                    
00004719  servo_move                    
00004765  servo_calibrate               
000048cd  ldexp                         
000048cd  ldexpl                        
000048cd  scalbn                        
000048cd  scalbnl                       
000049dd  aligned_alloc                 
000049dd  memalign                      
00004add  button_init                   
00004b17  init_button_interrupts        
00004b5b  gpioe_handler                 
00004b73  button_getButton              
00004bdd  adc_init                      
00004c61  adc_read                      
00004cd9  __aeabi_dmul                  
00004dd5  free                          
00004f6b  __aeabi_memcpy                
00004f6b  __aeabi_memcpy4               
00004f6b  __aeabi_memcpy8               
00004f6b  memcpy                        
00005007  __aeabi_uldivmod              
0000509d  __aeabi_cdcmpeq               
0000509d  __aeabi_cdcmple               
00005123  __aeabi_cdrcmple              
000051a9  __aeabi_memclr                
000051a9  __aeabi_memclr4               
000051a9  __aeabi_memclr8               
000051ab  __aeabi_memset                
000051ab  __aeabi_memset4               
000051ab  __aeabi_memset8               
000051b1  memset                        
00005303  __aeabi_d2f                   
00005371  __TI_decompress_lzss          
000053d9  frexp                         
000053d9  frexpl                        
00005493  __TI_ltoa                     
00005539  atoi                          
00005585  __aeabi_d2iz                  
000055cd  __TI_auto_init_nobinit_nopinit
00005611  sprintf                       
00005651  vsnprintf                     
000056d1  calloc                        
00005709  __aeabi_f2d                   
00005741  IntRegister                   
00005775  _c_int00_noargs               
000057d9  __aeabi_i2d                   
0000584d  memccpy                       
00005869  copysign                      
00005869  copysignl                     
000058b3  oi_parseInt                   
000058cb  strcmp                        
000058e3  strchr                        
000058f9  strcpy                        
0000590d  strlen                        
00005921  wcslen                        
00005933  IntMasterEnable               
00005943  lcd_clear                     
00005953  __TI_decompress_none          
00005961  CPUcpsie                      
0000596d  __TI_zero_init                
00005979  ResetISR                      
00005991  __aeabi_errno_addr            
00005999  malloc                        
000059a1  _system_pre_init              
000059a5  C$$EXIT                       
000059a5  abort                         
000059a8  _ctypes_                      
00005b28  __TI_Handler_Table_Base       
00005b34  __TI_Handler_Table_Limit      
00005b48  __TI_CINIT_Base               
00005b60  __TI_CINIT_Limit              
20000000  __start___llvm_prf_cnts       
20000000  __stop___llvm_prf_cnts        
20000000  g_pfnRAMVectors               
20000270  __stack                       
20000470  __STACK_TOP                   
20000a70  __STACK_END                   
20000a70  str4                          
20000ec4  _timeout_ticks                
20000ec8  clockCyclePeriod              
20000ecc  i                             
20000ed0  min                           
20000ed4  q                             
20000ed8  select                        
20000ed9  uart_data                     
20000ee0  _sys_memory                   
200012e0  IR_dist                       
200012e4  startIndex                    
200012e8  endIndex                      
200012ec  currentRadialSize             
200012f0  radialAngle                   
200012f8  otherAngle                    
20001300  minSize                       
20001304  minIndex                      
20001308  index                         
2000130c  found                         
20001310  notFound                      
20001314  total                         
20001318  measure                       
2000131c  ch                            
2000131d  swap                          
20001320  count                         
20001324  parkingCount                  
20001328  button                        
2000132c  parked                        
20001330  scan                          
20001334  motor_cal_factor_L            
20001338  motor_cal_factor_R            
20001354  startPeriod                   
20001358  endPeriod                     
2000135c  clockCycleCount               
20001360  edge                          
20001364  interrupt_control             
20001368  overflow                      
2000136c  button_event                  
20001370  button_num                    
20001375  _running                      
20001378  _lock                         
2000137c  _unlock                       
20001388  stop                          
2000138c  button_number                 
20001390  errno                         
20001394  period                        
ffffffff  __TI_pprof_out_hndl           
ffffffff  __TI_prof_data_size           
ffffffff  __TI_prof_data_start          
ffffffff  __binit__                     
ffffffff  __c_args__                    
ffffffff  binit                         
UNDEFED   __mpu_init                    
UNDEFED   _system_post_cinit            

[208 symbols]
